06-19 10:19:04.184 12965 12965 F art     : art/runtime/runtime.cc:422]   native: #15 pc 000c60c7  /system/lib/libart.so (_ZN3art8CheckJNI17SetIntArrayRegionEP7_JNIEnvP10_jintArrayiiPKi+26)
06-19 10:19:04.184 12965 12965 F art     : art/runtime/runtime.cc:422]   native: #16 pc 00000a79  /data/app/com.example.myndk-1/lib/arm/libhello-lib.so (Java_com_example_myndk_JNIUtils_operationArray2+172)
06-19 10:19:04.184 12965 12965 F art     : art/runtime/runtime.cc:422]   native: #17 pc 00002e15  /data/app/com.example.myndk-1/oat/arm/base.odex (Java_com_example_myndk_JNIUtils_operationArray2___3I+96)
06-19 10:19:04.184 12965 12965 F art     : art/runtime/runtime.cc:422]   at com.example.myndk.JNIUtils.operationArray2(Native method)
06-19 10:19:04.184 12965 12965 F art     : art/runtime/runtime.cc:422]   at com.example.myndk.MainActivity.onClick(MainActivity.java:43)
06-19 10:19:04.184 12965 12965 F art     : art/runtime/runtime.cc:422]   at java.lang.reflect.Method.invoke!(Native method)
06-19 10:19:04.184 12965 12965 F art     : art/runtime/runtime.cc:422]   at android.view.View$DeclaredOnClickListener.onClick(View.java:4720)
06-19 10:19:04.184 12965 12965 F art     : art/runtime/runtime.cc:422]   at android.view.View.performClick(View.java:5637)
06-19 10:19:04.184 12965 12965 F art     : art/runtime/runtime.cc:422]   at android.view.View$PerformClick.run(View.java:22445)
06-19 10:19:04.184 12965 12965 F art     : art/runtime/runtime.cc:422]   at android.os.Handler.handleCallback(Handler.java:755)
06-19 10:19:04.184 12965 12965 F art     : art/runtime/runtime.cc:422]   at android.os.Handler.dispatchMessage(Handler.java:95)
06-19 10:19:04.184 12965 12965 F art     : art/runtime/runtime.cc:422]   at android.os.Looper.loop(Looper.java:154)
06-19 10:19:04.184 12965 12965 F art     : art/runtime/runtime.cc:422]   at android.app.ActivityThread.main(ActivityThread.java:6121)
06-19 10:19:04.184 12965 12965 F art     : art/runtime/runtime.cc:422]   at java.lang.reflect.Method.invoke!(Native method)
06-19 10:19:04.184 12965 12965 F art     : art/runtime/runtime.cc:422]   at com.android.internal.os.ZygoteInit$MethodAndArgsCaller.run(ZygoteInit.java:912)
06-19 10:19:04.184 12965 12965 F art     : art/runtime/runtime.cc:422]   at com.android.internal.os.ZygoteInit.main(ZygoteInit.java:802)
06-19 10:19:04.184 12965 12965 F art     : art/runtime/runtime.cc:422] 
06-19 10:19:04.184 12965 12965 F art     : art/runtime/runtime.cc:422] "Jit thread pool worker thread 0" prio=10 tid=2 Native
06-19 10:19:04.184 12965 12965 F art     : art/runtime/runtime.cc:422]   | group="" sCount=1 dsCount=0 obj=0x12c17ee0 self=0xe958c000
06-19 10:19:04.184 12965 12965 F art     : art/runtime/runtime.cc:422]   | sysTid=12970 nice=9 cgrp=default sched=0/0 handle=0xf1ba6920
06-19 10:19:04.184 12965 12965 F art     : art/runtime/runtime.cc:422]   | state=S schedstat=( 2422584 0 2 ) utm=0 stm=0 core=2 HZ=100
06-19 10:19:04.184 12965 12965 F art     : art/runtime/runtime.cc:422]   | stack=0xf1aa8000-0xf1aaa000 stackSize=1022KB
06-19 10:19:04.184 12965 12965 F art     : art/runtime/runtime.cc:422]   | held mutexes=
06-19 10:19:04.184 12965 12965 F art     : art/runtime/runtime.cc:422]   kernel: __switch_to+0x9c/0xa8
06-19 10:19:04.184 12965 12965 F art     : art/runtime/runtime.cc:422]   kernel: futex_wait_queue_me+0xcc/0x130
06-19 10:19:04.184 12965 12965 F art     : art/runtime/runtime.cc:422]   kernel: futex_wait+0xe8/0x1ec
06-19 10:19:04.184 12965 12965 F art     : art/runtime/runtime.cc:422]   kernel: do_futex+0xdc/0x4e0
06-19 10:19:04.184 12965 12965 F art     : art/runtime/runtime.cc:422]   kernel: compat_SyS_futex+0xdc/0x168
06-19 10:19:04.184 12965 12965 F art     : art/runtime/runtime.cc:422]   kernel: el0_svc_naked+0x24/0x28
06-19 10:19:04.184 12965 12965 F art     : art/runtime/runtime.cc:422]   native: #00 pc 00017404  /system/lib/libc.so (syscall+28)
06-19 10:19:04.184 12965 12965 F art     : art/runtime/runtime.cc:422]   native: #01 pc 000b6e49  /system/lib/libart.so (_ZN3art17ConditionVariable16WaitHoldingLocksEPNS_6ThreadE+92)
06-19 10:19:04.184 12965 12965 F art     : art/runtime/runtime.cc:422]   native: #02 pc 00344785  /system/lib/libart.so (_ZN3art10ThreadPool7GetTaskEPNS_6ThreadE+160)
06-19 10:19:04.184 12965 12965 F art     : art/runtime/runtime.cc:422]   native: #03 pc 00343fa7  /system/lib/libart.so (_ZN3art16ThreadPoolWorker3RunEv+62)
06-19 10:19:04.184 12965 12965 F art     : art/runtime/runtime.cc:422]   native: #04 pc 00343acf  /system/lib/libart.so (_ZN3art16ThreadPoolWorker8CallbackEPv+78)
06-19 10:19:04.184 12965 12965 F art     : art/runtime/runtime.cc:422]   native: #05 pc 000470c3  /system/lib/libc.so (_ZL15__pthread_startPv+22)
06-19 10:19:04.184 12965 12965 F art     : art/runtime/runtime.cc:422]   native: #06 pc 00019e3d  /system/lib/libc.so (__start_thread+6)
06-19 10:19:04.184 12965 12965 F art     : art/runtime/runtime.cc:422]   (no managed stack frames)
06-19 10:19:04.184 12965 12965 F art     : art/runtime/runtime.cc:422] 
06-19 10:19:04.184 12965 12965 F art     : art/runtime/runtime.cc:422] "Signal Catcher" prio=10 tid=3 WaitingInMainSignalCatcherLoop
06-19 10:19:04.184 12965 12965 F art     : art/runtime/runtime.cc:422]   | group="" sCount=1 dsCount=0 obj=0x12c17f70 self=0xe6d3ce00
06-19 10:19:04.185 12965 12965 F art     : art/runtime/runtime.cc:422]   | sysTid=12971 nice=0 cgrp=default sched=0/0 handle=0xf1aa5920
06-19 10:19:04.185 12965 12965 F art     : art/runtime/runtime.cc:422]   | state=S schedstat=( 1919166 485625 1 ) utm=0 stm=0 core=0 HZ=100
06-19 10:19:04.185 12965 12965 F art     : art/runtime/runtime.cc:422]   | stack=0xf19a9000-0xf19ab000 stackSize=1014KB
06-19 10:19:04.185 12965 12965 F art     : art/runtime/runtime.cc:422]   | held mutexes=
06-19 10:19:04.185 12965 12965 F art     : art/runtime/runtime.cc:422]   kernel: __switch_to+0x9c/0xa8
06-19 10:19:04.185 12965 12965 F art     : art/runtime/runtime.cc:422]   kernel: do_sigtimedwait+0xe0/0x1c0
06-19 10:19:04.185 12965 12965 F art     : art/runtime/runtime.cc:422]   kernel: compat_SyS_rt_sigtimedwait+0xb0/0x104
06-19 10:19:04.185 12965 12965 F art     : art/runtime/runtime.cc:422]   kernel: el0_svc_naked+0x24/0x28
06-19 10:19:04.185 12965 12965 F art     : art/runtime/runtime.cc:422]   native: #00 pc 000488a4  /system/lib/libc.so (__rt_sigtimedwait+12)
06-19 10:19:04.185 12965 12965 F art     : art/runtime/runtime.cc:422]   native: #01 pc 0001e24b  /system/lib/libc.so (sigwait+34)
06-19 10:19:04.185 12965 12965 F art     : art/runtime/runtime.cc:422]   native: #02 pc 00327363  /system/lib/libart.so (_ZN3art9SignalSet4WaitEv+22)
06-19 10:19:04.185 12965 12965 F art     : art/runtime/runtime.cc:422]   native: #03 pc 00326f5d  /system/lib/libart.so (_ZN3art13SignalCatcher13WaitForSignalEPNS_6ThreadERNS_9SignalSetE+168)
06-19 10:19:04.185 12965 12965 F art     : art/runtime/runtime.cc:422]   native: #04 pc 00325cc1  /system/lib/libart.so (_ZN3art13SignalCatcher3RunEPv+276)
06-19 10:19:04.185 12965 12965 F art     : art/runtime/runtime.cc:422]   native: #05 pc 000470c3  /system/lib/libc.so (_ZL15__pthread_startPv+22)
06-19 10:19:04.185 12965 12965 F art     : art/runtime/runtime.cc:422]   native: #06 pc 00019e3d  /system/lib/libc.so (__start_thread+6)
06-19 10:19:04.185 12965 12965 F art     : art/runtime/runtime.cc:422]   (no managed stack frames)
06-19 10:19:04.185 12965 12965 F art     : art/runtime/runtime.cc:422] 
06-19 10:19:04.185 12965 12965 F art     : art/runtime/runtime.cc:422] "JDWP" prio=10 tid=4 WaitingInMainDebuggerLoop
06-19 10:19:04.185 12965 12965 F art     : art/runtime/runtime.cc:422]   | group="" sCount=1 dsCount=0 obj=0x12c1f0d0 self=0xe958d400
06-19 10:19:04.185 12965 12965 F art     : art/runtime/runtime.cc:422]   | sysTid=12972 nice=0 cgrp=default sched=0/0 handle=0xf19a6920
06-19 10:19:04.185 12965 12965 F art     : art/runtime/runtime.cc:422]   | state=S schedstat=( 5100666 2356666 16 ) utm=0 stm=0 core=3 HZ=100
06-19 10:19:04.185 12965 12965 F art     : art/runtime/runtime.cc:422]   | stack=0xf18aa000-0xf18ac000 stackSize=1014KB
06-19 10:19:04.185 12965 12965 F art     : art/runtime/runtime.cc:422]   | held mutexes=
06-19 10:19:04.185 12965 12965 F art     : art/runtime/runtime.cc:422]   kernel: __switch_to+0x9c/0xa8
06-19 10:19:04.185 12965 12965 F art     : art/runtime/runtime.cc:422]   kernel: poll_schedule_timeout+0x4c/0x7c
06-19 10:19:04.185 12965 12965 F art     : art/runtime/runtime.cc:422]   kernel: do_select+0x4ac/0x504
06-19 10:19:04.185 12965 12965 F art     : art/runtime/runtime.cc:422]   kernel: compat_core_sys_select+0x16c/0x224
06-19 10:19:04.185 12965 12965 F art     : art/runtime/runtime.cc:422]   kernel: compat_SyS_pselect6+0x1f8/0x2ac
06-19 10:19:04.185 12965 12965 F art     : art/runtime/runtime.cc:422]   kernel: el0_svc_naked+0x24/0x28
06-19 10:19:04.185 12965 12965 F art     : art/runtime/runtime.cc:422]   native: #00 pc 0004877c  /system/lib/libc.so (__pselect6+20)
06-19 10:19:04.185 12965 12965 F art     : art/runtime/runtime.cc:422]   native: #01 pc 0001d045  /system/lib/libc.so (select+88)
06-19 10:19:04.185 12965 12965 F art     : art/runtime/runtime.cc:422]   native: #02 pc 003fba77  /system/lib/libart.so (_ZN3art4JDWP12JdwpAdbState15ProcessIncomingEv+302)
06-19 10:19:04.185 12965 12965 F art     : art/runtime/runtime.cc:422]   native: #03 pc 002487a7  /system/lib/libart.so (_ZN3art4JDWP9JdwpState3RunEv+650)
06-19 10:19:04.185 12965 12965 F art     : art/runtime/runtime.cc:422]   native: #04 pc 00247f4b  /system/lib/libart.so (_ZN3art4JDWPL15StartJdwpThreadEPv+22)
06-19 10:19:04.185 12965 12965 F art     : art/runtime/runtime.cc:422]   native: #05 pc 000470c3  /system/lib/libc.so (_ZL15__pthread_startPv+22)
06-19 10:19:04.185 12965 12965 F art     : art/runtime/runtime.cc:422]   native: #06 pc 00019e3d  /system/lib/libc.so (__start_thread+6)
06-19 10:19:04.185 12965 12965 F art     : art/runtime/runtime.cc:422]   (no managed stack frames)
06-19 10:19:04.185 12965 12965 F art     : art/runtime/runtime.cc:422] 
06-19 10:19:04.185 12965 12965 F art     : art/runtime/runtime.cc:422] "FinalizerWatchdogDaemon" prio=10 tid=5 Waiting
06-19 10:19:04.185 12965 12965 F art     : art/runtime/runtime.cc:422]   | group="" sCount=1 dsCount=0 obj=0x12c1f280 self=0xe6d3ec00
06-19 10:19:04.185 12965 12965 F art     : art/runtime/runtime.cc:422]   | sysTid=12975 nice=0 cgrp=default sched=0/0 handle=0xf169d920
06-19 10:19:04.185 12965 12965 F art     : art/runtime/runtime.cc:422]   | state=S schedstat=( 697083 335124 6 ) utm=0 stm=0 core=1 HZ=100
06-19 10:19:04.185 12965 12965 F art     : art/runtime/runtime.cc:422]   | stack=0xf159b000-0xf159d000 stackSize=1038KB
06-19 10:19:04.185 12965 12965 F art     : art/runtime/runtime.cc:422]   | held mutexes=
06-19 10:19:04.185 12965 12965 F art     : art/runtime/runtime.cc:422]   kernel: __switch_to+0x9c/0xa8
06-19 10:19:04.185 12965 12965 F art     : art/runtime/runtime.cc:422]   kernel: futex_wait_queue_me+0xcc/0x130
06-19 10:19:04.185 12965 12965 F art     : art/runtime/runtime.cc:422]   kernel: futex_wait+0xe8/0x1ec
06-19 10:19:04.185 12965 12965 F art     : art/runtime/runtime.cc:422]   kernel: do_futex+0xdc/0x4e0
06-19 10:19:04.185 12965 12965 F art     : art/runtime/runtime.cc:422]   kernel: compat_SyS_futex+0xdc/0x168
06-19 10:19:04.185 12965 12965 F art     : art/runtime/runtime.cc:422]   kernel: el0_svc_naked+0x24/0x28
06-19 10:19:04.185 12965 12965 F art     : art/runtime/runtime.cc:422]   native: #00 pc 00017404  /system/lib/libc.so (syscall+28)
06-19 10:19:04.185 12965 12965 F art     : art/runtime/runtime.cc:422]   native: #01 pc 000b6e49  /system/lib/libart.so (_ZN3art17ConditionVariable16WaitHoldingLocksEPNS_6ThreadE+92)
06-19 10:19:04.185 12965 12965 F art     : art/runtime/runtime.cc:422]   native: #02 pc 0029f17b  /system/lib/libart.so (_ZN3art7Monitor4WaitEPNS_6ThreadExibNS_11ThreadStateE+514)
06-19 10:19:04.185 12965 12965 F art     : art/runtime/runtime.cc:422]   native: #03 pc 002a09ab  /system/lib/libart.so (_ZN3art7Monitor4WaitEPNS_6ThreadEPNS_6mirror6ObjectExibNS_11ThreadStateE+258)
06-19 10:19:04.185 12965 12965 F art     : art/runtime/runtime.cc:422]   native: #04 pc 002af1c7  /system/lib/libart.so (_ZN3artL11Object_waitEP7_JNIEnvP8_jobject+32)
06-19 10:19:04.185 12965 12965 F art     : art/runtime/runtime.cc:422]   native: #05 pc 00000557  /system/framework/arm/boot.oat (Java_java_lang_Object_wait__+74)
06-19 10:19:04.185 12965 12965 F art     : art/runtime/runtime.cc:422]   at java.lang.Object.wait!(Native method)
06-19 10:19:04.185 12965 12965 F art     : art/runtime/runtime.cc:422]   - waiting on <0x0abd52bf> (a java.lang.Daemons$FinalizerWatchdogDaemon)
06-19 10:19:04.185 12965 12965 F art     : art/runtime/runtime.cc:422]   at java.lang.Daemons$FinalizerWatchdogDaemon.sleepUntilNeeded(Daemons.java:269)
06-19 10:19:04.185 12965 12965 F art     : art/runtime/runtime.cc:422]   - locked <0x0abd52bf> (a java.lang.Daemons$FinalizerWatchdogDaemon)
06-19 10:19:04.185 12965 12965 F art     : art/runtime/runtime.cc:422]   at java.lang.Daemons$FinalizerWatchdogDaemon.run(Daemons.java:249)
06-19 10:19:04.186 12965 12965 F art     : art/runtime/runtime.cc:422]   at java.lang.Thread.run(Thread.java:761)
06-19 10:19:04.186 12965 12965 F art     : art/runtime/runtime.cc:422] 
06-19 10:19:04.186 12965 12965 F art     : art/runtime/runtime.cc:422] "ReferenceQueueDaemon" prio=10 tid=6 Waiting
06-19 10:19:04.186 12965 12965 F art     : art/runtime/runtime.cc:422]   | group="" sCount=1 dsCount=0 obj=0x12c1f160 self=0xe6d3e200
06-19 10:19:04.186 12965 12965 F art     : art/runtime/runtime.cc:422]   | sysTid=12973 nice=0 cgrp=default sched=0/0 handle=0xf18a7920
06-19 10:19:04.186 12965 12965 F art     : art/runtime/runtime.cc:422]   | state=S schedstat=( 588002 720416 8 ) utm=0 stm=0 core=2 HZ=100
06-19 10:19:04.186 12965 12965 F art     : art/runtime/runtime.cc:422]   | stack=0xf17a5000-0xf17a7000 stackSize=1038KB
06-19 10:19:04.186 12965 12965 F art     : art/runtime/runtime.cc:422]   | held mutexes=
06-19 10:19:04.186 12965 12965 F art     : art/runtime/runtime.cc:422]   kernel: __switch_to+0x9c/0xa8
06-19 10:19:04.186 12965 12965 F art     : art/runtime/runtime.cc:422]   kernel: futex_wait_queue_me+0xcc/0x130
06-19 10:19:04.186 12965 12965 F art     : art/runtime/runtime.cc:422]   kernel: futex_wait+0xe8/0x1ec
06-19 10:19:04.186 12965 12965 F art     : art/runtime/runtime.cc:422]   kernel: do_futex+0xdc/0x4e0
06-19 10:19:04.186 12965 12965 F art     : art/runtime/runtime.cc:422]   kernel: compat_SyS_futex+0xdc/0x168
06-19 10:19:04.186 12965 12965 F art     : art/runtime/runtime.cc:422]   kernel: el0_svc_naked+0x24/0x28
06-19 10:19:04.186 12965 12965 F art     : art/runtime/runtime.cc:422]   native: #00 pc 00017404  /system/lib/libc.so (syscall+28)
06-19 10:19:04.186 12965 12965 F art     : art/runtime/runtime.cc:422]   native: #01 pc 000b6e49  /system/lib/libart.so (_ZN3art17ConditionVariable16WaitHoldingLocksEPNS_6ThreadE+92)
06-19 10:19:04.186 12965 12965 F art     : art/runtime/runtime.cc:422]   native: #02 pc 0029f17b  /system/lib/libart.so (_ZN3art7Monitor4WaitEPNS_6ThreadExibNS_11ThreadStateE+514)
06-19 10:19:04.186 12965 12965 F art     : art/runtime/runtime.cc:422]   native: #03 pc 002a09ab  /system/lib/libart.so (_ZN3art7Monitor4WaitEPNS_6ThreadEPNS_6mirror6ObjectExibNS_11ThreadStateE+258)
06-19 10:19:04.186 12965 12965 F art     : art/runtime/runtime.cc:422]   native: #04 pc 002af1c7  /system/lib/libart.so (_ZN3artL11Object_waitEP7_JNIEnvP8_jobject+32)
06-19 10:19:04.186 12965 12965 F art     : art/runtime/runtime.cc:422]   native: #05 pc 00000557  /system/framework/arm/boot.oat (Java_java_lang_Object_wait__+74)
06-19 10:19:04.186 12965 12965 F art     : art/runtime/runtime.cc:422]   at java.lang.Object.wait!(Native method)
06-19 10:19:04.186 12965 12965 F art     : art/runtime/runtime.cc:422]   - waiting on <0x008c9d8c> (a java.lang.Class<java.lang.ref.ReferenceQueue>)
06-19 10:19:04.186 12965 12965 F art     : art/runtime/runtime.cc:422]   at java.lang.Daemons$ReferenceQueueDaemon.run(Daemons.java:150)
06-19 10:19:04.186 12965 12965 F art     : art/runtime/runtime.cc:422]   - locked <0x008c9d8c> (a java.lang.Class<java.lang.ref.ReferenceQueue>)
06-19 10:19:04.186 12965 12965 F art     : art/runtime/runtime.cc:422]   at java.lang.Thread.run(Thread.java:761)
06-19 10:19:04.186 12965 12965 F art     : art/runtime/runtime.cc:422] 
06-19 10:19:04.186 12965 12965 F art     : art/runtime/runtime.cc:422] "HeapTaskDaemon" prio=10 tid=7 Blocked
06-19 10:19:04.186 12965 12965 F art     : art/runtime/runtime.cc:422]   | group="" sCount=1 dsCount=0 obj=0x12c1f310 self=0xe6d3f100
06-19 10:19:04.186 12965 12965 F art     : art/runtime/runtime.cc:422]   | sysTid=12976 nice=0 cgrp=default sched=0/0 handle=0xf1598920
06-19 10:19:04.186 12965 12965 F art     : art/runtime/runtime.cc:422]   | state=S schedstat=( 380041 3763084 5 ) utm=0 stm=0 core=2 HZ=100
06-19 10:19:04.186 12965 12965 F art     : art/runtime/runtime.cc:422]   | stack=0xf1496000-0xf1498000 stackSize=1038KB
06-19 10:19:04.186 12965 12965 F art     : art/runtime/runtime.cc:422]   | held mutexes=
06-19 10:19:04.186 12965 12965 F art     : art/runtime/runtime.cc:422]   kernel: __switch_to+0x9c/0xa8
06-19 10:19:04.186 12965 12965 F art     : art/runtime/runtime.cc:422]   kernel: futex_wait_queue_me+0xcc/0x130
06-19 10:19:04.186 12965 12965 F art     : art/runtime/runtime.cc:422]   kernel: futex_wait+0xe8/0x1ec
06-19 10:19:04.186 12965 12965 F art     : art/runtime/runtime.cc:422]   kernel: do_futex+0xdc/0x4e0
06-19 10:19:04.186 12965 12965 F art     : art/runtime/runtime.cc:422]   kernel: compat_SyS_futex+0xdc/0x168
06-19 10:19:04.186 12965 12965 F art     : art/runtime/runtime.cc:422]   kernel: el0_svc_naked+0x24/0x28
06-19 10:19:04.186 12965 12965 F art     : art/runtime/runtime.cc:422]   native: #00 pc 00017404  /system/lib/libc.so (syscall+28)
06-19 10:19:04.186 12965 12965 F art     : art/runtime/runtime.cc:422]   native: #01 pc 000b6e49  /system/lib/libart.so (_ZN3art17ConditionVariable16WaitHoldingLocksEPNS_6ThreadE+92)
06-19 10:19:04.186 12965 12965 F art     : art/runtime/runtime.cc:422]   native: #02 pc 001b4de5  /system/lib/libart.so (_ZN3art2gc13TaskProcessor7GetTaskEPNS_6ThreadE+288)
06-19 10:19:04.186 12965 12965 F art     : art/runtime/runtime.cc:422]   native: #03 pc 001b545d  /system/lib/libart.so (_ZN3art2gc13TaskProcessor11RunAllTasksEPNS_6ThreadE+44)
06-19 10:19:04.186 12965 12965 F art     : art/runtime/runtime.cc:422]   native: #04 pc 001615cf  /system/framework/arm/boot-core-libart.oat (Java_dalvik_system_VMRuntime_runHeapTasks__+74)
06-19 10:19:04.186 12965 12965 F art     : art/runtime/runtime.cc:422]   at dalvik.system.VMRuntime.runHeapTasks(Native method)
06-19 10:19:04.186 12965 12965 F art     : art/runtime/runtime.cc:422]   - waiting to lock an unknown object
06-19 10:19:04.186 12965 12965 F art     : art/runtime/runtime.cc:422]   at java.lang.Daemons$HeapTaskDaemon.run(Daemons.java:433)
06-19 10:19:04.186 12965 12965 F art     : art/runtime/runtime.cc:422]   at java.lang.Thread.run(Thread.java:761)
06-19 10:19:04.186 12965 12965 F art     : art/runtime/runtime.cc:422] 
06-19 10:19:04.186 12965 12965 F art     : art/runtime/runtime.cc:422] "FinalizerDaemon" prio=10 tid=8 Waiting
06-19 10:19:04.186 12965 12965 F art     : art/runtime/runtime.cc:422]   | group="" sCount=1 dsCount=0 obj=0x12c1f1f0 self=0xe6d3e700
06-19 10:19:04.186 12965 12965 F art     : art/runtime/runtime.cc:422]   | sysTid=12974 nice=0 cgrp=default sched=0/0 handle=0xf17a2920
06-19 10:19:04.186 12965 12965 F art     : art/runtime/runtime.cc:422]   | state=S schedstat=( 353792 625625 5 ) utm=0 stm=0 core=4 HZ=100
06-19 10:19:04.186 12965 12965 F art     : art/runtime/runtime.cc:422]   | stack=0xf16a0000-0xf16a2000 stackSize=1038KB
06-19 10:19:04.186 12965 12965 F art     : art/runtime/runtime.cc:422]   | held mutexes=
06-19 10:19:04.186 12965 12965 F art     : art/runtime/runtime.cc:422]   kernel: __switch_to+0x9c/0xa8
06-19 10:19:04.186 12965 12965 F art     : art/runtime/runtime.cc:422]   kernel: futex_wait_queue_me+0xcc/0x130
06-19 10:19:04.186 12965 12965 F art     : art/runtime/runtime.cc:422]   kernel: futex_wait+0xe8/0x1ec
06-19 10:19:04.186 12965 12965 F art     : art/runtime/runtime.cc:422]   kernel: do_futex+0xdc/0x4e0
06-19 10:19:04.186 12965 12965 F art     : art/runtime/runtime.cc:422]   kernel: compat_SyS_futex+0xdc/0x168
06-19 10:19:04.186 12965 12965 F art     : art/runtime/runtime.cc:422]   kernel: el0_svc_naked+0x24/0x28
06-19 10:19:04.186 12965 12965 F art     : art/runtime/runtime.cc:422]   native: #00 pc 00017404  /system/lib/libc.so (syscall+28)
06-19 10:19:04.186 12965 12965 F art     : art/runtime/runtime.cc:422]   native: #01 pc 000b6e49  /system/lib/libart.so (_ZN3art17ConditionVariable16WaitHoldingLocksEPNS_6ThreadE+92)
06-19 10:19:04.187 12965 12965 F art     : art/runtime/runtime.cc:422]   native: #02 pc 0029f17b  /system/lib/libart.so (_ZN3art7Monitor4WaitEPNS_6ThreadExibNS_11ThreadStateE+514)
06-19 10:19:04.187 12965 12965 F art     : art/runtime/runtime.cc:422]   native: #03 pc 002a09ab  /system/lib/libart.so (_ZN3art7Monitor4WaitEPNS_6ThreadEPNS_6mirror6ObjectExibNS_11ThreadStateE+258)
06-19 10:19:04.187 12965 12965 F art     : art/runtime/runtime.cc:422]   native: #04 pc 002af1f3  /system/lib/libart.so (_ZN3artL13Object_waitJIEP7_JNIEnvP8_jobjectxi+36)
06-19 10:19:04.187 12965 12965 F art     : art/runtime/runtime.cc:422]   native: #05 pc 00000655  /system/framework/arm/boot.oat (Java_java_lang_Object_wait__JI+96)
06-19 10:19:04.187 12965 12965 F art     : art/runtime/runtime.cc:422]   at java.lang.Object.wait!(Native method)
06-19 10:19:04.187 12965 12965 F art     : art/runtime/runtime.cc:422]   - waiting on <0x0a27ecd5> (a java.lang.Object)
06-19 10:19:04.187 12965 12965 F art     : art/runtime/runtime.cc:422]   at java.lang.Object.wait(Object.java:407)
06-19 10:19:04.187 12965 12965 F art     : art/runtime/runtime.cc:422]   at java.lang.ref.ReferenceQueue.remove(ReferenceQueue.java:188)
06-19 10:19:04.187 12965 12965 F art     : art/runtime/runtime.cc:422]   - locked <0x0a27ecd5> (a java.lang.Object)
06-19 10:19:04.187 12965 12965 F art     : art/runtime/runtime.cc:422]   at java.lang.ref.ReferenceQueue.remove(ReferenceQueue.java:209)
06-19 10:19:04.187 12965 12965 F art     : art/runtime/runtime.cc:422]   at java.lang.Daemons$FinalizerDaemon.run(Daemons.java:204)
06-19 10:19:04.187 12965 12965 F art     : art/runtime/runtime.cc:422]   at java.lang.Thread.run(Thread.java:761)
06-19 10:19:04.187 12965 12965 F art     : art/runtime/runtime.cc:422] 
06-19 10:19:04.187 12965 12965 F art     : art/runtime/runtime.cc:422] "Binder:12965_1" prio=10 tid=9 Native
06-19 10:19:04.187 12965 12965 F art     : art/runtime/runtime.cc:422]   | group="" sCount=1 dsCount=0 obj=0x12c1f4c0 self=0xe6d3f600
06-19 10:19:04.187 12965 12965 F art     : art/runtime/runtime.cc:422]   | sysTid=12977 nice=0 cgrp=default sched=0/0 handle=0xf1395920
06-19 10:19:04.187 12965 12965 F art     : art/runtime/runtime.cc:422]   | state=S schedstat=( 4057081 877626 9 ) utm=0 stm=0 core=5 HZ=100
06-19 10:19:04.187 12965 12965 F art     : art/runtime/runtime.cc:422]   | stack=0xf1299000-0xf129b000 stackSize=1014KB
06-19 10:19:04.187 12965 12965 F art     : art/runtime/runtime.cc:422]   | held mutexes=
06-19 10:19:04.187 12965 12965 F art     : art/runtime/runtime.cc:422]   kernel: __switch_to+0x9c/0xa8
06-19 10:19:04.187 12965 12965 F art     : art/runtime/runtime.cc:422]   kernel: binder_thread_read+0x350/0x1080
06-19 10:19:04.187 12965 12965 F art     : art/runtime/runtime.cc:422]   kernel: binder_ioctl_write_read+0x1b4/0x314
06-19 10:19:04.187 12965 12965 F art     : art/runtime/runtime.cc:422]   kernel: binder_ioctl+0x1d0/0x668
06-19 10:19:04.187 12965 12965 F art     : art/runtime/runtime.cc:422]   kernel: compat_SyS_ioctl+0x120/0x1130
06-19 10:19:04.187 12965 12965 F art     : art/runtime/runtime.cc:422]   kernel: el0_svc_naked+0x24/0x28
06-19 10:19:04.187 12965 12965 F art     : art/runtime/runtime.cc:422]   native: #00 pc 00048678  /system/lib/libc.so (__ioctl+8)
06-19 10:19:04.187 12965 12965 F art     : art/runtime/runtime.cc:422]   native: #01 pc 0001ae3f  /system/lib/libc.so (ioctl+38)
06-19 10:19:04.187 12965 12965 F art     : art/runtime/runtime.cc:422]   native: #02 pc 0003ccb7  /system/lib/libbinder.so (_ZN7android14IPCThreadState14talkWithDriverEb+202)
06-19 10:19:04.187 12965 12965 F art     : art/runtime/runtime.cc:422]   native: #03 pc 0003cdcd  /system/lib/libbinder.so (_ZN7android14IPCThreadState20getAndExecuteCommandEv+8)
06-19 10:19:04.187 12965 12965 F art     : art/runtime/runtime.cc:422]   native: #04 pc 0003d34b  /system/lib/libbinder.so (_ZN7android14IPCThreadState14joinThreadPoolEb+46)
06-19 10:19:04.187 12965 12965 F art     : art/runtime/runtime.cc:422]   native: #05 pc 0004f8f5  /system/lib/libbinder.so (???)
06-19 10:19:04.187 12965 12965 F art     : art/runtime/runtime.cc:422]   native: #06 pc 0000e345  /system/lib/libutils.so (_ZN7android6Thread11_threadLoopEPv+140)
06-19 10:19:04.187 12965 12965 F art     : art/runtime/runtime.cc:422]   native: #07 pc 000667e5  /system/lib/libandroid_runtime.so (_ZN7android14AndroidRuntime15javaThreadShellEPv+80)
06-19 10:19:04.187 12965 12965 F art     : art/runtime/runtime.cc:422]   native: #08 pc 000470c3  /system/lib/libc.so (_ZL15__pthread_startPv+22)
06-19 10:19:04.187 12965 12965 F art     : art/runtime/runtime.cc:422]   native: #09 pc 00019e3d  /system/lib/libc.so (__start_thread+6)
06-19 10:19:04.187 12965 12965 F art     : art/runtime/runtime.cc:422]   (no managed stack frames)
06-19 10:19:04.187 12965 12965 F art     : art/runtime/runtime.cc:422] 
06-19 10:19:04.187 12965 12965 F art     : art/runtime/runtime.cc:422] "Binder:12965_2" prio=10 tid=10 Native
06-19 10:19:04.187 12965 12965 F art     : art/runtime/runtime.cc:422]   | group="" sCount=1 dsCount=0 obj=0x12c1f550 self=0xe958e800
06-19 10:19:04.187 12965 12965 F art     : art/runtime/runtime.cc:422]   | sysTid=12978 nice=0 cgrp=default sched=0/0 handle=0xf1296920
06-19 10:19:04.187 12965 12965 F art     : art/runtime/runtime.cc:422]   | state=S schedstat=( 9023876 6063165 35 ) utm=0 stm=0 core=5 HZ=100
06-19 10:19:04.187 12965 12965 F art     : art/runtime/runtime.cc:422]   | stack=0xf119a000-0xf119c000 stackSize=1014KB
06-19 10:19:04.187 12965 12965 F art     : art/runtime/runtime.cc:422]   | held mutexes=
06-19 10:19:04.187 12965 12965 F art     : art/runtime/runtime.cc:422]   kernel: __switch_to+0x9c/0xa8
06-19 10:19:04.187 12965 12965 F art     : art/runtime/runtime.cc:422]   kernel: binder_thread_read+0x350/0x1080
06-19 10:19:04.187 12965 12965 F art     : art/runtime/runtime.cc:422]   kernel: binder_ioctl_write_read+0x1b4/0x314
06-19 10:19:04.187 12965 12965 F art     : art/runtime/runtime.cc:422]   kernel: binder_ioctl+0x1d0/0x668
06-19 10:19:04.187 12965 12965 F art     : art/runtime/runtime.cc:422]   kernel: compat_SyS_ioctl+0x120/0x1130
06-19 10:19:04.187 12965 12965 F art     : art/runtime/runtime.cc:422]   kernel: el0_svc_naked+0x24/0x28
06-19 10:19:04.187 12965 12965 F art     : art/runtime/runtime.cc:422]   native: #00 pc 00048678  /system/lib/libc.so (__ioctl+8)
06-19 10:19:04.187 12965 12965 F art     : art/runtime/runtime.cc:422]   native: #01 pc 0001ae3f  /system/lib/libc.so (ioctl+38)
06-19 10:19:04.187 12965 12965 F art     : art/runtime/runtime.cc:422]   native: #02 pc 0003ccb7  /system/lib/libbinder.so (_ZN7android14IPCThreadState14talkWithDriverEb+202)
06-19 10:19:04.187 12965 12965 F art     : art/runtime/runtime.cc:422]   native: #03 pc 0003cdcd  /system/lib/libbinder.so (_ZN7android14IPCThreadState20getAndExecuteCommandEv+8)
06-19 10:19:04.187 12965 12965 F art     : art/runtime/runtime.cc:422]   native: #04 pc 0003d34b  /system/lib/libbinder.so (_ZN7android14IPCThreadState14joinThreadPoolEb+46)
06-19 10:19:04.187 12965 12965 F art     : art/runtime/runtime.cc:422]   native: #05 pc 0004f8f5  /system/lib/libbinder.so (???)
06-19 10:19:04.187 12965 12965 F art     : art/runtime/runtime.cc:422]   native: #06 pc 0000e345  /system/lib/libutils.so (_ZN7android6Thread11_threadLoopEPv+140)
06-19 10:19:04.187 12965 12965 F art     : art/runtime/runtime.cc:422]   native: #07 pc 000667e5  /system/lib/libandroid_runtime.so (_ZN7android14AndroidRuntime15javaThreadShellEPv+80)
06-19 10:19:04.187 12965 12965 F art     : art/runtime/runtime.cc:422]   native: #08 pc 000470c3  /system/lib/libc.so (_ZL15__pthread_startPv+22)
06-19 10:19:04.187 12965 12965 F art     : art/runtime/runtime.cc:422]   native: #09 pc 00019e3d  /system/lib/libc.so (__start_thread+6)
06-19 10:19:04.187 12965 12965 F art     : art/runtime/runtime.cc:422]   (no managed stack frames)
06-19 10:19:04.187 12965 12965 F art     : art/runtime/runtime.cc:422] 
06-19 10:19:04.187 12965 12965 F art     : art/runtime/runtime.cc:422] "Profile Saver" prio=10 tid=11 Native
06-19 10:19:04.187 12965 12965 F art     : art/runtime/runtime.cc:422]   | group="" sCount=1 dsCount=0 obj=0x12c1f670 self=0xf2486300
06-19 10:19:04.187 12965 12965 F art     : art/runtime/runtime.cc:422]   | sysTid=12979 nice=-10 cgrp=default sched=0/0 handle=0xf114c920
06-19 10:19:04.187 12965 12965 F art     : art/runtime/runtime.cc:422]   | state=S schedstat=( 4548833 0 9 ) utm=0 stm=0 core=4 HZ=100
06-19 10:19:04.188 12965 12965 F art     : art/runtime/runtime.cc:422]   | stack=0xf1050000-0xf1052000 stackSize=1014KB
06-19 10:19:04.188 12965 12965 F art     : art/runtime/runtime.cc:422]   | held mutexes=
06-19 10:19:04.188 12965 12965 F art     : art/runtime/runtime.cc:422]   kernel: __switch_to+0x9c/0xa8
06-19 10:19:04.188 12965 12965 F art     : art/runtime/runtime.cc:422]   kernel: futex_wait_queue_me+0xcc/0x130
06-19 10:19:04.188 12965 12965 F art     : art/runtime/runtime.cc:422]   kernel: futex_wait+0xe8/0x1ec
06-19 10:19:04.188 12965 12965 F art     : art/runtime/runtime.cc:422]   kernel: do_futex+0xdc/0x4e0
06-19 10:19:04.188 12965 12965 F art     : art/runtime/runtime.cc:422]   kernel: compat_SyS_futex+0xdc/0x168
06-19 10:19:04.188 12965 12965 F art     : art/runtime/runtime.cc:422]   kernel: el0_svc_naked+0x24/0x28
06-19 10:19:04.188 12965 12965 F art     : art/runtime/runtime.cc:422]   native: #00 pc 00017404  /system/lib/libc.so (syscall+28)
06-19 10:19:04.188 12965 12965 F art     : art/runtime/runtime.cc:422]   native: #01 pc 000b6e49  /system/lib/libart.so (_ZN3art17ConditionVariable16WaitHoldingLocksEPNS_6ThreadE+92)
06-19 10:19:04.188 12965 12965 F art     : art/runtime/runtime.cc:422]   native: #02 pc 00259d2d  /system/lib/libart.so (_ZN3art12ProfileSaver3RunEv+296)
06-19 10:19:04.188 12965 12965 F art     : art/runtime/runtime.cc:422]   native: #03 pc 0025b069  /system/lib/libart.so (_ZN3art12ProfileSaver21RunProfileSaverThreadEPv+52)
06-19 10:19:04.188 12965 12965 F art     : art/runtime/runtime.cc:422]   native: #04 pc 000470c3  /system/lib/libc.so (_ZL15__pthread_startPv+22)
06-19 10:19:04.188 12965 12965 F art     : art/runtime/runtime.cc:422]   native: #05 pc 00019e3d  /system/lib/libc.so (__start_thread+6)
06-19 10:19:04.188 12965 12965 F art     : art/runtime/runtime.cc:422]   (no managed stack frames)
06-19 10:19:04.188 12965 12965 F art     : art/runtime/runtime.cc:422] 
06-19 10:19:04.188 12965 12965 F art     : art/runtime/runtime.cc:422] "RenderThread" prio=10 tid=12 Native
06-19 10:19:04.188 12965 12965 F art     : art/runtime/runtime.cc:422]   | group="" sCount=1 dsCount=0 obj=0x12c718b0 self=0xe958fc00
06-19 10:19:04.188 12965 12965 F art     : art/runtime/runtime.cc:422]   | sysTid=12981 nice=-10 cgrp=default sched=0/0 handle=0xf1032920
06-19 10:19:04.188 12965 12965 F art     : art/runtime/runtime.cc:422]   | state=S schedstat=( 53141379 14817250 95 ) utm=3 stm=1 core=0 HZ=100
06-19 10:19:04.188 12965 12965 F art     : art/runtime/runtime.cc:422]   | stack=0xf0f36000-0xf0f38000 stackSize=1014KB
06-19 10:19:04.188 12965 12965 F art     : art/runtime/runtime.cc:422]   | held mutexes=
06-19 10:19:04.188 12965 12965 F art     : art/runtime/runtime.cc:422]   kernel: __switch_to+0x9c/0xa8
06-19 10:19:04.188 12965 12965 F art     : art/runtime/runtime.cc:422]   kernel: SyS_epoll_wait+0x2b8/0x368
06-19 10:19:04.188 12965 12965 F art     : art/runtime/runtime.cc:422]   kernel: compat_SyS_epoll_pwait+0xc0/0x13c
06-19 10:19:04.188 12965 12965 F art     : art/runtime/runtime.cc:422]   kernel: el0_svc_naked+0x24/0x28
06-19 10:19:04.188 12965 12965 F art     : art/runtime/runtime.cc:422]   native: #00 pc 00048538  /system/lib/libc.so (__epoll_pwait+20)
06-19 10:19:04.188 12965 12965 F art     : art/runtime/runtime.cc:422]   native: #01 pc 0001a1ed  /system/lib/libc.so (epoll_pwait+60)
06-19 10:19:04.188 12965 12965 F art     : art/runtime/runtime.cc:422]   native: #02 pc 0001a21d  /system/lib/libc.so (epoll_wait+12)
06-19 10:19:04.188 12965 12965 F art     : art/runtime/runtime.cc:422]   native: #03 pc 00011c83  /system/lib/libutils.so (_ZN7android6Looper9pollInnerEi+118)
06-19 10:19:04.188 12965 12965 F art     : art/runtime/runtime.cc:422]   native: #04 pc 00011b7f  /system/lib/libutils.so (_ZN7android6Looper8pollOnceEiPiS1_PPv+26)
06-19 10:19:04.188 12965 12965 F art     : art/runtime/runtime.cc:422]   native: #05 pc 00029161  /system/lib/libhwui.so (_ZN7android10uirenderer12renderthread12RenderThread10threadLoopEv+284)
06-19 10:19:04.188 12965 12965 F art     : art/runtime/runtime.cc:422]   native: #06 pc 0000e345  /system/lib/libutils.so (_ZN7android6Thread11_threadLoopEPv+140)
06-19 10:19:04.188 12965 12965 F art     : art/runtime/runtime.cc:422]   native: #07 pc 000667e5  /system/lib/libandroid_runtime.so (_ZN7android14AndroidRuntime15javaThreadShellEPv+80)
06-19 10:19:04.188 12965 12965 F art     : art/runtime/runtime.cc:422]   native: #08 pc 000470c3  /system/lib/libc.so (_ZL15__pthread_startPv+22)
06-19 10:19:04.188 12965 12965 F art     : art/runtime/runtime.cc:422]   native: #09 pc 00019e3d  /system/lib/libc.so (__start_thread+6)
06-19 10:19:04.188 12965 12965 F art     : art/runtime/runtime.cc:422]   (no managed stack frames)
06-19 10:19:04.188 12965 12965 F art     : art/runtime/runtime.cc:422] 
06-19 10:19:04.188 12965 12965 F art     : art/runtime/runtime.cc:422] 
06-19 10:19:04.188 12965 12965 F art     : art/runtime/runtime.cc:427] JNI DETECTED ERROR IN APPLICATION: use of invalid jobject 0xffa35658
06-19 10:19:04.188 12965 12965 F art     : art/runtime/runtime.cc:427]     from void com.example.myndk.JNIUtils.operationArray2(int[])
06-19 10:19:04.188 12965 12965 F art     : art/runtime/runtime.cc:427] "main" prio=5 tid=1 Runnable
06-19 10:19:04.188 12965 12965 F art     : art/runtime/runtime.cc:427]   | group="main" sCount=0 dsCount=0 obj=0x743944a0 self=0xf2485400
06-19 10:19:04.188 12965 12965 F art     : art/runtime/runtime.cc:427]   | sysTid=12965 nice=-10 cgrp=default sched=0/0 handle=0xf529a534
06-19 10:19:04.188 12965 12965 F art     : art/runtime/runtime.cc:427]   | state=R schedstat=( 166985622 31155250 234 ) utm=10 stm=5 core=2 HZ=100
06-19 10:19:04.188 12965 12965 F art     : art/runtime/runtime.cc:427]   | stack=0xff23a000-0xff23c000 stackSize=8MB
06-19 10:19:04.190 12965 12965 F libc    : Fatal signal 6 (SIGABRT), code -6 in tid 12965 (m.example.myndk)
06-19 10:19:04.191   219   219 W         : debuggerd: handling request: pid=12965 uid=10040 gid=10040 tid=12965
06-19 10:19:04.276 12992 12992 F DEBUG   : *** *** *** *** *** *** *** *** *** *** *** *** *** *** *** ***
06-19 10:19:04.277 12992 12992 F DEBUG   : Build fingerprint: 'Android/rk3399_mid/rk3399_mid:7.1.2/NHG47K/user.xshuo.20180613.115732:user/release-keys'
06-19 10:19:04.277 12992 12992 F DEBUG   : Revision: '0'
06-19 10:19:04.277 12992 12992 F DEBUG   : ABI: 'arm'
06-19 10:19:04.277 12992 12992 F DEBUG   : pid: 12965, tid: 12965, name: m.example.myndk  >>> com.example.myndk <<<
06-19 10:19:04.277 12992 12992 F DEBUG   : signal 6 (SIGABRT), code -6 (SI_TKILL), fault addr --------
06-19 10:19:04.280 12992 12992 F DEBUG   : Abort message: 'art/runtime/java_vm_ext.cc:470] JNI DETECTED ERROR IN APPLICATION: use of invalid jobject 0xffa35658'
06-19 10:19:04.280 12992 12992 F DEBUG   :     r0 00000000  r1 000032a5  r2 00000006  r3 00000008
06-19 10:19:04.280 12992 12992 F DEBUG   :     r4 f529a58c  r5 00000006  r6 f529a534  r7 0000010c
06-19 10:19:04.280 12992 12992 F DEBUG   :     r8 00000000  r9 0000000a  sl 00000acd  fp f2485400
06-19 10:19:04.281 12992 12992 F DEBUG   :     ip 0000000b  sp ffa35230  lr f475f5f7  pc f4761e54  cpsr 200f0010
06-19 10:19:04.291 12992 12992 F DEBUG   : 
06-19 10:19:04.291 12992 12992 F DEBUG   : backtrace:
06-19 10:19:04.291 12992 12992 F DEBUG   :     #00 pc 00049e54  /system/lib/libc.so (tgkill+12)
06-19 10:19:04.291 12992 12992 F DEBUG   :     #01 pc 000475f3  /system/lib/libc.so (pthread_kill+34)
06-19 10:19:04.291 12992 12992 F DEBUG   :     #02 pc 0001d8a5  /system/lib/libc.so (raise+10)
06-19 10:19:04.291 12992 12992 F DEBUG   :     #03 pc 000193f1  /system/lib/libc.so (__libc_android_abort+34)
06-19 10:19:04.291 12992 12992 F DEBUG   :     #04 pc 00017034  /system/lib/libc.so (abort+4)
06-19 10:19:04.291 12992 12992 F DEBUG   :     #05 pc 0031af11  /system/lib/libart.so (_ZN3art7Runtime5AbortEPKc+328)
06-19 10:19:04.291 12992 12992 F DEBUG   :     #06 pc 000b5285  /system/lib/libart.so (_ZN3art10LogMessageD2Ev+1132)
06-19 10:19:04.291 12992 12992 F DEBUG   :     #07 pc 00239bc5  /system/lib/libart.so (_ZN3art9JavaVMExt8JniAbortEPKcS2_+1664)
06-19 10:19:04.292 12992 12992 F DEBUG   :     #08 pc 00239e2b  /system/lib/libart.so (_ZN3art9JavaVMExt9JniAbortFEPKcS2_z+66)
06-19 10:19:04.292 12992 12992 F DEBUG   :     #09 pc 00334c63  /system/lib/libart.so (_ZNK3art6Thread13DecodeJObjectEP8_jobject+302)
06-19 10:19:04.292 12992 12992 F DEBUG   :     #10 pc 000ca195  /system/lib/libart.so (_ZN3art11ScopedCheck10CheckArrayERNS_18ScopedObjectAccessEP7_jarray+28)
06-19 10:19:04.292 12992 12992 F DEBUG   :     #11 pc 000c985f  /system/lib/libart.so (_ZN3art11ScopedCheck22CheckPossibleHeapValueERNS_18ScopedObjectAccessEcNS_12JniValueTypeE+74)
06-19 10:19:04.292 12992 12992 F DEBUG   :     #12 pc 000c8d0b  /system/lib/libart.so (_ZN3art11ScopedCheck5CheckERNS_18ScopedObjectAccessEbPKcPNS_12JniValueTypeE+802)
06-19 10:19:04.292 12992 12992 F DEBUG   :     #13 pc 000d1563  /system/lib/libart.so (_ZN3art8CheckJNI23SetPrimitiveArrayRegionEPKcNS_9Primitive4TypeEP7_JNIEnvP7_jarrayiiPKv+478)
06-19 10:19:04.292 12992 12992 F DEBUG   :     #14 pc 000c60c7  /system/lib/libart.so (_ZN3art8CheckJNI17SetIntArrayRegionEP7_JNIEnvP10_jintArrayiiPKi+26)
06-19 10:19:04.292 12992 12992 F DEBUG   :     #15 pc 00000a79  /data/app/com.example.myndk-1/lib/arm/libhello-lib.so (Java_com_example_myndk_JNIUtils_operationArray2+172)
06-19 10:19:04.292 12992 12992 F DEBUG   :     #16 pc 00041e15  /data/app/com.example.myndk-1/oat/arm/base.odex (offset 0x3f000)
06-19 10:19:04.596   328   362 D alsa_route: route_set_controls() set route 24
06-19 10:19:04.597   328   362 D AudioHardwareTiny: close device
06-19 10:19:04.722   601 12993 W ActivityManager:   Force finishing activity com.example.myndk/.MainActivity
06-19 10:19:04.728   219   219 W         : debuggerd: resuming target 12965
06-19 10:19:04.731   601   618 I BootReceiver: Copying /data/tombstones/tombstone_06 to DropBox (SYSTEM_TOMBSTONE)
06-19 10:19:04.735   601 12993 W ActivityManager:   Force finishing activity com.example.myndk/.MainActivity
06-19 10:19:04.735   601 12993 W ActivityManager: Duplicate finish request for ActivityRecord{c8add19 u0 com.example.myndk/.MainActivity t25 f}
06-19 10:19:04.780   601   637 W InputDispatcher: channel 'cd23eb5 com.example.myndk/com.example.myndk.MainActivity (server)' ~ Consumer closed input channel or an error occurred.  events=0x9
06-19 10:19:04.780   601   637 E InputDispatcher: channel 'cd23eb5 com.example.myndk/com.example.myndk.MainActivity (server)' ~ Channel is unrecoverably broken and will be disposed!
06-19 10:19:04.791   601  1060 D GraphicsStats: Buffer count: 5
06-19 10:19:04.792   601  1407 I ActivityManager: Process com.example.myndk (pid 12965) has died
06-19 10:19:04.793   327   327 I Zygote  : Process 12965 exited due to signal (6)
06-19 10:19:04.796   601  1407 D ActivityManager: cleanUpApplicationRecord -- 12965
06-19 10:19:04.798   601 12058 I OpenGLRenderer: Initialized EGL, version 1.4
06-19 10:19:04.798   236   702 D GRALLOC-ROCKCHIP: enter, w : 567, h : 371, format : 0x1, usage : 0x900.
06-19 10:19:04.798   601 12058 D OpenGLRenderer: Swap behavior 1
06-19 10:19:04.802   236   702 D GRALLOC-ROCKCHIP: enter, w : 567, h : 371, format : 0x1, usage : 0x900.
06-19 10:19:04.803   601   626 I WindowManager: WIN DEATH: Window{cd23eb5 u0 com.example.myndk/com.example.myndk.MainActivity}
06-19 10:19:04.803   601   626 W InputDispatcher: Attempted to unregister already unregistered input channel 'cd23eb5 com.example.myndk/com.example.myndk.MainActivity (server)'
06-19 10:19:04.805   236   702 D GRALLOC-ROCKCHIP: enter, w : 567, h : 371, format : 0x1, usage : 0x900.
06-19 10:19:04.808   236   702 D GRALLOC-ROCKCHIP: enter, w : 567, h : 371, format : 0x1, usage : 0x900.
06-19 10:19:04.822   236   243 E BufferQueueProducer: [Application Error: com.example.myndk] connect: already connected (cur=1 req=1)
06-19 10:19:04.822   601 12058 D mali_winsys: EGLint new_window_surface(egl_winsys_display*, void*, EGLSurface, EGLConfig, egl_winsys_surface**, egl_color_buffer_format*, EGLBoolean) returns 0x3000
06-19 10:19:04.836   236   243 D GRALLOC-ROCKCHIP: enter, w : 567, h : 371, format : 0x1, usage : 0xb00.
06-19 10:19:04.839   601 12058 D GRALLOC-ROCKCHIP: enter, w : 567, h : 371, format : 0x1, usage : 0xb00.
06-19 10:19:04.843  8030  8030 D CrashReport: >>> com.sogou.teemo.translate.launcher.Launcher2 onResumed <<<
06-19 10:19:04.844  8030  8030 I CrashReport-Native: Set native info: isAppForeground(true)
06-19 10:19:04.845  8030  8030 D _TR_VOICE: zhl-lifecircle onResume
06-19 10:19:04.845  8030  8030 D _TR_VOICE: zhl-onResume setVoiceTranslateOffline
06-19 10:19:04.845  8030  8030 W tmtcp   : zhl-network is not available
06-19 10:19:04.847  8030  8046 I LogService: com.sogou.teemo.watch.log|com.sogou.teemo.watch.log.service.LogService
06-19 10:19:04.847  8030  8046 W ContextImpl: Calling a method in the system process without a qualified user: android.app.ContextImpl.startService:1357 android.content.ContextWrapper.startService:613 com.sogou.teemo.watch.log.utils.TimoLogUtils.doLog:255 com.sogou.teemo.watch.log.utils.TimoLogUtils.log:233 com.sogou.teemo.watch.log.utils.TimoLogUtils.info:65 
06-19 10:19:04.848  8030  8030 D _TR_    : -->VoiceTranslate setIsCanInit:false
06-19 10:19:04.848  8030  8030 E SogouSpeech: -->zhl-initOfflineLanguageData:directionChange:false,offline:true,offlineInitError:false
06-19 10:19:04.848  8030  8030 D _TR_    : -->VoiceTranslate setIsCanInit:true
06-19 10:19:04.848  8030  8030 D SogouSpeech: -->feifei setIsOffline:true
06-19 10:19:04.852  1362  1362 I LogService: LogService|onStartCommand
06-19 10:19:04.853  8030  8046 I LogService: com.sogou.teemo.watch.log|com.sogou.teemo.watch.log.service.LogService
06-19 10:19:04.853  8030  8046 W ContextImpl: Calling a method in the system process without a qualified user: android.app.ContextImpl.startService:1357 android.content.ContextWrapper.startService:613 com.sogou.teemo.watch.log.utils.TimoLogUtils.doLog:255 com.sogou.teemo.watch.log.utils.TimoLogUtils.log:233 com.sogou.teemo.watch.log.utils.TimoLogUtils.info:65 
06-19 10:19:04.858  1362  1362 I LogService: LogService|onStartCommand
06-19 10:19:04.859  8030  8046 I LogService: com.sogou.teemo.watch.log|com.sogou.teemo.watch.log.service.LogService
06-19 10:19:04.860  8030  8046 W ContextImpl: Calling a method in the system process without a qualified user: android.app.ContextImpl.startService:1357 android.content.ContextWrapper.startService:613 com.sogou.teemo.watch.log.utils.TimoLogUtils.doLog:255 com.sogou.teemo.watch.log.utils.TimoLogUtils.log:233 com.sogou.teemo.watch.log.utils.TimoLogUtils.info:65 
06-19 10:19:04.861   236   243 D GRALLOC-ROCKCHIP: enter, w : 480, h : 800, format : 0x1, usage : 0x900.
06-19 10:19:04.868   236   243 D GRALLOC-ROCKCHIP: enter, w : 480, h : 800, format : 0x1, usage : 0x900.
06-19 10:19:04.871   236   275 D GRALLOC-ROCKCHIP: enter, w : 567, h : 371, format : 0x1, usage : 0xb00.
06-19 10:19:04.873   236   243 D GRALLOC-ROCKCHIP: enter, w : 480, h : 800, format : 0x1, usage : 0x900.
06-19 10:19:04.878   236   243 D GRALLOC-ROCKCHIP: enter, w : 480, h : 800, format : 0x1, usage : 0x900.
06-19 10:19:04.878   601 12058 D GRALLOC-ROCKCHIP: enter, w : 567, h : 371, format : 0x1, usage : 0xb00.
06-19 10:19:04.885   236   245 E BufferQueueProducer: [com.sogou.teemo.translate.launcher/com.sogou.teemo.translate.launcher.HomeActivity2] connect: already connected (cur=1 req=1)
06-19 10:19:04.885  8030  8064 D mali_winsys: EGLint new_window_surface(egl_winsys_display*, void*, EGLSurface, EGLConfig, egl_winsys_surface**, egl_color_buffer_format*, EGLBoolean) returns 0x3000
06-19 10:19:04.887  1362  1362 I LogService: LogService|onStartCommand
06-19 10:19:04.887  1362 12916 I LogUtils: getFileNames|排除tmlog.log
06-19 10:19:04.888  1362 12916 I LogUtils: read|[/storage/emulated/0/log/app/tmlog.log.2018-06-15, /storage/emulated/0/log/app/tmlog.log.2018-06-16, /storage/emulated/0/log/app/tmlog.log.2018-06-17, /storage/emulated/0/log/app/tmlog.log.2018-06-18]
06-19 10:19:04.894   236   245 D GRALLOC-ROCKCHIP: enter, w : 567, h : 371, format : 0x1, usage : 0xb00.
06-19 10:19:04.895   236   275 D GRALLOC-ROCKCHIP: enter, w : 480, h : 800, format : 0x1, usage : 0x900.
06-19 10:19:04.901   601 12058 D GRALLOC-ROCKCHIP: enter, w : 567, h : 371, format : 0x1, usage : 0xb00.
06-19 10:19:04.901  1362 12918 I LogUtils: getFileNames|排除tmlog.log
06-19 10:19:04.901  1362 12918 I LogUtils: read|[/storage/emulated/0/log/app/tmlog.log.2018-06-15, /storage/emulated/0/log/app/tmlog.log.2018-06-16, /storage/emulated/0/log/app/tmlog.log.2018-06-17, /storage/emulated/0/log/app/tmlog.log.2018-06-18]
06-19 10:19:04.902   236   275 D GRALLOC-ROCKCHIP: enter, w : 480, h : 800, format : 0x1, usage : 0x900.
06-19 10:19:04.908   236   275 D GRALLOC-ROCKCHIP: enter, w : 480, h : 800, format : 0x1, usage : 0x900.
06-19 10:19:04.908  1362 12917 I LogUtils: getFileNames|排除tmlog.log
06-19 10:19:04.908  1362 12917 I LogUtils: read|[/storage/emulated/0/log/app/tmlog.log.2018-06-15, /storage/emulated/0/log/app/tmlog.log.2018-06-16, /storage/emulated/0/log/app/tmlog.log.2018-06-17, /storage/emulated/0/log/app/tmlog.log.2018-06-18]
06-19 10:19:04.913   236   275 D GRALLOC-ROCKCHIP: enter, w : 480, h : 800, format : 0x1, usage : 0x900.
06-19 10:19:04.920   236   275 E BufferQueueProducer: [com.sogou.teemo.translate.launcher/com.sogou.teemo.translate.launcher.Launcher2] connect: already connected (cur=1 req=1)
06-19 10:19:04.920  8030  8064 D mali_winsys: EGLint new_window_surface(egl_winsys_display*, void*, EGLSurface, EGLConfig, egl_winsys_surface**, egl_color_buffer_format*, EGLBoolean) returns 0x3000
06-19 10:19:04.936   236   639 D GRALLOC-ROCKCHIP: enter, w : 480, h : 800, format : 0x1, usage : 0xb00.
06-19 10:19:04.941  8030  8064 D GRALLOC-ROCKCHIP: enter, w : 480, h : 800, format : 0x1, usage : 0xb00.
06-19 10:19:04.952   236   243 D GRALLOC-ROCKCHIP: enter, w : 480, h : 800, format : 0x1, usage : 0xb00.
06-19 10:19:04.958  8030  8064 D GRALLOC-ROCKCHIP: enter, w : 480, h : 800, format : 0x1, usage : 0xb00.
06-19 10:19:04.977   236   639 D GRALLOC-ROCKCHIP: enter, w : 480, h : 800, format : 0x1, usage : 0xb00.
06-19 10:19:04.981  8030  8064 D GRALLOC-ROCKCHIP: enter, w : 480, h : 800, format : 0x1, usage : 0xb00.
06-19 10:19:04.991   236   243 D GRALLOC-ROCKCHIP: enter, w : 480, h : 800, format : 0x1, usage : 0xb00.
06-19 10:19:04.996  8030  8064 D GRALLOC-ROCKCHIP: enter, w : 480, h : 800, format : 0x1, usage : 0xb00.
