06-19 10:11:06.331 12859 12859 F art     : art/runtime/runtime.cc:422]   native: #08 pc 000470c3  /system/lib/libc.so (_ZL15__pthread_startPv+22)
06-19 10:11:06.331 12859 12859 F art     : art/runtime/runtime.cc:422]   native: #09 pc 00019e3d  /system/lib/libc.so (__start_thread+6)
06-19 10:11:06.331 12859 12859 F art     : art/runtime/runtime.cc:422]   (no managed stack frames)
06-19 10:11:06.331 12859 12859 F art     : art/runtime/runtime.cc:422] 
06-19 10:11:06.331 12859 12859 F art     : art/runtime/runtime.cc:422] "Binder:12859_3" prio=10 tid=11 Native
06-19 10:11:06.331 12859 12859 F art     : art/runtime/runtime.cc:422]   | group="" sCount=1 dsCount=0 obj=0x12c1f430 self=0xf2486300
06-19 10:11:06.331 12859 12859 F art     : art/runtime/runtime.cc:422]   | sysTid=12873 nice=0 cgrp=default sched=0/0 handle=0xf1197920
06-19 10:11:06.331 12859 12859 F art     : art/runtime/runtime.cc:422]   | state=S schedstat=( 10491832 8663085 17 ) utm=0 stm=0 core=3 HZ=100
06-19 10:11:06.331 12859 12859 F art     : art/runtime/runtime.cc:422]   | stack=0xf109b000-0xf109d000 stackSize=1014KB
06-19 10:11:06.331 12859 12859 F art     : art/runtime/runtime.cc:422]   | held mutexes=
06-19 10:11:06.331 12859 12859 F art     : art/runtime/runtime.cc:422]   kernel: __switch_to+0x9c/0xa8
06-19 10:11:06.331 12859 12859 F art     : art/runtime/runtime.cc:422]   kernel: binder_thread_read+0x350/0x1080
06-19 10:11:06.331 12859 12859 F art     : art/runtime/runtime.cc:422]   kernel: binder_ioctl_write_read+0x1b4/0x314
06-19 10:11:06.331 12859 12859 F art     : art/runtime/runtime.cc:422]   kernel: binder_ioctl+0x1d0/0x668
06-19 10:11:06.331 12859 12859 F art     : art/runtime/runtime.cc:422]   kernel: compat_SyS_ioctl+0x120/0x1130
06-19 10:11:06.331 12859 12859 F art     : art/runtime/runtime.cc:422]   kernel: el0_svc_naked+0x24/0x28
06-19 10:11:06.331 12859 12859 F art     : art/runtime/runtime.cc:422]   native: #00 pc 00048678  /system/lib/libc.so (__ioctl+8)
06-19 10:11:06.331 12859 12859 F art     : art/runtime/runtime.cc:422]   native: #01 pc 0001ae3f  /system/lib/libc.so (ioctl+38)
06-19 10:11:06.331 12859 12859 F art     : art/runtime/runtime.cc:422]   native: #02 pc 0003ccb7  /system/lib/libbinder.so (_ZN7android14IPCThreadState14talkWithDriverEb+202)
06-19 10:11:06.331 12859 12859 F art     : art/runtime/runtime.cc:422]   native: #03 pc 0003cdcd  /system/lib/libbinder.so (_ZN7android14IPCThreadState20getAndExecuteCommandEv+8)
06-19 10:11:06.331 12859 12859 F art     : art/runtime/runtime.cc:422]   native: #04 pc 0003d34b  /system/lib/libbinder.so (_ZN7android14IPCThreadState14joinThreadPoolEb+46)
06-19 10:11:06.331 12859 12859 F art     : art/runtime/runtime.cc:422]   native: #05 pc 0004f8f5  /system/lib/libbinder.so (???)
06-19 10:11:06.331 12859 12859 F art     : art/runtime/runtime.cc:422]   native: #06 pc 0000e345  /system/lib/libutils.so (_ZN7android6Thread11_threadLoopEPv+140)
06-19 10:11:06.331 12859 12859 F art     : art/runtime/runtime.cc:422]   native: #07 pc 000667e5  /system/lib/libandroid_runtime.so (_ZN7android14AndroidRuntime15javaThreadShellEPv+80)
06-19 10:11:06.331 12859 12859 F art     : art/runtime/runtime.cc:422]   native: #08 pc 000470c3  /system/lib/libc.so (_ZL15__pthread_startPv+22)
06-19 10:11:06.331 12859 12859 F art     : art/runtime/runtime.cc:422]   native: #09 pc 00019e3d  /system/lib/libc.so (__start_thread+6)
06-19 10:11:06.331 12859 12859 F art     : art/runtime/runtime.cc:422]   (no managed stack frames)
06-19 10:11:06.331 12859 12859 F art     : art/runtime/runtime.cc:422] 
06-19 10:11:06.331 12859 12859 F art     : art/runtime/runtime.cc:422] "Profile Saver" prio=10 tid=12 Native
06-19 10:11:06.331 12859 12859 F art     : art/runtime/runtime.cc:422]   | group="" sCount=1 dsCount=0 obj=0x12c1f4c0 self=0xe958fc00
06-19 10:11:06.331 12859 12859 F art     : art/runtime/runtime.cc:422]   | sysTid=12874 nice=-10 cgrp=default sched=0/0 handle=0xf104d920
06-19 10:11:06.331 12859 12859 F art     : art/runtime/runtime.cc:422]   | state=S schedstat=( 4921003 2118958 9 ) utm=0 stm=0 core=4 HZ=100
06-19 10:11:06.331 12859 12859 F art     : art/runtime/runtime.cc:422]   | stack=0xf0f51000-0xf0f53000 stackSize=1014KB
06-19 10:11:06.331 12859 12859 F art     : art/runtime/runtime.cc:422]   | held mutexes=
06-19 10:11:06.331 12859 12859 F art     : art/runtime/runtime.cc:422]   kernel: __switch_to+0x9c/0xa8
06-19 10:11:06.331 12859 12859 F art     : art/runtime/runtime.cc:422]   kernel: futex_wait_queue_me+0xcc/0x130
06-19 10:11:06.331 12859 12859 F art     : art/runtime/runtime.cc:422]   kernel: futex_wait+0xe8/0x1ec
06-19 10:11:06.331 12859 12859 F art     : art/runtime/runtime.cc:422]   kernel: do_futex+0xdc/0x4e0
06-19 10:11:06.331 12859 12859 F art     : art/runtime/runtime.cc:422]   kernel: compat_SyS_futex+0xdc/0x168
06-19 10:11:06.331 12859 12859 F art     : art/runtime/runtime.cc:422]   kernel: el0_svc_naked+0x24/0x28
06-19 10:11:06.331 12859 12859 F art     : art/runtime/runtime.cc:422]   native: #00 pc 00017404  /system/lib/libc.so (syscall+28)
06-19 10:11:06.331 12859 12859 F art     : art/runtime/runtime.cc:422]   native: #01 pc 000b6e49  /system/lib/libart.so (_ZN3art17ConditionVariable16WaitHoldingLocksEPNS_6ThreadE+92)
06-19 10:11:06.331 12859 12859 F art     : art/runtime/runtime.cc:422]   native: #02 pc 00259d2d  /system/lib/libart.so (_ZN3art12ProfileSaver3RunEv+296)
06-19 10:11:06.331 12859 12859 F art     : art/runtime/runtime.cc:422]   native: #03 pc 0025b069  /system/lib/libart.so (_ZN3art12ProfileSaver21RunProfileSaverThreadEPv+52)
06-19 10:11:06.331 12859 12859 F art     : art/runtime/runtime.cc:422]   native: #04 pc 000470c3  /system/lib/libc.so (_ZL15__pthread_startPv+22)
06-19 10:11:06.331 12859 12859 F art     : art/runtime/runtime.cc:422]   native: #05 pc 00019e3d  /system/lib/libc.so (__start_thread+6)
06-19 10:11:06.331 12859 12859 F art     : art/runtime/runtime.cc:422]   (no managed stack frames)
06-19 10:11:06.331 12859 12859 F art     : art/runtime/runtime.cc:422] 
06-19 10:11:06.331 12859 12859 F art     : art/runtime/runtime.cc:422] "RenderThread" prio=10 tid=13 Native
06-19 10:11:06.331 12859 12859 F art     : art/runtime/runtime.cc:422]   | group="" sCount=1 dsCount=0 obj=0x12c78700 self=0xe42add00
06-19 10:11:06.331 12859 12859 F art     : art/runtime/runtime.cc:422]   | sysTid=12876 nice=-10 cgrp=default sched=0/0 handle=0xf0f2e920
06-19 10:11:06.331 12859 12859 F art     : art/runtime/runtime.cc:422]   | state=S schedstat=( 198716582 23750661 109 ) utm=16 stm=2 core=0 HZ=100
06-19 10:11:06.331 12859 12859 F art     : art/runtime/runtime.cc:422]   | stack=0xf0e32000-0xf0e34000 stackSize=1014KB
06-19 10:11:06.331 12859 12859 F art     : art/runtime/runtime.cc:422]   | held mutexes=
06-19 10:11:06.331 12859 12859 F art     : art/runtime/runtime.cc:422]   kernel: __switch_to+0x9c/0xa8
06-19 10:11:06.331 12859 12859 F art     : art/runtime/runtime.cc:422]   kernel: SyS_epoll_wait+0x2b8/0x368
06-19 10:11:06.331 12859 12859 F art     : art/runtime/runtime.cc:422]   kernel: compat_SyS_epoll_pwait+0xc0/0x13c
06-19 10:11:06.331 12859 12859 F art     : art/runtime/runtime.cc:422]   kernel: el0_svc_naked+0x24/0x28
06-19 10:11:06.331 12859 12859 F art     : art/runtime/runtime.cc:422]   native: #00 pc 00048538  /system/lib/libc.so (__epoll_pwait+20)
06-19 10:11:06.331 12859 12859 F art     : art/runtime/runtime.cc:422]   native: #01 pc 0001a1ed  /system/lib/libc.so (epoll_pwait+60)
06-19 10:11:06.331 12859 12859 F art     : art/runtime/runtime.cc:422]   native: #02 pc 0001a21d  /system/lib/libc.so (epoll_wait+12)
06-19 10:11:06.332 12859 12859 F art     : art/runtime/runtime.cc:422]   native: #03 pc 00011c83  /system/lib/libutils.so (_ZN7android6Looper9pollInnerEi+118)
06-19 10:11:06.332 12859 12859 F art     : art/runtime/runtime.cc:422]   native: #04 pc 00011b7f  /system/lib/libutils.so (_ZN7android6Looper8pollOnceEiPiS1_PPv+26)
06-19 10:11:06.332 12859 12859 F art     : art/runtime/runtime.cc:422]   native: #05 pc 00029161  /system/lib/libhwui.so (_ZN7android10uirenderer12renderthread12RenderThread10threadLoopEv+284)
06-19 10:11:06.332 12859 12859 F art     : art/runtime/runtime.cc:422]   native: #06 pc 0000e345  /system/lib/libutils.so (_ZN7android6Thread11_threadLoopEPv+140)
06-19 10:11:06.332 12859 12859 F art     : art/runtime/runtime.cc:422]   native: #07 pc 000667e5  /system/lib/libandroid_runtime.so (_ZN7android14AndroidRuntime15javaThreadShellEPv+80)
06-19 10:11:06.332 12859 12859 F art     : art/runtime/runtime.cc:422]   native: #08 pc 000470c3  /system/lib/libc.so (_ZL15__pthread_startPv+22)
06-19 10:11:06.332 12859 12859 F art     : art/runtime/runtime.cc:422]   native: #09 pc 00019e3d  /system/lib/libc.so (__start_thread+6)
06-19 10:11:06.332 12859 12859 F art     : art/runtime/runtime.cc:422]   (no managed stack frames)
06-19 10:11:06.332 12859 12859 F art     : art/runtime/runtime.cc:422] 
06-19 10:11:06.332 12859 12859 F art     : art/runtime/runtime.cc:422] 
06-19 10:11:06.332 12859 12859 F art     : art/runtime/runtime.cc:427] JNI DETECTED ERROR IN APPLICATION: use of invalid jobject 0xffa35658
06-19 10:11:06.332 12859 12859 F art     : art/runtime/runtime.cc:427]     from void com.example.myndk.JNIUtils.operationArray2(int[])
06-19 10:11:06.332 12859 12859 F art     : art/runtime/runtime.cc:427] "main" prio=5 tid=1 Runnable
06-19 10:11:06.332 12859 12859 F art     : art/runtime/runtime.cc:427]   | group="main" sCount=0 dsCount=0 obj=0x743944a0 self=0xf2485400
06-19 10:11:06.332 12859 12859 F art     : art/runtime/runtime.cc:427]   | sysTid=12859 nice=-10 cgrp=default sched=0/0 handle=0xf529a534
06-19 10:11:06.332 12859 12859 F art     : art/runtime/runtime.cc:427]   | state=R schedstat=( 217706534 51372709 293 ) utm=15 stm=5 core=0 HZ=100
06-19 10:11:06.332 12859 12859 F art     : art/runtime/runtime.cc:427]   | stack=0xff23a000-0xff23c000 stackSize=8MB
06-19 10:11:06.332 12859 12859 F art     : art/runtime/runtime.cc:427]   | held mutexes= "mutator lock"(shared held)
06-19 10:11:06.332 12859 12859 F art     : art/runtime/runtime.cc:427]   native: #00 pc 00350ab5  /system/lib/libart.so (_ZN3art15DumpNativeStackERNSt3__113basic_ostreamIcNS0_11char_traitsIcEEEEiP12BacktraceMapPKcPNS_9ArtMethodEPv+128)
06-19 10:11:06.332 12859 12859 F art     : art/runtime/runtime.cc:427]   native: #01 pc 003311f9  /system/lib/libart.so (_ZNK3art6Thread9DumpStackERNSt3__113basic_ostreamIcNS1_11char_traitsIcEEEEbP12BacktraceMap+308)
06-19 10:11:06.332 12859 12859 F art     : art/runtime/runtime.cc:427]   native: #02 pc 00239895  /system/lib/libart.so (_ZN3art9JavaVMExt8JniAbortEPKcS2_+848)
06-19 10:11:06.332 12859 12859 F art     : art/runtime/runtime.cc:427]   native: #03 pc 00239e2b  /system/lib/libart.so (_ZN3art9JavaVMExt9JniAbortFEPKcS2_z+66)
06-19 10:11:06.332 12859 12859 F art     : art/runtime/runtime.cc:427]   native: #04 pc 00334c63  /system/lib/libart.so (_ZNK3art6Thread13DecodeJObjectEP8_jobject+302)
06-19 10:11:06.332 12859 12859 F art     : art/runtime/runtime.cc:427]   native: #05 pc 000ca195  /system/lib/libart.so (_ZN3art11ScopedCheck10CheckArrayERNS_18ScopedObjectAccessEP7_jarray+28)
06-19 10:11:06.332 12859 12859 F art     : art/runtime/runtime.cc:427]   native: #06 pc 000c985f  /system/lib/libart.so (_ZN3art11ScopedCheck22CheckPossibleHeapValueERNS_18ScopedObjectAccessEcNS_12JniValueTypeE+74)
06-19 10:11:06.332 12859 12859 F art     : art/runtime/runtime.cc:427]   native: #07 pc 000c8d0b  /system/lib/libart.so (_ZN3art11ScopedCheck5CheckERNS_18ScopedObjectAccessEbPKcPNS_12JniValueTypeE+802)
06-19 10:11:06.332 12859 12859 F art     : art/runtime/runtime.cc:427]   native: #08 pc 000d1563  /system/lib/libart.so (_ZN3art8CheckJNI23SetPrimitiveArrayRegionEPKcNS_9Primitive4TypeEP7_JNIEnvP7_jarrayiiPKv+478)
06-19 10:11:06.332 12859 12859 F art     : art/runtime/runtime.cc:427]   native: #09 pc 000c60c7  /system/lib/libart.so (_ZN3art8CheckJNI17SetIntArrayRegionEP7_JNIEnvP10_jintArrayiiPKi+26)
06-19 10:11:06.332 12859 12859 F art     : art/runtime/runtime.cc:427]   native: #10 pc 00000a79  /data/app/com.example.myndk-1/lib/arm/libhello-lib.so (Java_com_example_myndk_JNIUtils_operationArray2+172)
06-19 10:11:06.332 12859 12859 F art     : art/runtime/runtime.cc:427]   native: #11 pc 00002e15  /data/app/com.example.myndk-1/oat/arm/base.odex (Java_com_example_myndk_JNIUtils_operationArray2___3I+96)
06-19 10:11:06.332 12859 12859 F art     : art/runtime/runtime.cc:427]   at com.example.myndk.JNIUtils.operationArray2(Native method)
06-19 10:11:06.332 12859 12859 F art     : art/runtime/runtime.cc:427]   at com.example.myndk.MainActivity.onClick(MainActivity.java:43)
06-19 10:11:06.332 12859 12859 F art     : art/runtime/runtime.cc:427]   at java.lang.reflect.Method.invoke!(Native method)
06-19 10:11:06.332 12859 12859 F art     : art/runtime/runtime.cc:427]   at android.view.View$DeclaredOnClickListener.onClick(View.java:4720)
06-19 10:11:06.332 12859 12859 F art     : art/runtime/runtime.cc:427]   at android.view.View.performClick(View.java:5637)
06-19 10:11:06.332 12859 12859 F art     : art/runtime/runtime.cc:427]   at android.view.View$PerformClick.run(View.java:22445)
06-19 10:11:06.332 12859 12859 F art     : art/runtime/runtime.cc:427]   at android.os.Handler.handleCallback(Handler.java:755)
06-19 10:11:06.332 12859 12859 F art     : art/runtime/runtime.cc:427]   at android.os.Handler.dispatchMessage(Handler.java:95)
06-19 10:11:06.332 12859 12859 F art     : art/runtime/runtime.cc:427]   at android.os.Looper.loop(Looper.java:154)
06-19 10:11:06.332 12859 12859 F art     : art/runtime/runtime.cc:427]   at android.app.ActivityThread.main(ActivityThread.java:6121)
06-19 10:11:06.332 12859 12859 F art     : art/runtime/runtime.cc:427]   at java.lang.reflect.Method.invoke!(Native method)
06-19 10:11:06.332 12859 12859 F art     : art/runtime/runtime.cc:427]   at com.android.internal.os.ZygoteInit$MethodAndArgsCaller.run(ZygoteInit.java:912)
06-19 10:11:06.332 12859 12859 F art     : art/runtime/runtime.cc:427]   at com.android.internal.os.ZygoteInit.main(ZygoteInit.java:802)
06-19 10:11:06.332 12859 12859 F art     : art/runtime/runtime.cc:427] 
06-19 10:11:06.332 12859 12859 F art     : art/runtime/runtime.cc:427] 
--------- beginning of crash
06-19 10:11:06.333 12859 12859 F libc    : Fatal signal 6 (SIGABRT), code -6 in tid 12859 (m.example.myndk)
06-19 10:11:06.334   219   219 W         : debuggerd: handling request: pid=12859 uid=10040 gid=10040 tid=12859
06-19 10:11:06.419 12904 12904 F DEBUG   : *** *** *** *** *** *** *** *** *** *** *** *** *** *** *** ***
06-19 10:11:06.420 12904 12904 F DEBUG   : Build fingerprint: 'Android/rk3399_mid/rk3399_mid:7.1.2/NHG47K/user.xshuo.20180613.115732:user/release-keys'
06-19 10:11:06.420 12904 12904 F DEBUG   : Revision: '0'
06-19 10:11:06.420 12904 12904 F DEBUG   : ABI: 'arm'
06-19 10:11:06.420 12904 12904 F DEBUG   : pid: 12859, tid: 12859, name: m.example.myndk  >>> com.example.myndk <<<
06-19 10:11:06.420 12904 12904 F DEBUG   : signal 6 (SIGABRT), code -6 (SI_TKILL), fault addr --------
06-19 10:11:06.423 12904 12904 F DEBUG   : Abort message: 'art/runtime/java_vm_ext.cc:470] JNI DETECTED ERROR IN APPLICATION: use of invalid jobject 0xffa35658'
06-19 10:11:06.424 12904 12904 F DEBUG   :     r0 00000000  r1 0000323b  r2 00000006  r3 00000008
06-19 10:11:06.424 12904 12904 F DEBUG   :     r4 f529a58c  r5 00000006  r6 f529a534  r7 0000010c
06-19 10:11:06.424 12904 12904 F DEBUG   :     r8 00000000  r9 0000000a  sl 00000acd  fp f2485400
06-19 10:11:06.424 12904 12904 F DEBUG   :     ip 00000000  sp ffa35230  lr f475f5f7  pc f4761e54  cpsr 200f0010
06-19 10:11:06.436 12904 12904 F DEBUG   : 
06-19 10:11:06.436 12904 12904 F DEBUG   : backtrace:
06-19 10:11:06.436 12904 12904 F DEBUG   :     #00 pc 00049e54  /system/lib/libc.so (tgkill+12)
06-19 10:11:06.436 12904 12904 F DEBUG   :     #01 pc 000475f3  /system/lib/libc.so (pthread_kill+34)
06-19 10:11:06.436 12904 12904 F DEBUG   :     #02 pc 0001d8a5  /system/lib/libc.so (raise+10)
06-19 10:11:06.436 12904 12904 F DEBUG   :     #03 pc 000193f1  /system/lib/libc.so (__libc_android_abort+34)
06-19 10:11:06.436 12904 12904 F DEBUG   :     #04 pc 00017034  /system/lib/libc.so (abort+4)
06-19 10:11:06.436 12904 12904 F DEBUG   :     #05 pc 0031af11  /system/lib/libart.so (_ZN3art7Runtime5AbortEPKc+328)
06-19 10:11:06.436 12904 12904 F DEBUG   :     #06 pc 000b5285  /system/lib/libart.so (_ZN3art10LogMessageD2Ev+1132)
06-19 10:11:06.436 12904 12904 F DEBUG   :     #07 pc 00239bc5  /system/lib/libart.so (_ZN3art9JavaVMExt8JniAbortEPKcS2_+1664)
06-19 10:11:06.436 12904 12904 F DEBUG   :     #08 pc 00239e2b  /system/lib/libart.so (_ZN3art9JavaVMExt9JniAbortFEPKcS2_z+66)
06-19 10:11:06.436 12904 12904 F DEBUG   :     #09 pc 00334c63  /system/lib/libart.so (_ZNK3art6Thread13DecodeJObjectEP8_jobject+302)
06-19 10:11:06.436 12904 12904 F DEBUG   :     #10 pc 000ca195  /system/lib/libart.so (_ZN3art11ScopedCheck10CheckArrayERNS_18ScopedObjectAccessEP7_jarray+28)
06-19 10:11:06.436 12904 12904 F DEBUG   :     #11 pc 000c985f  /system/lib/libart.so (_ZN3art11ScopedCheck22CheckPossibleHeapValueERNS_18ScopedObjectAccessEcNS_12JniValueTypeE+74)
06-19 10:11:06.436 12904 12904 F DEBUG   :     #12 pc 000c8d0b  /system/lib/libart.so (_ZN3art11ScopedCheck5CheckERNS_18ScopedObjectAccessEbPKcPNS_12JniValueTypeE+802)
06-19 10:11:06.436 12904 12904 F DEBUG   :     #13 pc 000d1563  /system/lib/libart.so (_ZN3art8CheckJNI23SetPrimitiveArrayRegionEPKcNS_9Primitive4TypeEP7_JNIEnvP7_jarrayiiPKv+478)
06-19 10:11:06.436 12904 12904 F DEBUG   :     #14 pc 000c60c7  /system/lib/libart.so (_ZN3art8CheckJNI17SetIntArrayRegionEP7_JNIEnvP10_jintArrayiiPKi+26)
06-19 10:11:06.436 12904 12904 F DEBUG   :     #15 pc 00000a79  /data/app/com.example.myndk-1/lib/arm/libhello-lib.so (Java_com_example_myndk_JNIUtils_operationArray2+172)
06-19 10:11:06.436 12904 12904 F DEBUG   :     #16 pc 00041e15  /data/app/com.example.myndk-1/oat/arm/base.odex (offset 0x3f000)
06-19 10:11:06.711   328   362 D alsa_route: route_set_controls() set route 24
06-19 10:11:06.711   328   362 D AudioHardwareTiny: close device
06-19 10:11:06.948   601 12905 W ActivityManager:   Force finishing activity com.example.myndk/.MainActivity
06-19 10:11:06.953   219   219 W         : debuggerd: resuming target 12859
06-19 10:11:06.954   601   618 I BootReceiver: Copying /data/tombstones/tombstone_05 to DropBox (SYSTEM_TOMBSTONE)
06-19 10:11:06.969   601 12905 W ActivityManager:   Force finishing activity com.example.myndk/.MainActivity
06-19 10:11:06.970   601 12905 W ActivityManager: Duplicate finish request for ActivityRecord{b7beeda u0 com.example.myndk/.MainActivity t24 f}
06-19 10:11:07.017   601   637 W InputDispatcher: channel '5597f32 com.example.myndk/com.example.myndk.MainActivity (server)' ~ Consumer closed input channel or an error occurred.  events=0x9
06-19 10:11:07.017   601   637 E InputDispatcher: channel '5597f32 com.example.myndk/com.example.myndk.MainActivity (server)' ~ Channel is unrecoverably broken and will be disposed!
06-19 10:11:07.031   601  1404 D GraphicsStats: Buffer count: 5
06-19 10:11:07.032   601  1408 I ActivityManager: Process com.example.myndk (pid 12859) has died
06-19 10:11:07.032   601  1408 D ActivityManager: cleanUpApplicationRecord -- 12859
06-19 10:11:07.033   327   327 I Zygote  : Process 12859 exited due to signal (6)
06-19 10:11:07.040   601  5337 I WindowManager: WIN DEATH: Window{5597f32 u0 com.example.myndk/com.example.myndk.MainActivity}
06-19 10:11:07.040   601  5337 W InputDispatcher: Attempted to unregister already unregistered input channel '5597f32 com.example.myndk/com.example.myndk.MainActivity (server)'
06-19 10:11:07.088   236   243 D GRALLOC-ROCKCHIP: enter, w : 480, h : 800, format : 0x1, usage : 0x900.
06-19 10:11:07.094   236   243 D GRALLOC-ROCKCHIP: enter, w : 480, h : 800, format : 0x1, usage : 0x900.
06-19 10:11:07.099   236   243 D GRALLOC-ROCKCHIP: enter, w : 480, h : 800, format : 0x1, usage : 0x900.
06-19 10:11:07.102   236   243 D GRALLOC-ROCKCHIP: enter, w : 480, h : 800, format : 0x1, usage : 0x900.
06-19 10:11:07.109   236   275 E BufferQueueProducer: [com.sogou.teemo.translate.launcher/com.sogou.teemo.translate.launcher.HomeActivity2] connect: already connected (cur=1 req=1)
06-19 10:11:07.110  8030  8064 D mali_winsys: EGLint new_window_surface(egl_winsys_display*, void*, EGLSurface, EGLConfig, egl_winsys_surface**, egl_color_buffer_format*, EGLBoolean) returns 0x3000
06-19 10:11:07.115  8030  8030 D CrashReport: >>> com.sogou.teemo.translate.launcher.Launcher2 onResumed <<<
06-19 10:11:07.117  8030  8030 I CrashReport-Native: Set native info: isAppForeground(true)
06-19 10:11:07.119  8030  8030 D _TR_VOICE: zhl-lifecircle onResume
06-19 10:11:07.121  8030  8046 I LogService: com.sogou.teemo.watch.log|com.sogou.teemo.watch.log.service.LogService
06-19 10:11:07.122  8030  8046 W ContextImpl: Calling a method in the system process without a qualified user: android.app.ContextImpl.startService:1357 android.content.ContextWrapper.startService:613 com.sogou.teemo.watch.log.utils.TimoLogUtils.doLog:255 com.sogou.teemo.watch.log.utils.TimoLogUtils.log:233 com.sogou.teemo.watch.log.utils.TimoLogUtils.info:65 
06-19 10:11:07.123  8030  8030 D _TR_VOICE: zhl-onResume setVoiceTranslateOffline
06-19 10:11:07.125  8030  8030 W tmtcp   : zhl-network is not available
06-19 10:11:07.130  8030  8030 D _TR_    : -->VoiceTranslate setIsCanInit:false
06-19 10:11:07.131   601 12058 I OpenGLRenderer: Initialized EGL, version 1.4
06-19 10:11:07.131   601 12058 D OpenGLRenderer: Swap behavior 1
06-19 10:11:07.133  8030  8030 E SogouSpeech: -->zhl-initOfflineLanguageData:directionChange:false,offline:true,offlineInitError:false
06-19 10:11:07.134  8030  8030 D _TR_    : -->VoiceTranslate setIsCanInit:true
06-19 10:11:07.134  8030  8030 D SogouSpeech: -->feifei setIsOffline:true
06-19 10:11:07.144   236   702 E BufferQueueProducer: [Application Error: com.example.myndk] connect: already connected (cur=1 req=1)
06-19 10:11:07.145   601 12058 D mali_winsys: EGLint new_window_surface(egl_winsys_display*, void*, EGLSurface, EGLConfig, egl_winsys_surface**, egl_color_buffer_format*, EGLBoolean) returns 0x3000
06-19 10:11:07.145   236   702 D GRALLOC-ROCKCHIP: enter, w : 567, h : 371, format : 0x1, usage : 0x900.
06-19 10:11:07.148   236   702 D GRALLOC-ROCKCHIP: enter, w : 567, h : 371, format : 0x1, usage : 0x900.
06-19 10:11:07.150  1362  1362 I LogService: LogService|onStartCommand
06-19 10:11:07.151   236   702 D GRALLOC-ROCKCHIP: enter, w : 567, h : 371, format : 0x1, usage : 0x900.
06-19 10:11:07.152  8030  8046 I LogService: com.sogou.teemo.watch.log|com.sogou.teemo.watch.log.service.LogService
06-19 10:11:07.153  8030  8046 W ContextImpl: Calling a method in the system process without a qualified user: android.app.ContextImpl.startService:1357 android.content.ContextWrapper.startService:613 com.sogou.teemo.watch.log.utils.TimoLogUtils.doLog:255 com.sogou.teemo.watch.log.utils.TimoLogUtils.log:233 com.sogou.teemo.watch.log.utils.TimoLogUtils.info:65 
06-19 10:11:07.153   236   702 D GRALLOC-ROCKCHIP: enter, w : 567, h : 371, format : 0x1, usage : 0x900.
06-19 10:11:07.158  1362  1362 I LogService: LogService|onStartCommand
06-19 10:11:07.159  8030  8046 I LogService: com.sogou.teemo.watch.log|com.sogou.teemo.watch.log.service.LogService
06-19 10:11:07.160  8030  8046 W ContextImpl: Calling a method in the system process without a qualified user: android.app.ContextImpl.startService:1357 android.content.ContextWrapper.startService:613 com.sogou.teemo.watch.log.utils.TimoLogUtils.doLog:255 com.sogou.teemo.watch.log.utils.TimoLogUtils.log:233 com.sogou.teemo.watch.log.utils.TimoLogUtils.info:65 
06-19 10:11:07.165  1362  1362 I LogService: LogService|onStartCommand
06-19 10:11:07.184  1362 12795 I LogUtils: getFileNames|排除tmlog.log
06-19 10:11:07.184  1362 12795 I LogUtils: read|[/storage/emulated/0/log/app/tmlog.log.2018-06-15, /storage/emulated/0/log/app/tmlog.log.2018-06-16, /storage/emulated/0/log/app/tmlog.log.2018-06-17, /storage/emulated/0/log/app/tmlog.log.2018-06-18]
06-19 10:11:07.185   236   639 D GRALLOC-ROCKCHIP: enter, w : 567, h : 371, format : 0x1, usage : 0xb00.
06-19 10:11:07.192   236   702 D GRALLOC-ROCKCHIP: enter, w : 480, h : 800, format : 0x1, usage : 0xb00.
06-19 10:11:07.193   601 12058 D GRALLOC-ROCKCHIP: enter, w : 567, h : 371, format : 0x1, usage : 0xb00.
06-19 10:11:07.197  8030  8064 D GRALLOC-ROCKCHIP: enter, w : 480, h : 800, format : 0x1, usage : 0xb00.
06-19 10:11:07.198  1362 12839 I LogUtils: getFileNames|排除tmlog.log
06-19 10:11:07.198  1362 12839 I LogUtils: read|[/storage/emulated/0/log/app/tmlog.log.2018-06-15, /storage/emulated/0/log/app/tmlog.log.2018-06-16, /storage/emulated/0/log/app/tmlog.log.2018-06-17, /storage/emulated/0/log/app/tmlog.log.2018-06-18]
06-19 10:11:07.204  1362 12841 I LogUtils: getFileNames|排除tmlog.log
06-19 10:11:07.204  1362 12841 I LogUtils: read|[/storage/emulated/0/log/app/tmlog.log.2018-06-15, /storage/emulated/0/log/app/tmlog.log.2018-06-16, /storage/emulated/0/log/app/tmlog.log.2018-06-17, /storage/emulated/0/log/app/tmlog.log.2018-06-18]
06-19 10:11:07.215   236   639 D GRALLOC-ROCKCHIP: enter, w : 480, h : 800, format : 0x1, usage : 0xb00.
06-19 10:11:07.219   236   275 D GRALLOC-ROCKCHIP: enter, w : 567, h : 371, format : 0x1, usage : 0xb00.
06-19 10:11:07.221  8030  8064 D GRALLOC-ROCKCHIP: enter, w : 480, h : 800, format : 0x1, usage : 0xb00.
06-19 10:11:07.224   601 12058 D GRALLOC-ROCKCHIP: enter, w : 567, h : 371, format : 0x1, usage : 0xb00.
06-19 10:11:07.241   236   702 D GRALLOC-ROCKCHIP: enter, w : 480, h : 800, format : 0x1, usage : 0x900.
06-19 10:11:07.246   236   702 D GRALLOC-ROCKCHIP: enter, w : 480, h : 800, format : 0x1, usage : 0x900.
06-19 10:11:07.251   236   702 D GRALLOC-ROCKCHIP: enter, w : 480, h : 800, format : 0x1, usage : 0x900.
06-19 10:11:07.253   236   275 D GRALLOC-ROCKCHIP: enter, w : 567, h : 371, format : 0x1, usage : 0xb00.
06-19 10:11:07.254   236   702 D GRALLOC-ROCKCHIP: enter, w : 480, h : 800, format : 0x1, usage : 0x900.
06-19 10:11:07.260   236   245 E BufferQueueProducer: [com.sogou.teemo.translate.launcher/com.sogou.teemo.translate.launcher.Launcher2] connect: already connected (cur=1 req=1)
06-19 10:11:07.261   601 12058 D GRALLOC-ROCKCHIP: enter, w : 567, h : 371, format : 0x1, usage : 0xb00.
06-19 10:11:07.261  8030  8064 D mali_winsys: EGLint new_window_surface(egl_winsys_display*, void*, EGLSurface, EGLConfig, egl_winsys_surface**, egl_color_buffer_format*, EGLBoolean) returns 0x3000
06-19 10:11:07.280   236   275 D GRALLOC-ROCKCHIP: enter, w : 480, h : 800, format : 0x1, usage : 0xb00.
06-19 10:11:07.284  8030  8064 D GRALLOC-ROCKCHIP: enter, w : 480, h : 800, format : 0x1, usage : 0xb00.
06-19 10:11:07.294   236   702 D GRALLOC-ROCKCHIP: enter, w : 480, h : 800, format : 0x1, usage : 0xb00.
06-19 10:11:07.298  8030  8064 D GRALLOC-ROCKCHIP: enter, w : 480, h : 800, format : 0x1, usage : 0xb00.
06-19 10:11:48.700   601   662 E wifi    : wifi_get_supported_feature_set returned error = 0xffffffa1
06-19 10:11:48.702   601   617 E BatteryStatsService: no controller energy info supplied
06-19 10:11:48.702   601   617 E BatteryStatsService: no controller energy info supplied
06-19 10:11:48.702   601   617 E BatteryStatsService: no controller energy info supplied
06-19 10:11:48.703   601   617 E BatteryStatsService: power: Missing API
06-19 10:11:48.703   704   704 D BatteryMeterTxt: >>> onBatteryLevelChanged [72 - true - true]
06-19 10:11:48.704   704   704 D BatteryMeterView: >>> onBatteryLevelChanged(72 - true - true)
06-19 10:11:48.704   704   704 D BatteryMeterView: >>> onBatteryLevelChanged(72 - true - true)
06-19 10:12:06.010   601   623 I PowerManagerService: Going to sleep due to screen timeout (uid 1000)...
06-19 10:12:06.011   601   623 I PowerManagerService: Sleeping (uid 1000)...
06-19 10:12:06.015   601   614 I VrManagerService: VR mode is disallowed
06-19 10:12:06.015  8030  8030 D CrashReport: >>> com.sogou.teemo.translate.launcher.Launcher2 onPaused <<<
06-19 10:12:06.018  8030  8030 I CrashReport-Native: Set native info: isAppForeground(false)
06-19 10:12:06.026   236   243 E BufferQueueProducer: [ColorFade] connect: already connected (cur=1 req=1)
06-19 10:12:06.026   601   623 D mali_winsys: EGLint new_window_surface(egl_winsys_display*, void*, EGLSurface, EGLConfig, egl_winsys_surface**, egl_color_buffer_format*, EGLBoolean) returns 0x3000
06-19 10:12:06.038   236   702 D GRALLOC-ROCKCHIP: enter, w : 480, h : 800, format : 0x1, usage : 0x333.
06-19 10:12:06.038   236   702 D GRALLOC-ROCKCHIP: [File] : hardware/rockchip/libgralloc/gralloc_drm_rockchip.c; [Line] : 1315; [Func] : drm_gem_rockchip_alloc;
06-19 10:12:06.038   236   702 D GRALLOC-ROCKCHIP: to ask for cachable buffer for CPU read, usage : 0x333
06-19 10:12:06.043   601   623 D GRALLOC-ROCKCHIP: enter, w : 480, h : 800, format : 0x1, usage : 0x333.
06-19 10:12:06.043   601   623 D GRALLOC-ROCKCHIP: [File] : hardware/rockchip/libgralloc/gralloc_drm_rockchip.c; [Line] : 1315; [Func] : drm_gem_rockchip_alloc;
06-19 10:12:06.043   601   623 D GRALLOC-ROCKCHIP: to ask for cachable buffer for CPU read, usage : 0x333
06-19 10:12:06.045   236   236 D GRALLOC-ROCKCHIP: enter, w : 480, h : 800, format : 0x1, usage : 0x333.
06-19 10:12:06.045   236   236 D GRALLOC-ROCKCHIP: [File] : hardware/rockchip/libgralloc/gralloc_drm_rockchip.c; [Line] : 1315; [Func] : drm_gem_rockchip_alloc;
06-19 10:12:06.045   236   236 D GRALLOC-ROCKCHIP: to ask for cachable buffer for CPU read, usage : 0x333
06-19 10:12:06.068  8030  8030 D SogouSpeech: -->zhl-mp3-release
06-19 10:12:06.064  8030  8030 I nslate.launcher: type=1400 audit(0.0:312): avc: denied { write } for name="governor" dev="sysfs" ino=17845 scontext=u:r:system_app:s0 tcontext=u:object_r:sysfs:s0 tclass=file permissive=1
06-19 10:12:06.068  8030  8030 D Process : >>> enhanceSogoPerformance status[0]
06-19 10:12:06.068  8030  8030 D Process : XJDAN openNode /sys/devices/platform/ff9a0000.gpu/devfreq/ff9a0000.gpu/governor 
06-19 10:12:06.068  8030  8030 E Process : XJDAN value [simple_ondemand] to index[0]
06-19 10:12:06.068  8030  8030 D Process : XJDAN openNode /sys/devices/system/cpu/cpu0/cpufreq/scaling_governor 
06-19 10:12:06.068  8030  8030 E Process : XJDAN value [interactive] to index[1]
06-19 10:12:06.069  8030  8030 D Process : XJDAN openNode /sys/devices/system/cpu/cpu4/cpufreq/scaling_governor 
06-19 10:12:06.069  8030  8030 E Process : XJDAN value [interactive] to index[2]
06-19 10:12:06.069  8030  8030 D Process : XJDAN openNode /sys/devices/platform/ff9a0000.gpu/power_policy 
06-19 10:12:06.069  8030  8030 E Process : XJDAN value [demand] to index[3]
06-19 10:12:06.069  8030  8030 D Process : XJDAN openNode /sys/devices/system/cpu/cpu0/online 
06-19 10:12:06.069  8030  8030 E Process : XJDAN value [1] to index[4]
06-19 10:12:06.069  8030  8030 D Process : XJDAN openNode /sys/devices/system/cpu/cpu1/online 
06-19 10:12:06.070  8030  8030 E Process : XJDAN value [1] to index[5]
06-19 10:12:06.070  8030  8030 D Process : XJDAN openNode /sys/devices/system/cpu/cpu2/online 
06-19 10:12:06.070  8030  8030 E Process : XJDAN value [1] to index[6]
06-19 10:12:06.070  8030  8030 D Process : XJDAN openNode /sys/devices/system/cpu/cpu3/online 
06-19 10:12:06.070  8030  8030 E Process : XJDAN value [1] to index[7]
06-19 10:12:06.070  8030  8030 D Process : XJDAN openNode /sys/devices/system/cpu/cpu0/cpufreq/scaling_governor 
06-19 10:12:06.070  8030  8030 E Process : XJDAN value [interactive] to index[1]
06-19 10:12:06.070  8030  8030 D tmtcp   : setCpuLevel:0
06-19 10:12:06.070  8030  8030 D Process : >>> enhanceSogoDDR status[0]
06-19 10:12:06.070  8030  8030 D Process : XJDAN openNode /sys/class/devfreq/dmc/governor 
06-19 10:12:06.071  8030  8030 E Process : XJDAN value [dmc_ondemand] to index[8]
06-19 10:12:06.071  8030  8030 D tmtcp   : setDDRLevel:0
06-19 10:12:06.072  8030  8030 D _TR_VOICE: zhl-remove timeout Messages
06-19 10:12:06.073  8030  8030 I LogService: com.sogou.teemo.watch.log|com.sogou.teemo.watch.log.service.LogService
06-19 10:12:06.073  8030  8046 I LogService: com.sogou.teemo.watch.log|com.sogou.teemo.watch.log.service.LogService
06-19 10:12:06.074   236   702 D GRALLOC-ROCKCHIP: enter, w : 480, h : 800, format : 0x1, usage : 0xb00.
06-19 10:12:06.074  8030  8046 W ContextImpl: Calling a method in the system process without a qualified user: android.app.ContextImpl.startService:1357 android.content.ContextWrapper.startService:613 com.sogou.teemo.watch.log.utils.TimoLogUtils.doLog:255 com.sogou.teemo.watch.log.utils.TimoLogUtils.log:233 com.sogou.teemo.watch.log.utils.TimoLogUtils.info:65 
06-19 10:12:06.074  8030  8030 W ContextImpl: Calling a method in the system process without a qualified user: android.app.ContextImpl.startService:1357 android.content.ContextWrapper.startService:613 com.sogou.teemo.watch.log.utils.TimoLogUtils.doLog:255 com.sogou.teemo.watch.log.utils.TimoLogUtils.log:233 com.sogou.teemo.watch.log.utils.TimoLogUtils.statisticsTiming:140 
06-19 10:12:06.079   601   623 D GRALLOC-ROCKCHIP: enter, w : 480, h : 800, format : 0x1, usage : 0xb00.
06-19 10:12:06.082  1362  1362 I LogService: LogService|onStartCommand
06-19 10:12:06.083  8030  8030 D _TR_VOICE: lifecircle zhl-onStop
06-19 10:12:06.083  8030  8030 D _TR_VOICE: canStartAudioAgain:true
06-19 10:12:06.083  8030  8030 D _TR_VOICE_xq: -->call releaseOnlineTrans
06-19 10:12:06.083  8030  8030 D _TR_VOICE_xq: -->releaseOfflineTTS 
06-19 10:12:06.083  8030  8081 D xq      : -->MSG_ON_QUIT2 8081
06-19 10:12:06.084  8030  8046 I LogService: com.sogou.teemo.watch.log|com.sogou.teemo.watch.log.service.LogService
06-19 10:12:06.084  8030  8046 W ContextImpl: Calling a method in the system process without a qualified user: android.app.ContextImpl.startService:1357 android.content.ContextWrapper.startService:613 com.sogou.teemo.watch.log.utils.TimoLogUtils.doLog:255 com.sogou.teemo.watch.log.utils.TimoLogUtils.log:233 com.sogou.teemo.watch.log.utils.TimoLogUtils.info:65 
06-19 10:12:06.084  1362  1362 I LogService: LogService|onStartCommand
06-19 10:12:06.087  1362  1362 I LogService: LogService|onStartCommand
06-19 10:12:06.089  8030  8046 I LogService: com.sogou.teemo.watch.log|com.sogou.teemo.watch.log.service.LogService
06-19 10:12:06.089  8030  8046 W ContextImpl: Calling a method in the system process without a qualified user: android.app.ContextImpl.startService:1357 android.content.ContextWrapper.startService:613 com.sogou.teemo.watch.log.utils.TimoLogUtils.doLog:255 com.sogou.teemo.watch.log.utils.TimoLogUtils.log:233 com.sogou.teemo.watch.log.utils.TimoLogUtils.info:65 
06-19 10:12:06.092  1362  1362 I LogService: LogService|onStartCommand
06-19 10:12:06.096  8030  8046 I LogService: com.sogou.teemo.watch.log|com.sogou.teemo.watch.log.service.LogService
06-19 10:12:06.096  8030  8046 W ContextImpl: Calling a method in the system process without a qualified user: android.app.ContextImpl.startService:1357 android.content.ContextWrapper.startService:613 com.sogou.teemo.watch.log.utils.TimoLogUtils.doLog:255 com.sogou.teemo.watch.log.utils.TimoLogUtils.log:233 com.sogou.teemo.watch.log.utils.TimoLogUtils.info:65 
06-19 10:12:06.102   236   702 D GRALLOC-ROCKCHIP: enter, w : 480, h : 800, format : 0x1, usage : 0xb00.
06-19 10:12:06.106  1362  1362 I LogService: LogService|onStartCommand
06-19 10:12:06.107   704   704 W FingerprintManager: isFingerprintHardwareDetected(): Service not connected!
06-19 10:12:06.110   601   623 D GRALLOC-ROCKCHIP: enter, w : 480, h : 800, format : 0x1, usage : 0xb00.
06-19 10:12:06.113  8030  8046 I LogService: com.sogou.teemo.watch.log|com.sogou.teemo.watch.log.service.LogService
06-19 10:12:06.113  8030  8046 W ContextImpl: Calling a method in the system process without a qualified user: android.app.ContextImpl.startService:1357 android.content.ContextWrapper.startService:613 com.sogou.teemo.watch.log.utils.TimoLogUtils.doLog:255 com.sogou.teemo.watch.log.utils.TimoLogUtils.log:233 com.sogou.teemo.watch.log.utils.TimoLogUtils.info:65 
06-19 10:12:06.117  1362 12839 I LogUtils: getFileNames|排除tmlog.log
06-19 10:12:06.118  1362 12839 I LogUtils: read|[/storage/emulated/0/log/statistics/tmlog.log.2018-06-15, /storage/emulated/0/log/statistics/tmlog.log.2018-06-18]
06-19 10:12:06.120   236   702 D GRALLOC-ROCKCHIP: enter, w : 480, h : 800, format : 0x1, usage : 0xb00.
06-19 10:12:06.121  1362  1362 I LogService: LogService|onStartCommand
06-19 10:12:06.125  1362 12795 I LogUtils: getFileNames|排除tmlog.log
06-19 10:12:06.126  1362 12795 I LogUtils: read|[/storage/emulated/0/log/app/tmlog.log.2018-06-15, /storage/emulated/0/log/app/tmlog.log.2018-06-16, /storage/emulated/0/log/app/tmlog.log.2018-06-17, /storage/emulated/0/log/app/tmlog.log.2018-06-18]
06-19 10:12:06.130   601   623 D GRALLOC-ROCKCHIP: enter, w : 480, h : 800, format : 0x1, usage : 0xb00.
06-19 10:12:06.135  1362 12841 I LogUtils: getFileNames|排除tmlog.log
06-19 10:12:06.135  1362 12841 I LogUtils: read|[/storage/emulated/0/log/app/tmlog.log.2018-06-15, /storage/emulated/0/log/app/tmlog.log.2018-06-16, /storage/emulated/0/log/app/tmlog.log.2018-06-17, /storage/emulated/0/log/app/tmlog.log.2018-06-18]
06-19 10:12:06.141  1362 12908 I LogUtils: getFileNames|排除tmlog.log
06-19 10:12:06.141  1362 12908 I LogUtils: read|[/storage/emulated/0/log/app/tmlog.log.2018-06-15, /storage/emulated/0/log/app/tmlog.log.2018-06-16, /storage/emulated/0/log/app/tmlog.log.2018-06-17, /storage/emulated/0/log/app/tmlog.log.2018-06-18]
06-19 10:12:06.142   601   701 E Lights Hal: write_int failed to open /sys/class/backlight/rk28_bl/brightness
06-19 10:12:06.146  1362 12909 I LogUtils: getFileNames|排除tmlog.log
06-19 10:12:06.146  1362 12909 I LogUtils: read|[/storage/emulated/0/log/app/tmlog.log.2018-06-15, /storage/emulated/0/log/app/tmlog.log.2018-06-16, /storage/emulated/0/log/app/tmlog.log.2018-06-17, /storage/emulated/0/log/app/tmlog.log.2018-06-18]
06-19 10:12:06.150  1362 12839 I LogUtils: getFileNames|排除tmlog.log
06-19 10:12:06.150  1362 12839 I LogUtils: read|[/storage/emulated/0/log/app/tmlog.log.2018-06-15, /storage/emulated/0/log/app/tmlog.log.2018-06-16, /storage/emulated/0/log/app/tmlog.log.2018-06-17, /storage/emulated/0/log/app/tmlog.log.2018-06-18]
06-19 10:12:06.162   601   701 E Lights Hal: write_int failed to open /sys/class/backlight/rk28_bl/brightness
06-19 10:12:06.179   601   701 E Lights Hal: write_int failed to open /sys/class/backlight/rk28_bl/brightness
06-19 10:12:06.195   601   701 E Lights Hal: write_int failed to open /sys/class/backlight/rk28_bl/brightness
06-19 10:12:06.212   601   701 E Lights Hal: write_int failed to open /sys/class/backlight/rk28_bl/brightness
06-19 10:12:06.228   601   701 E Lights Hal: write_int failed to open /sys/class/backlight/rk28_bl/brightness
06-19 10:12:06.246   601   701 E Lights Hal: write_int failed to open /sys/class/backlight/rk28_bl/brightness
06-19 10:12:06.266   601   701 E Lights Hal: write_int failed to open /sys/class/backlight/rk28_bl/brightness
06-19 10:12:06.280   601   701 E Lights Hal: write_int failed to open /sys/class/backlight/rk28_bl/brightness
06-19 10:12:06.296   601   701 E Lights Hal: write_int failed to open /sys/class/backlight/rk28_bl/brightness
06-19 10:12:06.313   601   701 E Lights Hal: write_int failed to open /sys/class/backlight/rk28_bl/brightness
06-19 10:12:06.330   601   701 E Lights Hal: write_int failed to open /sys/class/backlight/rk28_bl/brightness
06-19 10:12:06.346   601   701 E Lights Hal: write_int failed to open /sys/class/backlight/rk28_bl/brightness
06-19 10:12:06.363   601   701 E Lights Hal: write_int failed to open /sys/class/backlight/rk28_bl/brightness
06-19 10:12:06.380   601   701 E Lights Hal: write_int failed to open /sys/class/backlight/rk28_bl/brightness
06-19 10:12:06.398   601   701 E Lights Hal: write_int failed to open /sys/class/backlight/rk28_bl/brightness
06-19 10:12:06.415   601   701 E Lights Hal: write_int failed to open /sys/class/backlight/rk28_bl/brightness
06-19 10:12:06.434   601   701 E Lights Hal: write_int failed to open /sys/class/backlight/rk28_bl/brightness
06-19 10:12:06.448   601   701 E Lights Hal: write_int failed to open /sys/class/backlight/rk28_bl/brightness
06-19 10:12:06.463   601   701 E Lights Hal: write_int failed to open /sys/class/backlight/rk28_bl/brightness
06-19 10:12:06.479   601   701 E Lights Hal: write_int failed to open /sys/class/backlight/rk28_bl/brightness
06-19 10:12:06.496   601   701 E Lights Hal: write_int failed to open /sys/class/backlight/rk28_bl/brightness
06-19 10:12:06.513   601   701 E Lights Hal: write_int failed to open /sys/class/backlight/rk28_bl/brightness
06-19 10:12:06.529   601   701 E Lights Hal: write_int failed to open /sys/class/backlight/rk28_bl/brightness
06-19 10:12:06.547   601   623 V KeyguardServiceDelegate: onScreenTurnedOff()
06-19 10:12:06.572   601   701 E Lights Hal: write_int failed to open /sys/class/backlight/rk28_bl/brightness
06-19 10:12:06.572   601   621 I DisplayManagerService: Display device changed state: "内置屏幕", OFF
06-19 10:12:06.577   236   236 D SurfaceFlinger: Set power mode=0, type=0 flinger=0x7aa2e48000
06-19 10:12:07.011   601   701 D SurfaceControl: Excessive delay in setPowerMode(): 436ms
06-19 10:12:07.025   328   371 D AudioHardwareTiny: adev_set_parameters: kvpairs = screen_state=off
06-19 10:12:07.034   704   704 W FingerprintManager: isFingerprintHardwareDetected(): Service not connected!
06-19 10:12:07.048  8030  8030 I System.out: zhl—— SCREEN_OFF ——
06-19 10:12:07.048  8030  8030 I LogService: com.sogou.teemo.watch.log|com.sogou.teemo.watch.log.service.LogService
06-19 10:12:07.049  8030  8030 W ContextImpl: Calling a method in the system process without a qualified user: android.app.ContextImpl.startService:1357 android.content.ContextWrapper.startService:613 com.sogou.teemo.watch.log.utils.TimoLogUtils.doLog:255 com.sogou.teemo.watch.log.utils.TimoLogUtils.log:233 com.sogou.teemo.watch.log.utils.TimoLogUtils.statisticsTiming:140 
06-19 10:12:07.052   601   662 D WifiStateMachine: stop driver
06-19 10:12:07.055  1362  1362 I LogService: LogService|onStartCommand
06-19 10:12:07.055  8030  8030 D Process : >>> enhanceSogoPerformance status[0]
06-19 10:12:07.055  8030  8030 D Process : XJDAN openNode /sys/devices/platform/ff9a0000.gpu/devfreq/ff9a0000.gpu/governor 
06-19 10:12:07.056  8030  8030 E Process : XJDAN value [simple_ondemand] to index[0]
06-19 10:12:07.056  8030  8030 D Process : XJDAN openNode /sys/devices/system/cpu/cpu0/cpufreq/scaling_governor 
06-19 10:12:07.056  8030  8030 E Process : XJDAN value [interactive] to index[1]
06-19 10:12:07.056  8030  8030 D Process : XJDAN openNode /sys/devices/system/cpu/cpu4/cpufreq/scaling_governor 
06-19 10:12:07.056  8030  8030 E Process : XJDAN value [interactive] to index[2]
06-19 10:12:07.057  8030  8030 D Process : XJDAN openNode /sys/devices/platform/ff9a0000.gpu/power_policy 
06-19 10:12:07.057  8030  8030 E Process : XJDAN value [demand] to index[3]
06-19 10:12:07.057  8030  8030 D Process : XJDAN openNode /sys/devices/system/cpu/cpu0/online 
06-19 10:12:07.057  8030  8030 E Process : XJDAN value [1] to index[4]
06-19 10:12:07.057  8030  8030 D Process : XJDAN openNode /sys/devices/system/cpu/cpu1/online 
06-19 10:12:07.057  8030  8030 E Process : XJDAN value [1] to index[5]
06-19 10:12:07.057  8030  8030 D Process : XJDAN openNode /sys/devices/system/cpu/cpu2/online 
06-19 10:12:07.057  8030  8030 E Process : XJDAN value [1] to index[6]
06-19 10:12:07.057  8030  8030 D Process : XJDAN openNode /sys/devices/system/cpu/cpu3/online 
06-19 10:12:07.057  8030  8030 E Process : XJDAN value [1] to index[7]
06-19 10:12:07.057  8030  8030 D Process : XJDAN openNode /sys/devices/system/cpu/cpu0/cpufreq/scaling_governor 
06-19 10:12:07.057  8030  8030 E Process : XJDAN value [interactive] to index[1]
06-19 10:12:07.058  8030  8030 D tmtcp   : setCpuLevel:0
06-19 10:12:07.058  8030  8030 D Process : >>> enhanceSogoDDR status[0]
06-19 10:12:07.058  8030  8030 D Process : XJDAN openNode /sys/class/devfreq/dmc/governor 
06-19 10:12:07.058  8030  8030 E Process : XJDAN value [dmc_ondemand] to index[8]
06-19 10:12:07.058  8030  8030 D tmtcp   : setDDRLevel:0
06-19 10:12:07.061  8030  8046 I LogService: com.sogou.teemo.watch.log|com.sogou.teemo.watch.log.service.LogService
06-19 10:12:07.062  8030  8046 W ContextImpl: Calling a method in the system process without a qualified user: android.app.ContextImpl.startService:1357 android.content.ContextWrapper.startService:613 com.sogou.teemo.watch.log.utils.TimoLogUtils.doLog:255 com.sogou.teemo.watch.log.utils.TimoLogUtils.log:233 com.sogou.teemo.watch.log.utils.TimoLogUtils.info:65 
06-19 10:12:07.067  1362  1362 I LogService: LogService|onStartCommand
06-19 10:12:07.071  8030  8046 I LogService: com.sogou.teemo.watch.log|com.sogou.teemo.watch.log.service.LogService
06-19 10:12:07.071  8030  8046 W ContextImpl: Calling a method in the system process without a qualified user: android.app.ContextImpl.startService:1357 android.content.ContextWrapper.startService:613 com.sogou.teemo.watch.log.utils.TimoLogUtils.doLog:255 com.sogou.teemo.watch.log.utils.TimoLogUtils.log:233 com.sogou.teemo.watch.log.utils.TimoLogUtils.info:65 
06-19 10:12:07.079  7447  7447 I wpa_supplicant: wlan0: CTRL-EVENT-DRIVER-STATE STOPPED
06-19 10:12:07.084  1362  1362 I LogService: LogService|onStartCommand
06-19 10:12:07.087   601   662 I WifiConnectivityManager: Set WiFi disabled
06-19 10:12:07.087   601   662 D wifi    : android_net_wifi_reset_alert_handler = 0x7becbae720
06-19 10:12:07.087   601   662 E WifiHAL : failed to request reset; result = -95
06-19 10:12:07.087   601   662 D wifi    : android_net_wifi_reset_log_handler = 0x7becbae720
06-19 10:12:07.087   601   662 I WifiHAL : Failed to remove command 27: 0x0
06-19 10:12:07.087   601   662 D WifiHAL : Success to clear alerthandler
06-19 10:12:07.093   704  1013 D XJDAN   : ---------------ABNORMAL WIFI ICON[2130838318]
06-19 10:12:07.094   601   664 I WifiScanningService: wifi driver unloaded
06-19 10:12:07.094   601   601 D RttService: SCAN_AVAILABLE : 1
06-19 10:12:07.094   601   664 W AlarmManager: Unrecognized alarm listener com.android.server.wifi.scanner.SupplicantWifiScannerImpl$2@95c3fcc
06-19 10:12:07.095   601   665 D RttService: EnabledState got{ when=0 what=160513 target=com.android.internal.util.StateMachine$SmHandler }
06-19 10:12:07.096   601   662 E wifi    : wifi_get_supported_feature_set returned error = 0xffffffa1
06-19 10:12:07.097   601   617 E BatteryStatsService: no controller energy info supplied
06-19 10:12:07.098  1362 12909 I LogUtils: getFileNames|排除tmlog.log
06-19 10:12:07.098  1362 12909 I LogUtils: read|[/storage/emulated/0/log/app/tmlog.log.2018-06-15, /storage/emulated/0/log/app/tmlog.log.2018-06-16, /storage/emulated/0/log/app/tmlog.log.2018-06-17, /storage/emulated/0/log/app/tmlog.log.2018-06-18]
06-19 10:12:07.102  1362 12839 I LogUtils: getFileNames|排除tmlog.log
06-19 10:12:07.102  1362 12839 I LogUtils: read|[/storage/emulated/0/log/statistics/tmlog.log.2018-06-15, /storage/emulated/0/log/statistics/tmlog.log.2018-06-18]
06-19 10:12:07.104   601   662 E wifi    : wifi_get_supported_feature_set returned error = 0xffffffa1
06-19 10:12:07.105   601   617 E BatteryStatsService: no controller energy info supplied
06-19 10:12:07.107  1362 12908 I LogUtils: getFileNames|排除tmlog.log
06-19 10:12:07.107  1362 12908 I LogUtils: read|[/storage/emulated/0/log/app/tmlog.log.2018-06-15, /storage/emulated/0/log/app/tmlog.log.2018-06-16, /storage/emulated/0/log/app/tmlog.log.2018-06-17, /storage/emulated/0/log/app/tmlog.log.2018-06-18]
06-19 10:12:51.056   704   704 D BatteryMeterTxt: >>> onBatteryLevelChanged [72 - true - true]
06-19 10:12:51.057   704   704 D BatteryMeterView: >>> onBatteryLevelChanged(72 - true - true)
06-19 10:12:51.058   704   704 D BatteryMeterView: >>> onBatteryLevelChanged(72 - true - true)
06-19 10:13:51.056   704   704 D BatteryMeterTxt: >>> onBatteryLevelChanged [72 - true - true]
06-19 10:13:51.056   704   704 D BatteryMeterView: >>> onBatteryLevelChanged(72 - true - true)
06-19 10:13:51.057   704   704 D BatteryMeterView: >>> onBatteryLevelChanged(72 - true - true)
06-19 10:14:51.058   704   704 D BatteryMeterTxt: >>> onBatteryLevelChanged [72 - true - true]
06-19 10:14:51.058   704   704 D BatteryMeterView: >>> onBatteryLevelChanged(72 - true - true)
06-19 10:14:51.059   704   704 D BatteryMeterView: >>> onBatteryLevelChanged(72 - true - true)
06-19 10:15:25.190   601   662 E wifi    : wifi_get_supported_feature_set returned error = 0xffffffa1
06-19 10:15:25.191   601   617 E BatteryStatsService: no controller energy info supplied
06-19 10:15:25.191   601   617 E BatteryStatsService: no controller energy info supplied
06-19 10:15:25.191   601   617 E BatteryStatsService: no controller energy info supplied
06-19 10:15:25.192   601   617 E BatteryStatsService: power: Missing API
06-19 10:15:25.195   704   704 D BatteryMeterTxt: >>> onBatteryLevelChanged [73 - true - true]
06-19 10:15:25.195   704   704 D BatteryMeterView: >>> onBatteryLevelChanged(73 - true - true)
06-19 10:15:25.196   704   704 D BatteryMeterView: >>> onBatteryLevelChanged(73 - true - true)
06-19 10:15:32.039  8030  8041 I art     : Background partial concurrent mark sweep GC freed 514052(7MB) AllocSpace objects, 0(0B) LOS objects, 17% free, 74MB/90MB, paused 1.168ms total 137.216ms
06-19 10:15:39.768  8030  8050 D CrashReport: [AsyncTaskHandler] Post a normal task: com.tencent.bugly.crashreport.biz.a$2
06-19 10:15:39.768  8030  8050 D CrashReport: Uploading frequency will not be checked if SDK is in debug mode.
06-19 10:15:39.778  8030  8050 D CrashReport: [UserInfo] Upload user info(size: 18)
06-19 10:15:39.779  8030  8050 D CrashReport: summary type 3 vm:7
