06-19 10:15:39.779  8030  8050 D CrashReport: summary type 2 vm:7
06-19 10:15:39.779  8030  8050 D CrashReport: summary type 3 vm:7
06-19 10:15:39.780  8030  8050 D CrashReport: summary type 3 vm:7
06-19 10:15:39.780  8030  8050 D CrashReport: summary type 3 vm:7
06-19 10:15:39.781  8030  8050 D CrashReport: summary type 3 vm:7
06-19 10:15:39.781  8030  8050 D CrashReport: summary type 3 vm:7
06-19 10:15:39.781  8030  8050 D CrashReport: summary type 3 vm:7
06-19 10:15:39.782  8030  8050 D CrashReport: summary type 3 vm:7
06-19 10:15:39.782  8030  8050 D CrashReport: summary type 3 vm:7
06-19 10:15:39.782  8030  8050 D CrashReport: summary type 3 vm:7
06-19 10:15:39.783  8030  8050 D CrashReport: summary type 3 vm:7
06-19 10:15:39.783  8030  8050 D CrashReport: summary type 3 vm:7
06-19 10:15:39.783  8030  8050 D CrashReport: summary type 3 vm:7
06-19 10:15:39.784  8030  8050 D CrashReport: summary type 3 vm:7
06-19 10:15:39.784  8030  8050 D CrashReport: summary type 3 vm:7
06-19 10:15:39.784  8030  8050 D CrashReport: summary type 3 vm:7
06-19 10:15:39.785  8030  8050 D CrashReport: summary type 3 vm:7
06-19 10:15:39.817  8030  8050 D CrashReport: [UploadManager] Add upload task (pid=8030 | tid=8050)
06-19 10:15:39.817  8030  8050 D CrashReport: [UploadManager] Initialize security context now (pid=8030 | tid=8050)
06-19 10:15:39.817  8030  8050 D CrashReport: [UploadManager] Add upload task to queue (pid=8030 | tid=8050)
06-19 10:15:39.817  8030  8050 I CrashReport: [UploadManager] Create and start a new thread to execute a task of initializing security context: BUGLY_ASYNC_UPLOAD
06-19 10:15:39.821  8030 12910 D CrashReport: [Util] try to lock file:security_info (pid=8030 | tid=12910)
06-19 10:15:39.823  8030 12910 D CrashReport: [Util] successfully locked file:security_info (pid=8030 | tid=12910)
06-19 10:15:39.824  8030 12910 D CrashReport: [UploadManager] Load security info from database (pid=8030 | tid=12910)
06-19 10:15:39.826  8030 12910 D CrashReport: [UploadManager] Execute one upload task for requesting session ID (pid=8030 | tid=12910)
06-19 10:15:39.827  8030 12910 D CrashReport: [UploadManager] Try to poll all upload task need and put them into temp queue (pid=8030 | tid=12910)
06-19 10:15:39.827  8030 12910 D CrashReport: [UploadManager] Execute upload tasks of queue which has 1 tasks (pid=8030 | tid=12910)
06-19 10:15:39.827  8030 12910 D CrashReport: [AsyncTaskHandler] Post a normal task: com.tencent.bugly.proguard.u$2
06-19 10:15:39.830  8030  8052 E CrashReport: [Upload] Failed to upload(0) userinfo: network is not available
06-19 10:15:39.830  8030  8052 D CrashReport: [UploadManager] Fail to init security context and clear local info (pid=8030 | tid=8052)
06-19 10:15:39.830  8030  8052 D CrashReport: [UploadManager] Clear security context (pid=8030 | tid=8052)
06-19 10:15:39.830  8030  8052 D CrashReport: [Util] try to unlock file:security_info (pid=8030 | tid=8052)
06-19 10:15:39.832  8030  8052 D CrashReport: [Util] successfully unlocked file:security_info (pid=8030 | tid=8052)
06-19 10:15:51.056   704   704 D BatteryMeterTxt: >>> onBatteryLevelChanged [73 - true - true]
06-19 10:15:51.057   704   704 D BatteryMeterView: >>> onBatteryLevelChanged(73 - true - true)
06-19 10:15:51.057   704   704 D BatteryMeterView: >>> onBatteryLevelChanged(73 - true - true)
06-19 10:16:07.080   601 12905 W ActivityManager: Ignoring remove of inactive process: ProcessRecord{3229063 0:com.example.myndk/u0a40}
06-19 10:16:07.107   601   615 W AppOps  : Finishing op nesting under-run: uid 1000 pkg android code 24 time=0 duration=0 nesting=0
06-19 10:16:51.054   704   704 D BatteryMeterTxt: >>> onBatteryLevelChanged [73 - true - true]
06-19 10:16:51.054   704   704 D BatteryMeterView: >>> onBatteryLevelChanged(73 - true - true)
06-19 10:16:51.056   704   704 D BatteryMeterView: >>> onBatteryLevelChanged(73 - true - true)
06-19 10:17:51.055   704   704 D BatteryMeterTxt: >>> onBatteryLevelChanged [73 - true - true]
06-19 10:17:51.056   704   704 D BatteryMeterView: >>> onBatteryLevelChanged(73 - true - true)
06-19 10:17:51.056   704   704 D BatteryMeterView: >>> onBatteryLevelChanged(73 - true - true)
06-19 10:18:51.058   704   704 D BatteryMeterTxt: >>> onBatteryLevelChanged [73 - true - true]
06-19 10:18:51.058   704   704 D BatteryMeterView: >>> onBatteryLevelChanged(73 - true - true)
06-19 10:18:51.059   704   704 D BatteryMeterView: >>> onBatteryLevelChanged(73 - true - true)
06-19 10:18:52.909   601   638 V XJDAN   : KeyEvent.KEYCODE_POWER [true] bIgnorePower [false]
06-19 10:18:52.910   601   638 W TelecomManager: Telecom Service not found.
06-19 10:18:52.911   601   638 I PowerManagerService: Waking up from sleep (uid 1000)...
06-19 10:18:52.912   601   623 I DisplayPowerController: Blocking screen on until initial contents have been drawn.
06-19 10:18:52.912   601   601 V KeyguardServiceDelegate: onStartedWakingUp()
06-19 10:18:52.930   601   623 V KeyguardServiceDelegate: onScreenTurnedOn(showListener = com.android.server.policy.PhoneWindowManager$2@ef3696d)
06-19 10:18:52.938  8030  8030 D CrashReport: >>> com.sogou.teemo.translate.launcher.Launcher2 onResumed <<<
06-19 10:18:52.940   328   371 D AudioHardwareTiny: adev_set_parameters: kvpairs = screen_state=on
06-19 10:18:52.941  8030  8030 I CrashReport-Native: Set native info: isAppForeground(true)
06-19 10:18:52.942  8030  8030 I CrashReport: [session] launch app one times (app in background 406 seconds and over 30 seconds)
06-19 10:18:52.943  8030  8030 D CrashReport: [AsyncTaskHandler] Post a delay(time: 0ms) task: com.tencent.bugly.crashreport.biz.a$a
06-19 10:18:52.943  8030  8030 I CrashReport: add a timer to upload hot start user info
06-19 10:18:52.943  8030  8050 D CrashReport: [UserInfo] Record user info.
06-19 10:18:52.944  8030  8030 D CrashReport: [AsyncTaskHandler] Post a delay(time: 300000ms) task: com.tencent.bugly.crashreport.biz.a$a
06-19 10:18:52.950   236   236 D SurfaceFlinger: Set power mode=2, type=0 flinger=0x7aa2e48000
06-19 10:18:52.953   601   621 I DisplayManagerService: Display device changed state: "内置屏幕", ON
06-19 10:18:52.957  8030  8030 D _TR_VOICE: zhl-lifecircle onResume
06-19 10:18:52.957  8030  8030 D _TR_VOICE: zhl-onResume setVoiceTranslateOffline
06-19 10:18:52.959  8030  8030 W tmtcp   : zhl-network is not available
06-19 10:18:52.960  8030  8046 I LogService: com.sogou.teemo.watch.log|com.sogou.teemo.watch.log.service.LogService
06-19 10:18:52.961  8030  8046 W ContextImpl: Calling a method in the system process without a qualified user: android.app.ContextImpl.startService:1357 android.content.ContextWrapper.startService:613 com.sogou.teemo.watch.log.utils.TimoLogUtils.doLog:255 com.sogou.teemo.watch.log.utils.TimoLogUtils.log:233 com.sogou.teemo.watch.log.utils.TimoLogUtils.info:65 
06-19 10:18:52.966  8030  8030 D _TR_    : -->VoiceTranslate setIsCanInit:false
06-19 10:18:52.966   601   767 V KeyguardServiceDelegate: **** SHOWN CALLED ****
06-19 10:18:52.967  8030  8030 E SogouSpeech: -->zhl-initOfflineLanguageData:directionChange:false,offline:true,offlineInitError:false
06-19 10:18:52.967  8030  8030 D _TR_    : -->VoiceTranslate setIsCanInit:true
06-19 10:18:52.967  8030  8030 D SogouSpeech: -->feifei setIsOffline:true
06-19 10:18:52.974  1362  1362 I LogService: LogService|onStartCommand
06-19 10:18:52.976  8030  8050 D CrashReport: [Database] insert t_ui success.
06-19 10:18:52.976  8030  8050 D CrashReport: [Database] insert t_ui success with ID: 23
06-19 10:18:52.980  8030  8046 I LogService: com.sogou.teemo.watch.log|com.sogou.teemo.watch.log.service.LogService
06-19 10:18:52.981  8030  8046 W ContextImpl: Calling a method in the system process without a qualified user: android.app.ContextImpl.startService:1357 android.content.ContextWrapper.startService:613 com.sogou.teemo.watch.log.utils.TimoLogUtils.doLog:255 com.sogou.teemo.watch.log.utils.TimoLogUtils.log:233 com.sogou.teemo.watch.log.utils.TimoLogUtils.info:65 
06-19 10:18:52.987  1362  1362 I LogService: LogService|onStartCommand
06-19 10:18:52.990  8030  8046 I LogService: com.sogou.teemo.watch.log|com.sogou.teemo.watch.log.service.LogService
06-19 10:18:52.991  8030  8046 W ContextImpl: Calling a method in the system process without a qualified user: android.app.ContextImpl.startService:1357 android.content.ContextWrapper.startService:613 com.sogou.teemo.watch.log.utils.TimoLogUtils.doLog:255 com.sogou.teemo.watch.log.utils.TimoLogUtils.log:233 com.sogou.teemo.watch.log.utils.TimoLogUtils.info:65 
06-19 10:18:52.995  1362 12916 I LogUtils: getFileNames|排除tmlog.log
06-19 10:18:52.996  1362 12916 I LogUtils: read|[/storage/emulated/0/log/app/tmlog.log.2018-06-15, /storage/emulated/0/log/app/tmlog.log.2018-06-16, /storage/emulated/0/log/app/tmlog.log.2018-06-17, /storage/emulated/0/log/app/tmlog.log.2018-06-18]
06-19 10:18:52.997  8030  8030 I System.out: zhl—— SCREEN_ON ——
06-19 10:18:52.998  8030  8030 I LogService: com.sogou.teemo.watch.log|com.sogou.teemo.watch.log.service.LogService
06-19 10:18:52.998  8030  8030 W ContextImpl: Calling a method in the system process without a qualified user: android.app.ContextImpl.startService:1357 android.content.ContextWrapper.startService:613 com.sogou.teemo.watch.log.utils.TimoLogUtils.doLog:255 com.sogou.teemo.watch.log.utils.TimoLogUtils.log:233 com.sogou.teemo.watch.log.utils.TimoLogUtils.statisticsTiming:140 
06-19 10:18:53.002  1362  1362 I LogService: LogService|onStartCommand
06-19 10:18:53.011  1362  1362 I LogService: LogService|onStartCommand
06-19 10:18:53.020  1362 12917 I LogUtils: getFileNames|排除tmlog.log
06-19 10:18:53.020  1362 12917 I LogUtils: read|[/storage/emulated/0/log/app/tmlog.log.2018-06-15, /storage/emulated/0/log/app/tmlog.log.2018-06-16, /storage/emulated/0/log/app/tmlog.log.2018-06-17, /storage/emulated/0/log/app/tmlog.log.2018-06-18]
06-19 10:18:53.020   236   702 D GRALLOC-ROCKCHIP: enter, w : 480, h : 800, format : 0x1, usage : 0xb00.
06-19 10:18:53.027  8030  8064 D GRALLOC-ROCKCHIP: enter, w : 480, h : 800, format : 0x1, usage : 0xb00.
06-19 10:18:53.027  1362 12916 I LogUtils: getFileNames|排除tmlog.log
06-19 10:18:53.028  1362 12916 I LogUtils: read|[/storage/emulated/0/log/app/tmlog.log.2018-06-15, /storage/emulated/0/log/app/tmlog.log.2018-06-16, /storage/emulated/0/log/app/tmlog.log.2018-06-17, /storage/emulated/0/log/app/tmlog.log.2018-06-18]
06-19 10:18:53.032  1362 12918 I LogUtils: getFileNames|排除tmlog.log
06-19 10:18:53.032  1362 12918 I LogUtils: read|[/storage/emulated/0/log/statistics/tmlog.log.2018-06-15, /storage/emulated/0/log/statistics/tmlog.log.2018-06-18]
06-19 10:18:53.077   601   638 V XJDAN   : KeyEvent.KEYCODE_POWER [false] bIgnorePower [false]
06-19 10:18:53.699  7447  7447 I wpa_supplicant: wlan0: CTRL-EVENT-DRIVER-STATE STARTED
06-19 10:18:53.749   601   662 D wifi    : android_net_wifi_get_firmware_version = 0x7becbae720
06-19 10:18:53.750   601   662 E WifiHAL : Failed to register debug response; result = -95
06-19 10:18:53.750   601   662 E wifi    : Fail to get Firmware version
06-19 10:18:53.750   601   662 D wifi    : android_net_wifi_get_driver_version = 0x7becbae720
06-19 10:18:53.750   601   662 E WifiHAL : Failed to register debug response; result = -95
06-19 10:18:53.750   601   662 E wifi    : Fail to get driver version
06-19 10:18:53.750   601   662 D wifi    : android_net_wifi_set_log_handler = 0x7becbae720
06-19 10:18:53.750   601   662 D wifi    : android_net_wifi_get_ring_buffer_status = 0x7becbae720
06-19 10:18:53.750   601   662 E WifiHAL : Failed to register debug response; result = -95
06-19 10:18:53.750   601   662 E WifiLogger: no ring buffers found
06-19 10:18:53.750   601   662 D WifiHAL : Start get packet fate command
06-19 10:18:53.750   601   662 D WifiHAL : createRequest Monitor packet fate request
06-19 10:18:53.750   601   662 E WifiHAL : Failed to register get pkt fate response; result = -95
06-19 10:18:53.750   601   662 E WifiLogger: Failed to start packet fate monitoring
06-19 10:18:53.793   601   701 D SurfaceControl: Excessive delay in setPowerMode(): 853ms
06-19 10:18:53.808   236   702 D GRALLOC-ROCKCHIP: enter, w : 480, h : 800, format : 0x1, usage : 0xb00.
06-19 10:18:53.815  8030  8064 D GRALLOC-ROCKCHIP: enter, w : 480, h : 800, format : 0x1, usage : 0xb00.
06-19 10:18:53.820  8030  8030 I Choreographer: Skipped 48 frames!  The application may be doing too much work on its main thread.
06-19 10:18:53.833   601   615 D SensorsHal: Couldn't open /dev/mma8452_daemon (No such file or directory)
06-19 10:18:53.833   601   615 E SensorService: Error activating sensor 0 (Operation not permitted)
06-19 10:18:53.834   601   623 I DisplayPowerController: Unblocked screen on after 923 ms
06-19 10:18:53.836   601   623 V KeyguardServiceDelegate: onScreenTurnedOn()
06-19 10:18:53.836   601   701 E Lights Hal: write_int failed to open /sys/class/backlight/rk28_bl/brightness
06-19 10:18:53.836   601   623 I VrManagerService: VR mode is allowed
06-19 10:18:53.878   601   662 D wifi    : android_net_wifi_setLinkLayerStats: 1
06-19 10:18:53.878   601   601 D RttService: SCAN_AVAILABLE : 3
06-19 10:18:53.878   601   664 I WifiScanningService: wifi driver loaded with scan capabilities: max buckets=16
06-19 10:18:53.878   601   665 D RttService: DefaultState got{ when=0 what=160512 target=com.android.internal.util.StateMachine$SmHandler }
06-19 10:18:53.880   601   662 I WifiConnectivityManager: Set WiFi enabled
06-19 10:18:53.882   601   662 I WifiConnectivityManager: scheduleWatchdogTimer
06-19 10:18:53.882   704  1013 D XJDAN   : ---------------ABNORMAL WIFI ICON[2130838318]
06-19 10:18:53.888   337   597 W CommandListener: Failed to retrieve HW addr for p2p0 (No such device)
06-19 10:18:53.894   601   662 E wifi    : wifi_get_supported_feature_set returned error = 0xffffffa1
06-19 10:18:53.895   601   617 E BatteryStatsService: no controller energy info supplied
06-19 10:18:53.899   337   597 D CommandListener: Setting iface cfg
06-19 10:18:53.904   601   660 E WifiP2pService: Unable to change interface settings: java.lang.IllegalStateException: command '1042 interface setcfg p2p0 0.0.0.0 0 up' failed with '400 1042 Failed to clear address (No such device)'
06-19 10:18:53.904   601   660 D WifiMonitor: startMonitoring(p2p0) with mConnected = true
06-19 10:18:53.918   601   662 E wifi    : wifi_get_supported_feature_set returned error = 0xffffffa1
06-19 10:18:53.918   601   617 E BatteryStatsService: no controller energy info supplied
06-19 10:18:53.919   601   660 D WifiNative-HAL: p2pGetDeviceAddress
06-19 10:18:53.920   601   660 D WifiNative-HAL: p2pGetDeviceAddress returning c6:f1:d1:1d:ea:75
06-19 10:19:00.419 12932 12932 E vpu_api : dlopen vpu lib failed
06-19 10:19:00.427 12932 12932 D AndroidRuntime: >>>>>> START com.android.internal.os.RuntimeInit uid 2000 <<<<<<
06-19 10:19:00.433 12932 12932 D AndroidRuntime: CheckJNI is OFF
06-19 10:19:00.504 12935 12935 E vpu_api : dlopen vpu lib failed
06-19 10:19:00.513 12935 12935 D AndroidRuntime: >>>>>> START com.android.internal.os.RuntimeInit uid 2000 <<<<<<
06-19 10:19:00.520 12935 12935 D AndroidRuntime: CheckJNI is OFF
06-19 10:19:00.581 12932 12932 D ICU     : No timezone override file found: /data/misc/zoneinfo/current/icu/icu_tzdata.dat
06-19 10:19:00.637 12932 12932 E memtrack: Couldn't load memtrack module (No such file or directory)
06-19 10:19:00.637 12932 12932 E android.os.Debug: failed to load memtrack module: -2
06-19 10:19:00.640 12932 12932 I Radio-JNI: register_android_hardware_Radio DONE
06-19 10:19:00.663 12932 12932 D AndroidRuntime: Calling main entry com.android.commands.wm.Wm
06-19 10:19:00.664 12935 12935 D ICU     : No timezone override file found: /data/misc/zoneinfo/current/icu/icu_tzdata.dat
06-19 10:19:00.669 12932 12932 D AndroidRuntime: Shutting down VM
06-19 10:19:00.716 12935 12935 E memtrack: Couldn't load memtrack module (No such file or directory)
06-19 10:19:00.716 12935 12935 E android.os.Debug: failed to load memtrack module: -2
06-19 10:19:00.719 12935 12935 I Radio-JNI: register_android_hardware_Radio DONE
06-19 10:19:00.737 12935 12935 D AndroidRuntime: Calling main entry com.android.commands.am.Am
06-19 10:19:00.743   601  1054 I ActivityManager: Force stopping com.example.myndk appid=10040 user=0: from pid 12935
06-19 10:19:00.744 12935 12935 D AndroidRuntime: Shutting down VM
06-19 10:19:01.302 12956 12956 E vpu_api : dlopen vpu lib failed
06-19 10:19:01.309 12956 12956 D AndroidRuntime: >>>>>> START com.android.internal.os.RuntimeInit uid 2000 <<<<<<
06-19 10:19:01.314 12956 12956 D AndroidRuntime: CheckJNI is OFF
06-19 10:19:01.424 12956 12956 D ICU     : No timezone override file found: /data/misc/zoneinfo/current/icu/icu_tzdata.dat
06-19 10:19:01.467 12956 12956 E memtrack: Couldn't load memtrack module (No such file or directory)
06-19 10:19:01.468 12956 12956 E android.os.Debug: failed to load memtrack module: -2
06-19 10:19:01.470 12956 12956 I Radio-JNI: register_android_hardware_Radio DONE
06-19 10:19:01.488 12956 12956 D AndroidRuntime: Calling main entry com.android.commands.am.Am
06-19 10:19:01.496   601  1054 I ActivityManager: START u0 {act=android.intent.action.MAIN cat=[android.intent.category.LAUNCHER] flg=0x10000000 cmp=com.example.myndk/.MainActivity} from uid 2000 on display 0
06-19 10:19:01.503  8030  8030 D CrashReport: >>> com.sogou.teemo.translate.launcher.Launcher2 onPaused <<<
06-19 10:19:01.503 12956 12956 D AndroidRuntime: Shutting down VM
06-19 10:19:01.506  8030  8030 I CrashReport-Native: Set native info: isAppForeground(false)
06-19 10:19:01.534   601  1054 I ActivityManager: Start proc 12965:com.example.myndk/u0a40 for activity com.example.myndk/.MainActivity
06-19 10:19:01.535 12965 12965 I art     : Late-enabling -Xcheck:jni
06-19 10:19:01.545   236   243 D GRALLOC-ROCKCHIP: enter, w : 288, h : 458, format : 0x1, usage : 0x333.
06-19 10:19:01.545   236   243 D GRALLOC-ROCKCHIP: [File] : hardware/rockchip/libgralloc/gralloc_drm_rockchip.c; [Line] : 1315; [Func] : drm_gem_rockchip_alloc;
06-19 10:19:01.545   236   243 D GRALLOC-ROCKCHIP: to ask for cachable buffer for CPU read, usage : 0x333
06-19 10:19:01.549   601  1054 D GRALLOC-ROCKCHIP: enter, w : 288, h : 458, format : 0x1, usage : 0x333.
06-19 10:19:01.549   601  1054 D GRALLOC-ROCKCHIP: [File] : hardware/rockchip/libgralloc/gralloc_drm_rockchip.c; [Line] : 1315; [Func] : drm_gem_rockchip_alloc;
06-19 10:19:01.549   601  1054 D GRALLOC-ROCKCHIP: to ask for cachable buffer for CPU read, usage : 0x333
06-19 10:19:01.550   236   236 D GRALLOC-ROCKCHIP: enter, w : 288, h : 458, format : 0x1, usage : 0x333.
06-19 10:19:01.550   236   236 D GRALLOC-ROCKCHIP: [File] : hardware/rockchip/libgralloc/gralloc_drm_rockchip.c; [Line] : 1315; [Func] : drm_gem_rockchip_alloc;
06-19 10:19:01.550   236   236 D GRALLOC-ROCKCHIP: to ask for cachable buffer for CPU read, usage : 0x333
06-19 10:19:01.634   236   639 D GRALLOC-ROCKCHIP: enter, w : 480, h : 800, format : 0x1, usage : 0x933.
06-19 10:19:01.634   236   639 D GRALLOC-ROCKCHIP: [File] : hardware/rockchip/libgralloc/gralloc_drm_rockchip.c; [Line] : 1315; [Func] : drm_gem_rockchip_alloc;
06-19 10:19:01.634   236   639 D GRALLOC-ROCKCHIP: to ask for cachable buffer for CPU read, usage : 0x933
06-19 10:19:01.637   601   621 D GRALLOC-ROCKCHIP: enter, w : 480, h : 800, format : 0x1, usage : 0x933.
06-19 10:19:01.637   601   621 D GRALLOC-ROCKCHIP: [File] : hardware/rockchip/libgralloc/gralloc_drm_rockchip.c; [Line] : 1315; [Func] : drm_gem_rockchip_alloc;
06-19 10:19:01.637   601   621 D GRALLOC-ROCKCHIP: to ask for cachable buffer for CPU read, usage : 0x933
06-19 10:19:01.680 12965 12965 D JNILOG  : stringFromJNI was called
06-19 10:19:01.734   236   702 D GRALLOC-ROCKCHIP: enter, w : 480, h : 800, format : 0x1, usage : 0x900.
06-19 10:19:01.737 12965 12981 I mali_so : [File] : hardware/arm/maliT760/driver/product/base/src/mali_base_kbase.c; [Line] : 978; [Func] : base_context_deal_with_version_affairs_rk_ext;
06-19 10:19:01.737 12965 12981 I mali_so : arm_release_ver of this mali_so is 'r14p0-01rel0', rk_so_ver is '5@0'.
06-19 10:19:01.737 12965 12981 D mali_so : [File] : hardware/arm/maliT760/driver/product/base/src/mali_base_kbase.c; [Line] : 983; [Func] : base_context_deal_with_version_affairs_rk_ext;
06-19 10:19:01.737 12965 12981 D mali_so : current process is NOT sf, to bail out.
06-19 10:19:01.737   236   702 D GRALLOC-ROCKCHIP: enter, w : 480, h : 800, format : 0x1, usage : 0x900.
06-19 10:19:01.745   236   702 D GRALLOC-ROCKCHIP: enter, w : 480, h : 800, format : 0x1, usage : 0x900.
06-19 10:19:01.749   236   702 D GRALLOC-ROCKCHIP: enter, w : 480, h : 800, format : 0x1, usage : 0x900.
06-19 10:19:01.771 12965 12981 I OpenGLRenderer: Initialized EGL, version 1.4
06-19 10:19:01.771 12965 12981 D OpenGLRenderer: Swap behavior 1
06-19 10:19:01.782   236   275 E BufferQueueProducer: [com.example.myndk/com.example.myndk.MainActivity] connect: already connected (cur=1 req=1)
06-19 10:19:01.784 12965 12981 D mali_winsys: EGLint new_window_surface(egl_winsys_display*, void*, EGLSurface, EGLConfig, egl_winsys_surface**, egl_color_buffer_format*, EGLBoolean) returns 0x3000
06-19 10:19:01.826   236   639 D GRALLOC-ROCKCHIP: enter, w : 480, h : 800, format : 0x1, usage : 0xb00.
06-19 10:19:01.834 12965 12981 D GRALLOC-ROCKCHIP: enter, w : 480, h : 800, format : 0x1, usage : 0xb00.
06-19 10:19:01.856   236   702 D GRALLOC-ROCKCHIP: enter, w : 480, h : 800, format : 0x1, usage : 0xb00.
06-19 10:19:01.861 12965 12981 D GRALLOC-ROCKCHIP: enter, w : 480, h : 800, format : 0x1, usage : 0xb00.
06-19 10:19:01.873   601   621 I ActivityManager: Displayed com.example.myndk/.MainActivity: +364ms
06-19 10:19:02.084  8030  8030 I nslate.launcher: type=1400 audit(0.0:313): avc: denied { write } for name="scaling_governor" dev="sysfs" ino=15429 scontext=u:r:system_app:s0 tcontext=u:object_r:sysfs_devices_system_cpu:s0 tclass=file permissive=1
06-19 10:19:02.087  8030  8030 D SogouSpeech: -->zhl-mp3-release
06-19 10:19:02.087  8030  8030 D Process : >>> enhanceSogoPerformance status[0]
06-19 10:19:02.087  8030  8030 D Process : XJDAN openNode /sys/devices/platform/ff9a0000.gpu/devfreq/ff9a0000.gpu/governor 
06-19 10:19:02.087  8030  8030 E Process : XJDAN value [simple_ondemand] to index[0]
06-19 10:19:02.087  8030  8030 D Process : XJDAN openNode /sys/devices/system/cpu/cpu0/cpufreq/scaling_governor 
06-19 10:19:02.088  8030  8030 E Process : XJDAN value [interactive] to index[1]
06-19 10:19:02.088  8030  8030 D Process : XJDAN openNode /sys/devices/system/cpu/cpu4/cpufreq/scaling_governor 
06-19 10:19:02.089  8030  8030 E Process : XJDAN value [interactive] to index[2]
06-19 10:19:02.089  8030  8030 D Process : XJDAN openNode /sys/devices/platform/ff9a0000.gpu/power_policy 
06-19 10:19:02.089  8030  8030 E Process : XJDAN value [demand] to index[3]
06-19 10:19:02.091  8030  8030 D Process : XJDAN openNode /sys/devices/system/cpu/cpu0/online 
06-19 10:19:02.092  8030  8030 E Process : XJDAN value [1] to index[4]
06-19 10:19:02.092  8030  8030 D Process : XJDAN openNode /sys/devices/system/cpu/cpu1/online 
06-19 10:19:02.092  8030  8030 E Process : XJDAN value [1] to index[5]
06-19 10:19:02.092  8030  8030 D Process : XJDAN openNode /sys/devices/system/cpu/cpu2/online 
06-19 10:19:02.092  8030  8030 E Process : XJDAN value [1] to index[6]
06-19 10:19:02.092  8030  8030 D Process : XJDAN openNode /sys/devices/system/cpu/cpu3/online 
06-19 10:19:02.092  8030  8030 E Process : XJDAN value [1] to index[7]
06-19 10:19:02.093  8030  8030 D Process : XJDAN openNode /sys/devices/system/cpu/cpu0/cpufreq/scaling_governor 
06-19 10:19:02.093  8030  8030 E Process : XJDAN value [interactive] to index[1]
06-19 10:19:02.093  8030  8030 D tmtcp   : setCpuLevel:0
06-19 10:19:02.097  8030  8046 I LogService: com.sogou.teemo.watch.log|com.sogou.teemo.watch.log.service.LogService
06-19 10:19:02.098  8030  8046 W ContextImpl: Calling a method in the system process without a qualified user: android.app.ContextImpl.startService:1357 android.content.ContextWrapper.startService:613 com.sogou.teemo.watch.log.utils.TimoLogUtils.doLog:255 com.sogou.teemo.watch.log.utils.TimoLogUtils.log:233 com.sogou.teemo.watch.log.utils.TimoLogUtils.info:65 
06-19 10:19:02.102  8030  8030 D Process : >>> enhanceSogoDDR status[0]
06-19 10:19:02.102  8030  8030 D Process : XJDAN openNode /sys/class/devfreq/dmc/governor 
06-19 10:19:02.110  1362  1362 I LogService: LogService|onStartCommand
06-19 10:19:02.102  8030  8030 E Process : XJDAN value [dmc_ondemand] to index[8]
06-19 10:19:02.124  8030  8030 D tmtcp   : setDDRLevel:0
06-19 10:19:02.130  1362 12918 I LogUtils: getFileNames|排除tmlog.log
06-19 10:19:02.130  1362 12918 I LogUtils: read|[/storage/emulated/0/log/app/tmlog.log.2018-06-15, /storage/emulated/0/log/app/tmlog.log.2018-06-16, /storage/emulated/0/log/app/tmlog.log.2018-06-17, /storage/emulated/0/log/app/tmlog.log.2018-06-18]
06-19 10:19:02.132  8030  8030 D _TR_VOICE: zhl-remove timeout Messages
06-19 10:19:02.132  8030  8030 I LogService: com.sogou.teemo.watch.log|com.sogou.teemo.watch.log.service.LogService
06-19 10:19:02.133  8030  8030 W ContextImpl: Calling a method in the system process without a qualified user: android.app.ContextImpl.startService:1357 android.content.ContextWrapper.startService:613 com.sogou.teemo.watch.log.utils.TimoLogUtils.doLog:255 com.sogou.teemo.watch.log.utils.TimoLogUtils.log:233 com.sogou.teemo.watch.log.utils.TimoLogUtils.statisticsTiming:140 
06-19 10:19:02.137  1362  1362 I LogService: LogService|onStartCommand
06-19 10:19:02.147  8030  8046 I LogService: com.sogou.teemo.watch.log|com.sogou.teemo.watch.log.service.LogService
06-19 10:19:02.151  1362 12916 I LogUtils: getFileNames|排除tmlog.log
06-19 10:19:02.151  1362 12916 I LogUtils: read|[/storage/emulated/0/log/statistics/tmlog.log.2018-06-15, /storage/emulated/0/log/statistics/tmlog.log.2018-06-18]
06-19 10:19:02.154  8030  8046 W ContextImpl: Calling a method in the system process without a qualified user: android.app.ContextImpl.startService:1357 android.content.ContextWrapper.startService:613 com.sogou.teemo.watch.log.utils.TimoLogUtils.doLog:255 com.sogou.teemo.watch.log.utils.TimoLogUtils.log:233 com.sogou.teemo.watch.log.utils.TimoLogUtils.info:65 
06-19 10:19:02.160  1362  1362 I LogService: LogService|onStartCommand
06-19 10:19:02.171  8030  8030 D _TR_VOICE: lifecircle zhl-onStop
06-19 10:19:02.172  8030  8030 D _TR_VOICE: canStartAudioAgain:true
06-19 10:19:02.172  8030  8030 D _TR_VOICE_xq: -->call releaseOnlineTrans
06-19 10:19:02.172  8030  8030 D _TR_VOICE_xq: -->releaseOfflineTTS 
06-19 10:19:02.172  8030  8081 D xq      : -->MSG_ON_QUIT2 8081
06-19 10:19:02.175  8030  8046 I LogService: com.sogou.teemo.watch.log|com.sogou.teemo.watch.log.service.LogService
06-19 10:19:02.175  8030  8046 W ContextImpl: Calling a method in the system process without a qualified user: android.app.ContextImpl.startService:1357 android.content.ContextWrapper.startService:613 com.sogou.teemo.watch.log.utils.TimoLogUtils.doLog:255 com.sogou.teemo.watch.log.utils.TimoLogUtils.log:233 com.sogou.teemo.watch.log.utils.TimoLogUtils.info:65 
06-19 10:19:02.180  1362  1362 I LogService: LogService|onStartCommand
06-19 10:19:02.190  1362 12918 I LogUtils: getFileNames|排除tmlog.log
06-19 10:19:02.190  1362 12918 I LogUtils: read|[/storage/emulated/0/log/app/tmlog.log.2018-06-15, /storage/emulated/0/log/app/tmlog.log.2018-06-16, /storage/emulated/0/log/app/tmlog.log.2018-06-17, /storage/emulated/0/log/app/tmlog.log.2018-06-18]
06-19 10:19:02.195  8030  8030 D _TR_    : zhl-onTrimMemory:20
06-19 10:19:02.198  1362 12916 I LogUtils: getFileNames|排除tmlog.log
06-19 10:19:02.198  1362 12916 I LogUtils: read|[/storage/emulated/0/log/app/tmlog.log.2018-06-15, /storage/emulated/0/log/app/tmlog.log.2018-06-16, /storage/emulated/0/log/app/tmlog.log.2018-06-17, /storage/emulated/0/log/app/tmlog.log.2018-06-18]
06-19 10:19:02.202  8030  8030 I _TR_    : zhl-系统总内存:2071
06-19 10:19:02.202  8030  8030 I _TR_    : zhl-系统是否处于低内存运行：false
06-19 10:19:02.202  8030  8030 I _TR_    : zhl-当系统剩余内存低于226时就看成低内存运行
06-19 10:19:02.202  8030  8030 I _TR_    : zhl-系统可用内存:485
06-19 10:19:02.201  8030  8046 I LogService: com.sogou.teemo.watch.log|com.sogou.teemo.watch.log.service.LogService
06-19 10:19:02.203  8030  8046 W ContextImpl: Calling a method in the system process without a qualified user: android.app.ContextImpl.startService:1357 android.content.ContextWrapper.startService:613 com.sogou.teemo.watch.log.utils.TimoLogUtils.doLog:255 com.sogou.teemo.watch.log.utils.TimoLogUtils.log:233 com.sogou.teemo.watch.log.utils.TimoLogUtils.info:65 
06-19 10:19:02.207  1362  1362 I LogService: LogService|onStartCommand
06-19 10:19:02.223  8030  8046 I LogService: com.sogou.teemo.watch.log|com.sogou.teemo.watch.log.service.LogService
06-19 10:19:02.224  1362 12916 I LogUtils: getFileNames|排除tmlog.log
06-19 10:19:02.224  1362 12916 I LogUtils: read|[/storage/emulated/0/log/app/tmlog.log.2018-06-15, /storage/emulated/0/log/app/tmlog.log.2018-06-16, /storage/emulated/0/log/app/tmlog.log.2018-06-17, /storage/emulated/0/log/app/tmlog.log.2018-06-18]
06-19 10:19:02.228  8030  8046 W ContextImpl: Calling a method in the system process without a qualified user: android.app.ContextImpl.startService:1357 android.content.ContextWrapper.startService:613 com.sogou.teemo.watch.log.utils.TimoLogUtils.doLog:255 com.sogou.teemo.watch.log.utils.TimoLogUtils.log:233 com.sogou.teemo.watch.log.utils.TimoLogUtils.info:65 
06-19 10:19:02.234  1362  1362 I LogService: LogService|onStartCommand
06-19 10:19:02.244  8030  8046 I LogService: com.sogou.teemo.watch.log|com.sogou.teemo.watch.log.service.LogService
06-19 10:19:02.245  8030  8046 W ContextImpl: Calling a method in the system process without a qualified user: android.app.ContextImpl.startService:1357 android.content.ContextWrapper.startService:613 com.sogou.teemo.watch.log.utils.TimoLogUtils.doLog:255 com.sogou.teemo.watch.log.utils.TimoLogUtils.log:233 com.sogou.teemo.watch.log.utils.TimoLogUtils.info:65 
06-19 10:19:02.247  1362 12916 I LogUtils: getFileNames|排除tmlog.log
06-19 10:19:02.247  1362 12916 I LogUtils: read|[/storage/emulated/0/log/app/tmlog.log.2018-06-15, /storage/emulated/0/log/app/tmlog.log.2018-06-16, /storage/emulated/0/log/app/tmlog.log.2018-06-17, /storage/emulated/0/log/app/tmlog.log.2018-06-18]
06-19 10:19:02.249  1362  1362 I LogService: LogService|onStartCommand
06-19 10:19:02.262  1362 12918 I LogUtils: getFileNames|排除tmlog.log
06-19 10:19:02.262  1362 12918 I LogUtils: read|[/storage/emulated/0/log/app/tmlog.log.2018-06-15, /storage/emulated/0/log/app/tmlog.log.2018-06-16, /storage/emulated/0/log/app/tmlog.log.2018-06-17, /storage/emulated/0/log/app/tmlog.log.2018-06-18]
06-19 10:19:02.265  8030  8046 I LogService: com.sogou.teemo.watch.log|com.sogou.teemo.watch.log.service.LogService
06-19 10:19:02.266  8030  8046 W ContextImpl: Calling a method in the system process without a qualified user: android.app.ContextImpl.startService:1357 android.content.ContextWrapper.startService:613 com.sogou.teemo.watch.log.utils.TimoLogUtils.doLog:255 com.sogou.teemo.watch.log.utils.TimoLogUtils.log:233 com.sogou.teemo.watch.log.utils.TimoLogUtils.info:65 
06-19 10:19:02.269  1362  1362 I LogService: LogService|onStartCommand
06-19 10:19:02.278  1362 12918 I LogUtils: getFileNames|排除tmlog.log
06-19 10:19:02.278  1362 12918 I LogUtils: read|[/storage/emulated/0/log/app/tmlog.log.2018-06-15, /storage/emulated/0/log/app/tmlog.log.2018-06-16, /storage/emulated/0/log/app/tmlog.log.2018-06-17, /storage/emulated/0/log/app/tmlog.log.2018-06-18]
06-19 10:19:02.282  8030  8046 I LogService: com.sogou.teemo.watch.log|com.sogou.teemo.watch.log.service.LogService
06-19 10:19:02.282  8030  8046 W ContextImpl: Calling a method in the system process without a qualified user: android.app.ContextImpl.startService:1357 android.content.ContextWrapper.startService:613 com.sogou.teemo.watch.log.utils.TimoLogUtils.doLog:255 com.sogou.teemo.watch.log.utils.TimoLogUtils.log:233 com.sogou.teemo.watch.log.utils.TimoLogUtils.info:65 
06-19 10:19:02.286  1362  1362 I LogService: LogService|onStartCommand
06-19 10:19:02.295  8030  8046 I LogService: com.sogou.teemo.watch.log|com.sogou.teemo.watch.log.service.LogService
06-19 10:19:02.296  1362 12918 I LogUtils: getFileNames|排除tmlog.log
06-19 10:19:02.296  1362 12918 I LogUtils: read|[/storage/emulated/0/log/app/tmlog.log.2018-06-15, /storage/emulated/0/log/app/tmlog.log.2018-06-16, /storage/emulated/0/log/app/tmlog.log.2018-06-17, /storage/emulated/0/log/app/tmlog.log.2018-06-18]
06-19 10:19:02.298  8030  8046 W ContextImpl: Calling a method in the system process without a qualified user: android.app.ContextImpl.startService:1357 android.content.ContextWrapper.startService:613 com.sogou.teemo.watch.log.utils.TimoLogUtils.doLog:255 com.sogou.teemo.watch.log.utils.TimoLogUtils.log:233 com.sogou.teemo.watch.log.utils.TimoLogUtils.info:65 
06-19 10:19:02.302  1362  1362 I LogService: LogService|onStartCommand
06-19 10:19:02.311  8030  8046 I LogService: com.sogou.teemo.watch.log|com.sogou.teemo.watch.log.service.LogService
06-19 10:19:02.313  1362 12918 I LogUtils: getFileNames|排除tmlog.log
06-19 10:19:02.314  1362 12918 I LogUtils: read|[/storage/emulated/0/log/app/tmlog.log.2018-06-15, /storage/emulated/0/log/app/tmlog.log.2018-06-16, /storage/emulated/0/log/app/tmlog.log.2018-06-17, /storage/emulated/0/log/app/tmlog.log.2018-06-18]
06-19 10:19:02.315  8030  8046 W ContextImpl: Calling a method in the system process without a qualified user: android.app.ContextImpl.startService:1357 android.content.ContextWrapper.startService:613 com.sogou.teemo.watch.log.utils.TimoLogUtils.doLog:255 com.sogou.teemo.watch.log.utils.TimoLogUtils.log:233 com.sogou.teemo.watch.log.utils.TimoLogUtils.info:65 
06-19 10:19:02.319  1362  1362 I LogService: LogService|onStartCommand
06-19 10:19:02.328  1362 12916 I LogUtils: getFileNames|排除tmlog.log
06-19 10:19:02.329  1362 12916 I LogUtils: read|[/storage/emulated/0/log/app/tmlog.log.2018-06-15, /storage/emulated/0/log/app/tmlog.log.2018-06-16, /storage/emulated/0/log/app/tmlog.log.2018-06-17, /storage/emulated/0/log/app/tmlog.log.2018-06-18]
06-19 10:19:03.906   236   639 D GRALLOC-ROCKCHIP: enter, w : 480, h : 800, format : 0x1, usage : 0xb00.
06-19 10:19:03.911 12965 12981 D GRALLOC-ROCKCHIP: enter, w : 480, h : 800, format : 0x1, usage : 0xb00.
06-19 10:19:04.024 12965 12965 D MainActivity: testData2: origin 1
06-19 10:19:04.025 12965 12965 D MainActivity: testData2: origin 2
06-19 10:19:04.025 12965 12965 D MainActivity: testData2: origin 3
06-19 10:19:04.025 12965 12965 D MainActivity: testData2: origin 4
06-19 10:19:04.025 12965 12965 D MainActivity: testData2: origin 5
06-19 10:19:04.034   328   362 D AudioHardwareTiny: out_set_parameters: kvpairs = routing=2
06-19 10:19:04.037   328   362 D AudioHardwareTiny: start_output_stream
06-19 10:19:04.038   328   362 D alsa_route: route_info->sound_card 0, route_info->devices 0  
06-19 10:19:04.059 12965 12965 F art     : art/runtime/java_vm_ext.cc:470] JNI DETECTED ERROR IN APPLICATION: use of invalid jobject 0xffa35658
06-19 10:19:04.060 12965 12965 F art     : art/runtime/java_vm_ext.cc:470]     from void com.example.myndk.JNIUtils.operationArray2(int[])
06-19 10:19:04.060 12965 12965 F art     : art/runtime/java_vm_ext.cc:470] "main" prio=5 tid=1 Runnable
06-19 10:19:04.060 12965 12965 F art     : art/runtime/java_vm_ext.cc:470]   | group="main" sCount=0 dsCount=0 obj=0x743944a0 self=0xf2485400
06-19 10:19:04.060 12965 12965 F art     : art/runtime/java_vm_ext.cc:470]   | sysTid=12965 nice=-10 cgrp=default sched=0/0 handle=0xf529a534
06-19 10:19:04.060 12965 12965 F art     : art/runtime/java_vm_ext.cc:470]   | state=R schedstat=( 166985622 31155250 234 ) utm=10 stm=5 core=2 HZ=100
06-19 10:19:04.060 12965 12965 F art     : art/runtime/java_vm_ext.cc:470]   | stack=0xff23a000-0xff23c000 stackSize=8MB
06-19 10:19:04.060 12965 12965 F art     : art/runtime/java_vm_ext.cc:470]   | held mutexes= "mutator lock"(shared held)
06-19 10:19:04.060 12965 12965 F art     : art/runtime/java_vm_ext.cc:470]   native: #00 pc 00350ab5  /system/lib/libart.so (_ZN3art15DumpNativeStackERNSt3__113basic_ostreamIcNS0_11char_traitsIcEEEEiP12BacktraceMapPKcPNS_9ArtMethodEPv+128)
06-19 10:19:04.060 12965 12965 F art     : art/runtime/java_vm_ext.cc:470]   native: #01 pc 003311f9  /system/lib/libart.so (_ZNK3art6Thread9DumpStackERNSt3__113basic_ostreamIcNS1_11char_traitsIcEEEEbP12BacktraceMap+308)
06-19 10:19:04.060 12965 12965 F art     : art/runtime/java_vm_ext.cc:470]   native: #02 pc 00239895  /system/lib/libart.so (_ZN3art9JavaVMExt8JniAbortEPKcS2_+848)
06-19 10:19:04.060 12965 12965 F art     : art/runtime/java_vm_ext.cc:470]   native: #03 pc 00239e2b  /system/lib/libart.so (_ZN3art9JavaVMExt9JniAbortFEPKcS2_z+66)
06-19 10:19:04.060 12965 12965 F art     : art/runtime/java_vm_ext.cc:470]   native: #04 pc 00334c63  /system/lib/libart.so (_ZNK3art6Thread13DecodeJObjectEP8_jobject+302)
06-19 10:19:04.060 12965 12965 F art     : art/runtime/java_vm_ext.cc:470]   native: #05 pc 000ca195  /system/lib/libart.so (_ZN3art11ScopedCheck10CheckArrayERNS_18ScopedObjectAccessEP7_jarray+28)
06-19 10:19:04.060 12965 12965 F art     : art/runtime/java_vm_ext.cc:470]   native: #06 pc 000c985f  /system/lib/libart.so (_ZN3art11ScopedCheck22CheckPossibleHeapValueERNS_18ScopedObjectAccessEcNS_12JniValueTypeE+74)
06-19 10:19:04.060 12965 12965 F art     : art/runtime/java_vm_ext.cc:470]   native: #07 pc 000c8d0b  /system/lib/libart.so (_ZN3art11ScopedCheck5CheckERNS_18ScopedObjectAccessEbPKcPNS_12JniValueTypeE+802)
06-19 10:19:04.060 12965 12965 F art     : art/runtime/java_vm_ext.cc:470]   native: #08 pc 000d1563  /system/lib/libart.so (_ZN3art8CheckJNI23SetPrimitiveArrayRegionEPKcNS_9Primitive4TypeEP7_JNIEnvP7_jarrayiiPKv+478)
06-19 10:19:04.060 12965 12965 F art     : art/runtime/java_vm_ext.cc:470]   native: #09 pc 000c60c7  /system/lib/libart.so (_ZN3art8CheckJNI17SetIntArrayRegionEP7_JNIEnvP10_jintArrayiiPKi+26)
06-19 10:19:04.060 12965 12965 F art     : art/runtime/java_vm_ext.cc:470]   native: #10 pc 00000a79  /data/app/com.example.myndk-1/lib/arm/libhello-lib.so (Java_com_example_myndk_JNIUtils_operationArray2+172)
06-19 10:19:04.060 12965 12965 F art     : art/runtime/java_vm_ext.cc:470]   native: #11 pc 00002e15  /data/app/com.example.myndk-1/oat/arm/base.odex (Java_com_example_myndk_JNIUtils_operationArray2___3I+96)
06-19 10:19:04.060 12965 12965 F art     : art/runtime/java_vm_ext.cc:470]   at com.example.myndk.JNIUtils.operationArray2(Native method)
06-19 10:19:04.060 12965 12965 F art     : art/runtime/java_vm_ext.cc:470]   at com.example.myndk.MainActivity.onClick(MainActivity.java:43)
06-19 10:19:04.060 12965 12965 F art     : art/runtime/java_vm_ext.cc:470]   at java.lang.reflect.Method.invoke!(Native method)
06-19 10:19:04.060 12965 12965 F art     : art/runtime/java_vm_ext.cc:470]   at android.view.View$DeclaredOnClickListener.onClick(View.java:4720)
06-19 10:19:04.060 12965 12965 F art     : art/runtime/java_vm_ext.cc:470]   at android.view.View.performClick(View.java:5637)
06-19 10:19:04.060 12965 12965 F art     : art/runtime/java_vm_ext.cc:470]   at android.view.View$PerformClick.run(View.java:22445)
06-19 10:19:04.060 12965 12965 F art     : art/runtime/java_vm_ext.cc:470]   at android.os.Handler.handleCallback(Handler.java:755)
06-19 10:19:04.060 12965 12965 F art     : art/runtime/java_vm_ext.cc:470]   at android.os.Handler.dispatchMessage(Handler.java:95)
06-19 10:19:04.060 12965 12965 F art     : art/runtime/java_vm_ext.cc:470]   at android.os.Looper.loop(Looper.java:154)
06-19 10:19:04.060 12965 12965 F art     : art/runtime/java_vm_ext.cc:470]   at android.app.ActivityThread.main(ActivityThread.java:6121)
06-19 10:19:04.060 12965 12965 F art     : art/runtime/java_vm_ext.cc:470]   at java.lang.reflect.Method.invoke!(Native method)
06-19 10:19:04.060 12965 12965 F art     : art/runtime/java_vm_ext.cc:470]   at com.android.internal.os.ZygoteInit$MethodAndArgsCaller.run(ZygoteInit.java:912)
06-19 10:19:04.060 12965 12965 F art     : art/runtime/java_vm_ext.cc:470]   at com.android.internal.os.ZygoteInit.main(ZygoteInit.java:802)
06-19 10:19:04.060 12965 12965 F art     : art/runtime/java_vm_ext.cc:470] 
06-19 10:19:04.183 12965 12965 F art     : art/runtime/runtime.cc:422] Runtime aborting...
06-19 10:19:04.183 12965 12965 F art     : art/runtime/runtime.cc:422] Aborting thread:
06-19 10:19:04.183 12965 12965 F art     : art/runtime/runtime.cc:422] "main" prio=10 tid=1 Native
06-19 10:19:04.183 12965 12965 F art     : art/runtime/runtime.cc:422]   | group="" sCount=0 dsCount=0 obj=0x743944a0 self=0xf2485400
06-19 10:19:04.183 12965 12965 F art     : art/runtime/runtime.cc:422]   | sysTid=12965 nice=-10 cgrp=default sched=0/0 handle=0xf529a534
06-19 10:19:04.183 12965 12965 F art     : art/runtime/runtime.cc:422]   | state=R schedstat=( 199501787 33762460 240 ) utm=12 stm=6 core=2 HZ=100
06-19 10:19:04.183 12965 12965 F art     : art/runtime/runtime.cc:422]   | stack=0xff23a000-0xff23c000 stackSize=8MB
06-19 10:19:04.183 12965 12965 F art     : art/runtime/runtime.cc:422]   | held mutexes= "abort lock"
06-19 10:19:04.183 12965 12965 F art     : art/runtime/runtime.cc:422]   native: #00 pc 00350ab5  /system/lib/libart.so (_ZN3art15DumpNativeStackERNSt3__113basic_ostreamIcNS0_11char_traitsIcEEEEiP12BacktraceMapPKcPNS_9ArtMethodEPv+128)
06-19 10:19:04.183 12965 12965 F art     : art/runtime/runtime.cc:422]   native: #01 pc 003311f9  /system/lib/libart.so (_ZNK3art6Thread9DumpStackERNSt3__113basic_ostreamIcNS1_11char_traitsIcEEEEbP12BacktraceMap+308)
06-19 10:19:04.183 12965 12965 F art     : art/runtime/runtime.cc:422]   native: #02 pc 003242b1  /system/lib/libart.so (_ZNK3art10AbortState10DumpThreadERNSt3__113basic_ostreamIcNS1_11char_traitsIcEEEEPNS_6ThreadE+24)
06-19 10:19:04.183 12965 12965 F art     : art/runtime/runtime.cc:422]   native: #03 pc 00324139  /system/lib/libart.so (_ZNK3art10AbortState4DumpERNSt3__113basic_ostreamIcNS1_11char_traitsIcEEEE+424)
06-19 10:19:04.183 12965 12965 F art     : art/runtime/runtime.cc:422]   native: #04 pc 0031ae25  /system/lib/libart.so (_ZN3art7Runtime5AbortEPKc+92)
06-19 10:19:04.183 12965 12965 F art     : art/runtime/runtime.cc:422]   native: #05 pc 000b5285  /system/lib/libart.so (_ZN3art10LogMessageD2Ev+1132)
06-19 10:19:04.183 12965 12965 F art     : art/runtime/runtime.cc:422]   native: #06 pc 00239bc5  /system/lib/libart.so (_ZN3art9JavaVMExt8JniAbortEPKcS2_+1664)
06-19 10:19:04.183 12965 12965 F art     : art/runtime/runtime.cc:422]   native: #07 pc 00239e2b  /system/lib/libart.so (_ZN3art9JavaVMExt9JniAbortFEPKcS2_z+66)
06-19 10:19:04.183 12965 12965 F art     : art/runtime/runtime.cc:422]   native: #08 pc 00334c63  /system/lib/libart.so (_ZNK3art6Thread13DecodeJObjectEP8_jobject+302)
06-19 10:19:04.183 12965 12965 F art     : art/runtime/runtime.cc:422]   native: #09 pc 000ca195  /system/lib/libart.so (_ZN3art11ScopedCheck10CheckArrayERNS_18ScopedObjectAccessEP7_jarray+28)
06-19 10:19:04.183 12965 12965 F art     : art/runtime/runtime.cc:422]   native: #10 pc 000c985f  /system/lib/libart.so (_ZN3art11ScopedCheck22CheckPossibleHeapValueERNS_18ScopedObjectAccessEcNS_12JniValueTypeE+74)
06-19 10:19:04.183 12965 12965 F art     : art/runtime/runtime.cc:422]   native: #11 pc 000c8d0b  /system/lib/libart.so (_ZN3art11ScopedCheck5CheckERNS_18ScopedObjectAccessEbPKcPNS_12JniValueTypeE+802)
06-19 10:19:04.183 12965 12965 F art     : art/runtime/runtime.cc:422]   native: #12 pc 000d1563  /system/lib/libart.so (_ZN3art8CheckJNI23SetPrimitiveArrayRegionEPKcNS_9Primitive4TypeEP7_JNIEnvP7_jarrayiiPKv+478)
06-19 10:19:04.183 12965 12965 F art     : art/runtime/runtime.cc:422]   native: #13 pc 000c60c7  /system/lib/libart.so (_ZN3art8CheckJNI17SetIntArrayRegionEP7_JNIEnvP10_jintArrayiiPKi+26)
06-19 10:19:04.183 12965 12965 F art     : art/runtime/runtime.cc:422]   native: #14 pc 00000a79  /data/app/com.example.myndk-1/lib/arm/libhello-lib.so (Java_com_example_myndk_JNIUtils_operationArray2+172)
06-19 10:19:04.183 12965 12965 F art     : art/runtime/runtime.cc:422]   native: #15 pc 00002e15  /data/app/com.example.myndk-1/oat/arm/base.odex (???)
06-19 10:19:04.183 12965 12965 F art     : art/runtime/runtime.cc:422]   at com.example.myndk.JNIUtils.operationArray2(Native method)
06-19 10:19:04.183 12965 12965 F art     : art/runtime/runtime.cc:422]   at com.example.myndk.MainActivity.onClick(MainActivity.java:43)
06-19 10:19:04.183 12965 12965 F art     : art/runtime/runtime.cc:422]   at java.lang.reflect.Method.invoke!(Native method)
06-19 10:19:04.183 12965 12965 F art     : art/runtime/runtime.cc:422]   at android.view.View$DeclaredOnClickListener.onClick(View.java:4720)
06-19 10:19:04.183 12965 12965 F art     : art/runtime/runtime.cc:422]   at android.view.View.performClick(View.java:5637)
06-19 10:19:04.183 12965 12965 F art     : art/runtime/runtime.cc:422]   at android.view.View$PerformClick.run(View.java:22445)
06-19 10:19:04.183 12965 12965 F art     : art/runtime/runtime.cc:422]   at android.os.Handler.handleCallback(Handler.java:755)
06-19 10:19:04.183 12965 12965 F art     : art/runtime/runtime.cc:422]   at android.os.Handler.dispatchMessage(Handler.java:95)
06-19 10:19:04.183 12965 12965 F art     : art/runtime/runtime.cc:422]   at android.os.Looper.loop(Looper.java:154)
06-19 10:19:04.183 12965 12965 F art     : art/runtime/runtime.cc:422]   at android.app.ActivityThread.main(ActivityThread.java:6121)
06-19 10:19:04.183 12965 12965 F art     : art/runtime/runtime.cc:422]   at java.lang.reflect.Method.invoke!(Native method)
06-19 10:19:04.183 12965 12965 F art     : art/runtime/runtime.cc:422]   at com.android.internal.os.ZygoteInit$MethodAndArgsCaller.run(ZygoteInit.java:912)
06-19 10:19:04.183 12965 12965 F art     : art/runtime/runtime.cc:422]   at com.android.internal.os.ZygoteInit.main(ZygoteInit.java:802)
06-19 10:19:04.183 12965 12965 F art     : art/runtime/runtime.cc:422] Dumping all threads without appropriate locks held: thread list lock mutator lock
06-19 10:19:04.183 12965 12965 F art     : art/runtime/runtime.cc:422] All threads:
06-19 10:19:04.183 12965 12965 F art     : art/runtime/runtime.cc:422] DALVIK THREADS (12):
06-19 10:19:04.184 12965 12965 F art     : art/runtime/runtime.cc:422] "main" prio=10 tid=1 Runnable
06-19 10:19:04.184 12965 12965 F art     : art/runtime/runtime.cc:422]   | group="" sCount=0 dsCount=0 obj=0x743944a0 self=0xf2485400
06-19 10:19:04.184 12965 12965 F art     : art/runtime/runtime.cc:422]   | sysTid=12965 nice=-10 cgrp=default sched=0/0 handle=0xf529a534
06-19 10:19:04.184 12965 12965 F art     : art/runtime/runtime.cc:422]   | state=R schedstat=( 238162203 34638919 244 ) utm=14 stm=8 core=2 HZ=100
06-19 10:19:04.184 12965 12965 F art     : art/runtime/runtime.cc:422]   | stack=0xff23a000-0xff23c000 stackSize=8MB
06-19 10:19:04.184 12965 12965 F art     : art/runtime/runtime.cc:422]   | held mutexes= "abort lock" "mutator lock"(shared held)
06-19 10:19:04.184 12965 12965 F art     : art/runtime/runtime.cc:422]   native: #00 pc 00350ab5  /system/lib/libart.so (_ZN3art15DumpNativeStackERNSt3__113basic_ostreamIcNS0_11char_traitsIcEEEEiP12BacktraceMapPKcPNS_9ArtMethodEPv+128)
06-19 10:19:04.184 12965 12965 F art     : art/runtime/runtime.cc:422]   native: #01 pc 003311f9  /system/lib/libart.so (_ZNK3art6Thread9DumpStackERNSt3__113basic_ostreamIcNS1_11char_traitsIcEEEEbP12BacktraceMap+308)
06-19 10:19:04.184 12965 12965 F art     : art/runtime/runtime.cc:422]   native: #02 pc 00343221  /system/lib/libart.so (_ZN3art14DumpCheckpoint3RunEPNS_6ThreadE+620)
06-19 10:19:04.184 12965 12965 F art     : art/runtime/runtime.cc:422]   native: #03 pc 0033d22b  /system/lib/libart.so (_ZN3art10ThreadList13RunCheckpointEPNS_7ClosureE+330)
06-19 10:19:04.184 12965 12965 F art     : art/runtime/runtime.cc:422]   native: #04 pc 0033cf27  /system/lib/libart.so (_ZN3art10ThreadList4DumpERNSt3__113basic_ostreamIcNS1_11char_traitsIcEEEEb+586)
06-19 10:19:04.184 12965 12965 F art     : art/runtime/runtime.cc:422]   native: #05 pc 00324105  /system/lib/libart.so (_ZNK3art10AbortState4DumpERNSt3__113basic_ostreamIcNS1_11char_traitsIcEEEE+372)
06-19 10:19:04.184 12965 12965 F art     : art/runtime/runtime.cc:422]   native: #06 pc 0031ae25  /system/lib/libart.so (_ZN3art7Runtime5AbortEPKc+92)
06-19 10:19:04.184 12965 12965 F art     : art/runtime/runtime.cc:422]   native: #07 pc 000b5285  /system/lib/libart.so (_ZN3art10LogMessageD2Ev+1132)
06-19 10:19:04.184 12965 12965 F art     : art/runtime/runtime.cc:422]   native: #08 pc 00239bc5  /system/lib/libart.so (_ZN3art9JavaVMExt8JniAbortEPKcS2_+1664)
06-19 10:19:04.184 12965 12965 F art     : art/runtime/runtime.cc:422]   native: #09 pc 00239e2b  /system/lib/libart.so (_ZN3art9JavaVMExt9JniAbortFEPKcS2_z+66)
06-19 10:19:04.184 12965 12965 F art     : art/runtime/runtime.cc:422]   native: #10 pc 00334c63  /system/lib/libart.so (_ZNK3art6Thread13DecodeJObjectEP8_jobject+302)
06-19 10:19:04.184 12965 12965 F art     : art/runtime/runtime.cc:422]   native: #11 pc 000ca195  /system/lib/libart.so (_ZN3art11ScopedCheck10CheckArrayERNS_18ScopedObjectAccessEP7_jarray+28)
06-19 10:19:04.184 12965 12965 F art     : art/runtime/runtime.cc:422]   native: #12 pc 000c985f  /system/lib/libart.so (_ZN3art11ScopedCheck22CheckPossibleHeapValueERNS_18ScopedObjectAccessEcNS_12JniValueTypeE+74)
06-19 10:19:04.184 12965 12965 F art     : art/runtime/runtime.cc:422]   native: #13 pc 000c8d0b  /system/lib/libart.so (_ZN3art11ScopedCheck5CheckERNS_18ScopedObjectAccessEbPKcPNS_12JniValueTypeE+802)
06-19 10:19:04.184 12965 12965 F art     : art/runtime/runtime.cc:422]   native: #14 pc 000d1563  /system/lib/libart.so (_ZN3art8CheckJNI23SetPrimitiveArrayRegionEPKcNS_9Primitive4TypeEP7_JNIEnvP7_jarrayiiPKv+478)
