--------- beginning of system
06-19 10:11:04.302   601   638 V XJDAN   : KeyEvent.KEYCODE_POWER [true] bIgnorePower [false]
--------- beginning of main
06-19 10:11:04.304   601   638 W TelecomManager: Telecom Service not found.
06-19 10:11:04.304   601   638 I PowerManagerService: Waking up from sleep (uid 1000)...
06-19 10:11:04.305   601   623 I DisplayPowerController: Blocking screen on until initial contents have been drawn.
06-19 10:11:04.305   601   601 V KeyguardServiceDelegate: onStartedWakingUp()
06-19 10:11:04.326   601   623 V KeyguardServiceDelegate: onScreenTurnedOn(showListener = com.android.server.policy.PhoneWindowManager$2@ef3696d)
06-19 10:11:04.341   328   371 D AudioHardwareTiny: adev_set_parameters: kvpairs = screen_state=on
06-19 10:11:04.346   601   621 I DisplayManagerService: Display device changed state: "内置屏幕", ON
06-19 10:11:04.346   236   236 D SurfaceFlinger: Set power mode=2, type=0 flinger=0x7aa2e48000
06-19 10:11:04.359   601   767 V KeyguardServiceDelegate: **** SHOWN CALLED ****
06-19 10:11:04.400  8030  8030 I System.out: zhl—— SCREEN_ON ——
06-19 10:11:04.401  8030  8030 I LogService: com.sogou.teemo.watch.log|com.sogou.teemo.watch.log.service.LogService
06-19 10:11:04.401  8030  8030 W ContextImpl: Calling a method in the system process without a qualified user: android.app.ContextImpl.startService:1357 android.content.ContextWrapper.startService:613 com.sogou.teemo.watch.log.utils.TimoLogUtils.doLog:255 com.sogou.teemo.watch.log.utils.TimoLogUtils.log:233 com.sogou.teemo.watch.log.utils.TimoLogUtils.statisticsTiming:140 
06-19 10:11:04.402   236   245 D GRALLOC-ROCKCHIP: enter, w : 480, h : 800, format : 0x1, usage : 0xb00.
06-19 10:11:04.410 12859 12876 D GRALLOC-ROCKCHIP: enter, w : 480, h : 800, format : 0x1, usage : 0xb00.
06-19 10:11:04.416  1362  1362 I LogService: LogService|onStartCommand
06-19 10:11:04.427  1362 12795 I LogUtils: getFileNames|排除tmlog.log
06-19 10:11:04.427  1362 12795 I LogUtils: read|[/storage/emulated/0/log/statistics/tmlog.log.2018-06-15, /storage/emulated/0/log/statistics/tmlog.log.2018-06-18]
06-19 10:11:04.508   601   638 V XJDAN   : KeyEvent.KEYCODE_POWER [false] bIgnorePower [false]
06-19 10:11:05.116  7447  7447 I wpa_supplicant: wlan0: CTRL-EVENT-DRIVER-STATE STARTED
06-19 10:11:05.159   601   662 D wifi    : android_net_wifi_get_firmware_version = 0x7becbae720
06-19 10:11:05.160   601   662 E WifiHAL : Failed to register debug response; result = -95
06-19 10:11:05.160   601   662 E wifi    : Fail to get Firmware version
06-19 10:11:05.160   601   662 D wifi    : android_net_wifi_get_driver_version = 0x7becbae720
06-19 10:11:05.160   601   662 E WifiHAL : Failed to register debug response; result = -95
06-19 10:11:05.160   601   662 E wifi    : Fail to get driver version
06-19 10:11:05.160   601   662 D wifi    : android_net_wifi_set_log_handler = 0x7becbae720
06-19 10:11:05.160   601   662 D wifi    : android_net_wifi_get_ring_buffer_status = 0x7becbae720
06-19 10:11:05.160   601   662 E WifiHAL : Failed to register debug response; result = -95
06-19 10:11:05.160   601   662 E WifiLogger: no ring buffers found
06-19 10:11:05.160   601   662 D WifiHAL : Start get packet fate command
06-19 10:11:05.160   601   662 D WifiHAL : createRequest Monitor packet fate request
06-19 10:11:05.160   601   662 E WifiHAL : Failed to register get pkt fate response; result = -95
06-19 10:11:05.160   601   662 E WifiLogger: Failed to start packet fate monitoring
06-19 10:11:05.184   601   701 D SurfaceControl: Excessive delay in setPowerMode(): 838ms
06-19 10:11:05.201   601   615 D SensorsHal: Couldn't open /dev/mma8452_daemon (No such file or directory)
06-19 10:11:05.201   601   615 E SensorService: Error activating sensor 0 (Operation not permitted)
06-19 10:11:05.202   601   623 I DisplayPowerController: Unblocked screen on after 897 ms
06-19 10:11:05.208   601   623 V KeyguardServiceDelegate: onScreenTurnedOn()
06-19 10:11:05.208   601   701 E Lights Hal: write_int failed to open /sys/class/backlight/rk28_bl/brightness
06-19 10:11:05.208   601   623 I VrManagerService: VR mode is allowed
06-19 10:11:05.250   601   662 D wifi    : android_net_wifi_setLinkLayerStats: 1
06-19 10:11:05.251   601   601 D RttService: SCAN_AVAILABLE : 3
06-19 10:11:05.251   601   664 I WifiScanningService: wifi driver loaded with scan capabilities: max buckets=16
06-19 10:11:05.251   601   665 D RttService: DefaultState got{ when=0 what=160512 target=com.android.internal.util.StateMachine$SmHandler }
06-19 10:11:05.252   601   662 I WifiConnectivityManager: Set WiFi enabled
06-19 10:11:05.254   601   662 I WifiConnectivityManager: scheduleWatchdogTimer
06-19 10:11:05.254   704  1013 D XJDAN   : ---------------ABNORMAL WIFI ICON[2130838318]
06-19 10:11:05.259   337   597 W CommandListener: Failed to retrieve HW addr for p2p0 (No such device)
06-19 10:11:05.262   337   597 D CommandListener: Setting iface cfg
06-19 10:11:05.265   601   662 E wifi    : wifi_get_supported_feature_set returned error = 0xffffffa1
06-19 10:11:05.266   601   617 E BatteryStatsService: no controller energy info supplied
06-19 10:11:05.272   601   660 E WifiP2pService: Unable to change interface settings: java.lang.IllegalStateException: command '1040 interface setcfg p2p0 0.0.0.0 0 up' failed with '400 1040 Failed to clear address (No such device)'
06-19 10:11:05.272   601   660 D WifiMonitor: startMonitoring(p2p0) with mConnected = true
06-19 10:11:05.274   601   662 E wifi    : wifi_get_supported_feature_set returned error = 0xffffffa1
06-19 10:11:05.275   601   617 E BatteryStatsService: no controller energy info supplied
06-19 10:11:05.283   601   660 D WifiNative-HAL: p2pGetDeviceAddress
06-19 10:11:05.284   601   660 D WifiNative-HAL: p2pGetDeviceAddress returning c6:f1:d1:1d:ea:75
06-19 10:11:06.034   236   243 D GRALLOC-ROCKCHIP: enter, w : 480, h : 800, format : 0x1, usage : 0xb00.
06-19 10:11:06.039 12859 12876 D GRALLOC-ROCKCHIP: enter, w : 480, h : 800, format : 0x1, usage : 0xb00.
06-19 10:11:06.133 12859 12859 D MainActivity: testData2: origin 1
06-19 10:11:06.134 12859 12859 D MainActivity: testData2: origin 2
06-19 10:11:06.134 12859 12859 D MainActivity: testData2: origin 3
06-19 10:11:06.134 12859 12859 D MainActivity: testData2: origin 4
06-19 10:11:06.134 12859 12859 D MainActivity: testData2: origin 5
06-19 10:11:06.137   328   362 D AudioHardwareTiny: out_set_parameters: kvpairs = routing=2
06-19 10:11:06.141   328   362 D AudioHardwareTiny: start_output_stream
06-19 10:11:06.142   328   362 D alsa_route: route_info->sound_card 0, route_info->devices 0  
06-19 10:11:06.181 12859 12859 F art     : art/runtime/java_vm_ext.cc:470] JNI DETECTED ERROR IN APPLICATION: use of invalid jobject 0xffa35658
06-19 10:11:06.181 12859 12859 F art     : art/runtime/java_vm_ext.cc:470]     from void com.example.myndk.JNIUtils.operationArray2(int[])
06-19 10:11:06.181 12859 12859 F art     : art/runtime/java_vm_ext.cc:470] "main" prio=5 tid=1 Runnable
06-19 10:11:06.181 12859 12859 F art     : art/runtime/java_vm_ext.cc:470]   | group="main" sCount=0 dsCount=0 obj=0x743944a0 self=0xf2485400
06-19 10:11:06.181 12859 12859 F art     : art/runtime/java_vm_ext.cc:470]   | sysTid=12859 nice=-10 cgrp=default sched=0/0 handle=0xf529a534
06-19 10:11:06.181 12859 12859 F art     : art/runtime/java_vm_ext.cc:470]   | state=R schedstat=( 217706534 51372709 293 ) utm=15 stm=5 core=0 HZ=100
06-19 10:11:06.181 12859 12859 F art     : art/runtime/java_vm_ext.cc:470]   | stack=0xff23a000-0xff23c000 stackSize=8MB
06-19 10:11:06.181 12859 12859 F art     : art/runtime/java_vm_ext.cc:470]   | held mutexes= "mutator lock"(shared held)
06-19 10:11:06.181 12859 12859 F art     : art/runtime/java_vm_ext.cc:470]   native: #00 pc 00350ab5  /system/lib/libart.so (_ZN3art15DumpNativeStackERNSt3__113basic_ostreamIcNS0_11char_traitsIcEEEEiP12BacktraceMapPKcPNS_9ArtMethodEPv+128)
06-19 10:11:06.181 12859 12859 F art     : art/runtime/java_vm_ext.cc:470]   native: #01 pc 003311f9  /system/lib/libart.so (_ZNK3art6Thread9DumpStackERNSt3__113basic_ostreamIcNS1_11char_traitsIcEEEEbP12BacktraceMap+308)
06-19 10:11:06.181 12859 12859 F art     : art/runtime/java_vm_ext.cc:470]   native: #02 pc 00239895  /system/lib/libart.so (_ZN3art9JavaVMExt8JniAbortEPKcS2_+848)
06-19 10:11:06.181 12859 12859 F art     : art/runtime/java_vm_ext.cc:470]   native: #03 pc 00239e2b  /system/lib/libart.so (_ZN3art9JavaVMExt9JniAbortFEPKcS2_z+66)
06-19 10:11:06.182 12859 12859 F art     : art/runtime/java_vm_ext.cc:470]   native: #04 pc 00334c63  /system/lib/libart.so (_ZNK3art6Thread13DecodeJObjectEP8_jobject+302)
06-19 10:11:06.182 12859 12859 F art     : art/runtime/java_vm_ext.cc:470]   native: #05 pc 000ca195  /system/lib/libart.so (_ZN3art11ScopedCheck10CheckArrayERNS_18ScopedObjectAccessEP7_jarray+28)
06-19 10:11:06.182 12859 12859 F art     : art/runtime/java_vm_ext.cc:470]   native: #06 pc 000c985f  /system/lib/libart.so (_ZN3art11ScopedCheck22CheckPossibleHeapValueERNS_18ScopedObjectAccessEcNS_12JniValueTypeE+74)
06-19 10:11:06.182 12859 12859 F art     : art/runtime/java_vm_ext.cc:470]   native: #07 pc 000c8d0b  /system/lib/libart.so (_ZN3art11ScopedCheck5CheckERNS_18ScopedObjectAccessEbPKcPNS_12JniValueTypeE+802)
06-19 10:11:06.182 12859 12859 F art     : art/runtime/java_vm_ext.cc:470]   native: #08 pc 000d1563  /system/lib/libart.so (_ZN3art8CheckJNI23SetPrimitiveArrayRegionEPKcNS_9Primitive4TypeEP7_JNIEnvP7_jarrayiiPKv+478)
06-19 10:11:06.182 12859 12859 F art     : art/runtime/java_vm_ext.cc:470]   native: #09 pc 000c60c7  /system/lib/libart.so (_ZN3art8CheckJNI17SetIntArrayRegionEP7_JNIEnvP10_jintArrayiiPKi+26)
06-19 10:11:06.182 12859 12859 F art     : art/runtime/java_vm_ext.cc:470]   native: #10 pc 00000a79  /data/app/com.example.myndk-1/lib/arm/libhello-lib.so (Java_com_example_myndk_JNIUtils_operationArray2+172)
06-19 10:11:06.182 12859 12859 F art     : art/runtime/java_vm_ext.cc:470]   native: #11 pc 00002e15  /data/app/com.example.myndk-1/oat/arm/base.odex (Java_com_example_myndk_JNIUtils_operationArray2___3I+96)
06-19 10:11:06.182 12859 12859 F art     : art/runtime/java_vm_ext.cc:470]   at com.example.myndk.JNIUtils.operationArray2(Native method)
06-19 10:11:06.182 12859 12859 F art     : art/runtime/java_vm_ext.cc:470]   at com.example.myndk.MainActivity.onClick(MainActivity.java:43)
06-19 10:11:06.182 12859 12859 F art     : art/runtime/java_vm_ext.cc:470]   at java.lang.reflect.Method.invoke!(Native method)
06-19 10:11:06.182 12859 12859 F art     : art/runtime/java_vm_ext.cc:470]   at android.view.View$DeclaredOnClickListener.onClick(View.java:4720)
06-19 10:11:06.182 12859 12859 F art     : art/runtime/java_vm_ext.cc:470]   at android.view.View.performClick(View.java:5637)
06-19 10:11:06.182 12859 12859 F art     : art/runtime/java_vm_ext.cc:470]   at android.view.View$PerformClick.run(View.java:22445)
06-19 10:11:06.182 12859 12859 F art     : art/runtime/java_vm_ext.cc:470]   at android.os.Handler.handleCallback(Handler.java:755)
06-19 10:11:06.182 12859 12859 F art     : art/runtime/java_vm_ext.cc:470]   at android.os.Handler.dispatchMessage(Handler.java:95)
06-19 10:11:06.182 12859 12859 F art     : art/runtime/java_vm_ext.cc:470]   at android.os.Looper.loop(Looper.java:154)
06-19 10:11:06.182 12859 12859 F art     : art/runtime/java_vm_ext.cc:470]   at android.app.ActivityThread.main(ActivityThread.java:6121)
06-19 10:11:06.182 12859 12859 F art     : art/runtime/java_vm_ext.cc:470]   at java.lang.reflect.Method.invoke!(Native method)
06-19 10:11:06.182 12859 12859 F art     : art/runtime/java_vm_ext.cc:470]   at com.android.internal.os.ZygoteInit$MethodAndArgsCaller.run(ZygoteInit.java:912)
06-19 10:11:06.182 12859 12859 F art     : art/runtime/java_vm_ext.cc:470]   at com.android.internal.os.ZygoteInit.main(ZygoteInit.java:802)
06-19 10:11:06.182 12859 12859 F art     : art/runtime/java_vm_ext.cc:470] 
06-19 10:11:06.326 12859 12859 F art     : art/runtime/runtime.cc:422] Runtime aborting...
06-19 10:11:06.327 12859 12859 F art     : art/runtime/runtime.cc:422] Aborting thread:
06-19 10:11:06.327 12859 12859 F art     : art/runtime/runtime.cc:422] "main" prio=10 tid=1 Native
06-19 10:11:06.327 12859 12859 F art     : art/runtime/runtime.cc:422]   | group="" sCount=0 dsCount=0 obj=0x743944a0 self=0xf2485400
06-19 10:11:06.327 12859 12859 F art     : art/runtime/runtime.cc:422]   | sysTid=12859 nice=-10 cgrp=default sched=0/0 handle=0xf529a534
06-19 10:11:06.327 12859 12859 F art     : art/runtime/runtime.cc:422]   | state=R schedstat=( 252301996 53379666 313 ) utm=17 stm=6 core=2 HZ=100
06-19 10:11:06.327 12859 12859 F art     : art/runtime/runtime.cc:422]   | stack=0xff23a000-0xff23c000 stackSize=8MB
06-19 10:11:06.327 12859 12859 F art     : art/runtime/runtime.cc:422]   | held mutexes= "abort lock"
06-19 10:11:06.327 12859 12859 F art     : art/runtime/runtime.cc:422]   native: #00 pc 00350ab5  /system/lib/libart.so (_ZN3art15DumpNativeStackERNSt3__113basic_ostreamIcNS0_11char_traitsIcEEEEiP12BacktraceMapPKcPNS_9ArtMethodEPv+128)
06-19 10:11:06.327 12859 12859 F art     : art/runtime/runtime.cc:422]   native: #01 pc 003311f9  /system/lib/libart.so (_ZNK3art6Thread9DumpStackERNSt3__113basic_ostreamIcNS1_11char_traitsIcEEEEbP12BacktraceMap+308)
06-19 10:11:06.327 12859 12859 F art     : art/runtime/runtime.cc:422]   native: #02 pc 003242b1  /system/lib/libart.so (_ZNK3art10AbortState10DumpThreadERNSt3__113basic_ostreamIcNS1_11char_traitsIcEEEEPNS_6ThreadE+24)
06-19 10:11:06.327 12859 12859 F art     : art/runtime/runtime.cc:422]   native: #03 pc 00324139  /system/lib/libart.so (_ZNK3art10AbortState4DumpERNSt3__113basic_ostreamIcNS1_11char_traitsIcEEEE+424)
06-19 10:11:06.327 12859 12859 F art     : art/runtime/runtime.cc:422]   native: #04 pc 0031ae25  /system/lib/libart.so (_ZN3art7Runtime5AbortEPKc+92)
06-19 10:11:06.327 12859 12859 F art     : art/runtime/runtime.cc:422]   native: #05 pc 000b5285  /system/lib/libart.so (_ZN3art10LogMessageD2Ev+1132)
06-19 10:11:06.327 12859 12859 F art     : art/runtime/runtime.cc:422]   native: #06 pc 00239bc5  /system/lib/libart.so (_ZN3art9JavaVMExt8JniAbortEPKcS2_+1664)
06-19 10:11:06.327 12859 12859 F art     : art/runtime/runtime.cc:422]   native: #07 pc 00239e2b  /system/lib/libart.so (_ZN3art9JavaVMExt9JniAbortFEPKcS2_z+66)
06-19 10:11:06.327 12859 12859 F art     : art/runtime/runtime.cc:422]   native: #08 pc 00334c63  /system/lib/libart.so (_ZNK3art6Thread13DecodeJObjectEP8_jobject+302)
06-19 10:11:06.327 12859 12859 F art     : art/runtime/runtime.cc:422]   native: #09 pc 000ca195  /system/lib/libart.so (_ZN3art11ScopedCheck10CheckArrayERNS_18ScopedObjectAccessEP7_jarray+28)
06-19 10:11:06.327 12859 12859 F art     : art/runtime/runtime.cc:422]   native: #10 pc 000c985f  /system/lib/libart.so (_ZN3art11ScopedCheck22CheckPossibleHeapValueERNS_18ScopedObjectAccessEcNS_12JniValueTypeE+74)
06-19 10:11:06.327 12859 12859 F art     : art/runtime/runtime.cc:422]   native: #11 pc 000c8d0b  /system/lib/libart.so (_ZN3art11ScopedCheck5CheckERNS_18ScopedObjectAccessEbPKcPNS_12JniValueTypeE+802)
06-19 10:11:06.327 12859 12859 F art     : art/runtime/runtime.cc:422]   native: #12 pc 000d1563  /system/lib/libart.so (_ZN3art8CheckJNI23SetPrimitiveArrayRegionEPKcNS_9Primitive4TypeEP7_JNIEnvP7_jarrayiiPKv+478)
06-19 10:11:06.327 12859 12859 F art     : art/runtime/runtime.cc:422]   native: #13 pc 000c60c7  /system/lib/libart.so (_ZN3art8CheckJNI17SetIntArrayRegionEP7_JNIEnvP10_jintArrayiiPKi+26)
06-19 10:11:06.327 12859 12859 F art     : art/runtime/runtime.cc:422]   native: #14 pc 00000a79  /data/app/com.example.myndk-1/lib/arm/libhello-lib.so (Java_com_example_myndk_JNIUtils_operationArray2+172)
06-19 10:11:06.327 12859 12859 F art     : art/runtime/runtime.cc:422]   native: #15 pc 00002e15  /data/app/com.example.myndk-1/oat/arm/base.odex (???)
06-19 10:11:06.327 12859 12859 F art     : art/runtime/runtime.cc:422]   at com.example.myndk.JNIUtils.operationArray2(Native method)
06-19 10:11:06.327 12859 12859 F art     : art/runtime/runtime.cc:422]   at com.example.myndk.MainActivity.onClick(MainActivity.java:43)
06-19 10:11:06.327 12859 12859 F art     : art/runtime/runtime.cc:422]   at java.lang.reflect.Method.invoke!(Native method)
06-19 10:11:06.327 12859 12859 F art     : art/runtime/runtime.cc:422]   at android.view.View$DeclaredOnClickListener.onClick(View.java:4720)
06-19 10:11:06.327 12859 12859 F art     : art/runtime/runtime.cc:422]   at android.view.View.performClick(View.java:5637)
06-19 10:11:06.327 12859 12859 F art     : art/runtime/runtime.cc:422]   at android.view.View$PerformClick.run(View.java:22445)
06-19 10:11:06.327 12859 12859 F art     : art/runtime/runtime.cc:422]   at android.os.Handler.handleCallback(Handler.java:755)
06-19 10:11:06.327 12859 12859 F art     : art/runtime/runtime.cc:422]   at android.os.Handler.dispatchMessage(Handler.java:95)
06-19 10:11:06.327 12859 12859 F art     : art/runtime/runtime.cc:422]   at android.os.Looper.loop(Looper.java:154)
06-19 10:11:06.327 12859 12859 F art     : art/runtime/runtime.cc:422]   at android.app.ActivityThread.main(ActivityThread.java:6121)
06-19 10:11:06.327 12859 12859 F art     : art/runtime/runtime.cc:422]   at java.lang.reflect.Method.invoke!(Native method)
06-19 10:11:06.327 12859 12859 F art     : art/runtime/runtime.cc:422]   at com.android.internal.os.ZygoteInit$MethodAndArgsCaller.run(ZygoteInit.java:912)
06-19 10:11:06.327 12859 12859 F art     : art/runtime/runtime.cc:422]   at com.android.internal.os.ZygoteInit.main(ZygoteInit.java:802)
06-19 10:11:06.327 12859 12859 F art     : art/runtime/runtime.cc:422] Dumping all threads without appropriate locks held: thread list lock mutator lock
06-19 10:11:06.327 12859 12859 F art     : art/runtime/runtime.cc:422] All threads:
06-19 10:11:06.327 12859 12859 F art     : art/runtime/runtime.cc:422] DALVIK THREADS (13):
06-19 10:11:06.327 12859 12859 F art     : art/runtime/runtime.cc:422] "main" prio=10 tid=1 Runnable
06-19 10:11:06.327 12859 12859 F art     : art/runtime/runtime.cc:422]   | group="" sCount=0 dsCount=0 obj=0x743944a0 self=0xf2485400
06-19 10:11:06.327 12859 12859 F art     : art/runtime/runtime.cc:422]   | sysTid=12859 nice=-10 cgrp=default sched=0/0 handle=0xf529a534
06-19 10:11:06.327 12859 12859 F art     : art/runtime/runtime.cc:422]   | state=R schedstat=( 292291828 54520083 316 ) utm=21 stm=7 core=2 HZ=100
06-19 10:11:06.327 12859 12859 F art     : art/runtime/runtime.cc:422]   | stack=0xff23a000-0xff23c000 stackSize=8MB
06-19 10:11:06.327 12859 12859 F art     : art/runtime/runtime.cc:422]   | held mutexes= "abort lock" "mutator lock"(shared held)
06-19 10:11:06.327 12859 12859 F art     : art/runtime/runtime.cc:422]   native: #00 pc 00350ab5  /system/lib/libart.so (_ZN3art15DumpNativeStackERNSt3__113basic_ostreamIcNS0_11char_traitsIcEEEEiP12BacktraceMapPKcPNS_9ArtMethodEPv+128)
06-19 10:11:06.327 12859 12859 F art     : art/runtime/runtime.cc:422]   native: #01 pc 003311f9  /system/lib/libart.so (_ZNK3art6Thread9DumpStackERNSt3__113basic_ostreamIcNS1_11char_traitsIcEEEEbP12BacktraceMap+308)
06-19 10:11:06.327 12859 12859 F art     : art/runtime/runtime.cc:422]   native: #02 pc 00343221  /system/lib/libart.so (_ZN3art14DumpCheckpoint3RunEPNS_6ThreadE+620)
06-19 10:11:06.327 12859 12859 F art     : art/runtime/runtime.cc:422]   native: #03 pc 0033d22b  /system/lib/libart.so (_ZN3art10ThreadList13RunCheckpointEPNS_7ClosureE+330)
06-19 10:11:06.327 12859 12859 F art     : art/runtime/runtime.cc:422]   native: #04 pc 0033cf27  /system/lib/libart.so (_ZN3art10ThreadList4DumpERNSt3__113basic_ostreamIcNS1_11char_traitsIcEEEEb+586)
06-19 10:11:06.327 12859 12859 F art     : art/runtime/runtime.cc:422]   native: #05 pc 00324105  /system/lib/libart.so (_ZNK3art10AbortState4DumpERNSt3__113basic_ostreamIcNS1_11char_traitsIcEEEE+372)
06-19 10:11:06.327 12859 12859 F art     : art/runtime/runtime.cc:422]   native: #06 pc 0031ae25  /system/lib/libart.so (_ZN3art7Runtime5AbortEPKc+92)
06-19 10:11:06.327 12859 12859 F art     : art/runtime/runtime.cc:422]   native: #07 pc 000b5285  /system/lib/libart.so (_ZN3art10LogMessageD2Ev+1132)
06-19 10:11:06.327 12859 12859 F art     : art/runtime/runtime.cc:422]   native: #08 pc 00239bc5  /system/lib/libart.so (_ZN3art9JavaVMExt8JniAbortEPKcS2_+1664)
06-19 10:11:06.327 12859 12859 F art     : art/runtime/runtime.cc:422]   native: #09 pc 00239e2b  /system/lib/libart.so (_ZN3art9JavaVMExt9JniAbortFEPKcS2_z+66)
06-19 10:11:06.327 12859 12859 F art     : art/runtime/runtime.cc:422]   native: #10 pc 00334c63  /system/lib/libart.so (_ZNK3art6Thread13DecodeJObjectEP8_jobject+302)
06-19 10:11:06.327 12859 12859 F art     : art/runtime/runtime.cc:422]   native: #11 pc 000ca195  /system/lib/libart.so (_ZN3art11ScopedCheck10CheckArrayERNS_18ScopedObjectAccessEP7_jarray+28)
06-19 10:11:06.327 12859 12859 F art     : art/runtime/runtime.cc:422]   native: #12 pc 000c985f  /system/lib/libart.so (_ZN3art11ScopedCheck22CheckPossibleHeapValueERNS_18ScopedObjectAccessEcNS_12JniValueTypeE+74)
06-19 10:11:06.327 12859 12859 F art     : art/runtime/runtime.cc:422]   native: #13 pc 000c8d0b  /system/lib/libart.so (_ZN3art11ScopedCheck5CheckERNS_18ScopedObjectAccessEbPKcPNS_12JniValueTypeE+802)
06-19 10:11:06.327 12859 12859 F art     : art/runtime/runtime.cc:422]   native: #14 pc 000d1563  /system/lib/libart.so (_ZN3art8CheckJNI23SetPrimitiveArrayRegionEPKcNS_9Primitive4TypeEP7_JNIEnvP7_jarrayiiPKv+478)
06-19 10:11:06.327 12859 12859 F art     : art/runtime/runtime.cc:422]   native: #15 pc 000c60c7  /system/lib/libart.so (_ZN3art8CheckJNI17SetIntArrayRegionEP7_JNIEnvP10_jintArrayiiPKi+26)
06-19 10:11:06.327 12859 12859 F art     : art/runtime/runtime.cc:422]   native: #16 pc 00000a79  /data/app/com.example.myndk-1/lib/arm/libhello-lib.so (Java_com_example_myndk_JNIUtils_operationArray2+172)
06-19 10:11:06.327 12859 12859 F art     : art/runtime/runtime.cc:422]   native: #17 pc 00002e15  /data/app/com.example.myndk-1/oat/arm/base.odex (Java_com_example_myndk_JNIUtils_operationArray2___3I+96)
06-19 10:11:06.327 12859 12859 F art     : art/runtime/runtime.cc:422]   at com.example.myndk.JNIUtils.operationArray2(Native method)
06-19 10:11:06.327 12859 12859 F art     : art/runtime/runtime.cc:422]   at com.example.myndk.MainActivity.onClick(MainActivity.java:43)
06-19 10:11:06.327 12859 12859 F art     : art/runtime/runtime.cc:422]   at java.lang.reflect.Method.invoke!(Native method)
06-19 10:11:06.327 12859 12859 F art     : art/runtime/runtime.cc:422]   at android.view.View$DeclaredOnClickListener.onClick(View.java:4720)
06-19 10:11:06.328 12859 12859 F art     : art/runtime/runtime.cc:422]   at android.view.View.performClick(View.java:5637)
06-19 10:11:06.328 12859 12859 F art     : art/runtime/runtime.cc:422]   at android.view.View$PerformClick.run(View.java:22445)
06-19 10:11:06.328 12859 12859 F art     : art/runtime/runtime.cc:422]   at android.os.Handler.handleCallback(Handler.java:755)
06-19 10:11:06.328 12859 12859 F art     : art/runtime/runtime.cc:422]   at android.os.Handler.dispatchMessage(Handler.java:95)
06-19 10:11:06.328 12859 12859 F art     : art/runtime/runtime.cc:422]   at android.os.Looper.loop(Looper.java:154)
06-19 10:11:06.328 12859 12859 F art     : art/runtime/runtime.cc:422]   at android.app.ActivityThread.main(ActivityThread.java:6121)
06-19 10:11:06.328 12859 12859 F art     : art/runtime/runtime.cc:422]   at java.lang.reflect.Method.invoke!(Native method)
06-19 10:11:06.328 12859 12859 F art     : art/runtime/runtime.cc:422]   at com.android.internal.os.ZygoteInit$MethodAndArgsCaller.run(ZygoteInit.java:912)
06-19 10:11:06.328 12859 12859 F art     : art/runtime/runtime.cc:422]   at com.android.internal.os.ZygoteInit.main(ZygoteInit.java:802)
06-19 10:11:06.328 12859 12859 F art     : art/runtime/runtime.cc:422] 
06-19 10:11:06.328 12859 12859 F art     : art/runtime/runtime.cc:422] "Jit thread pool worker thread 0" prio=10 tid=2 Native
06-19 10:11:06.328 12859 12859 F art     : art/runtime/runtime.cc:422]   | group="" sCount=1 dsCount=0 obj=0x12c17ca0 self=0xe958c000
06-19 10:11:06.328 12859 12859 F art     : art/runtime/runtime.cc:422]   | sysTid=12864 nice=9 cgrp=default sched=0/0 handle=0xf1ba6920
06-19 10:11:06.328 12859 12859 F art     : art/runtime/runtime.cc:422]   | state=S schedstat=( 1912459 1216709 2 ) utm=0 stm=0 core=2 HZ=100
06-19 10:11:06.328 12859 12859 F art     : art/runtime/runtime.cc:422]   | stack=0xf1aa8000-0xf1aaa000 stackSize=1022KB
06-19 10:11:06.328 12859 12859 F art     : art/runtime/runtime.cc:422]   | held mutexes=
06-19 10:11:06.328 12859 12859 F art     : art/runtime/runtime.cc:422]   kernel: __switch_to+0x9c/0xa8
06-19 10:11:06.328 12859 12859 F art     : art/runtime/runtime.cc:422]   kernel: futex_wait_queue_me+0xcc/0x130
06-19 10:11:06.328 12859 12859 F art     : art/runtime/runtime.cc:422]   kernel: futex_wait+0xe8/0x1ec
06-19 10:11:06.328 12859 12859 F art     : art/runtime/runtime.cc:422]   kernel: do_futex+0xdc/0x4e0
06-19 10:11:06.328 12859 12859 F art     : art/runtime/runtime.cc:422]   kernel: compat_SyS_futex+0xdc/0x168
06-19 10:11:06.328 12859 12859 F art     : art/runtime/runtime.cc:422]   kernel: el0_svc_naked+0x24/0x28
06-19 10:11:06.328 12859 12859 F art     : art/runtime/runtime.cc:422]   native: #00 pc 00017404  /system/lib/libc.so (syscall+28)
06-19 10:11:06.328 12859 12859 F art     : art/runtime/runtime.cc:422]   native: #01 pc 000b6e49  /system/lib/libart.so (_ZN3art17ConditionVariable16WaitHoldingLocksEPNS_6ThreadE+92)
06-19 10:11:06.328 12859 12859 F art     : art/runtime/runtime.cc:422]   native: #02 pc 00344785  /system/lib/libart.so (_ZN3art10ThreadPool7GetTaskEPNS_6ThreadE+160)
06-19 10:11:06.328 12859 12859 F art     : art/runtime/runtime.cc:422]   native: #03 pc 00343fa7  /system/lib/libart.so (_ZN3art16ThreadPoolWorker3RunEv+62)
06-19 10:11:06.328 12859 12859 F art     : art/runtime/runtime.cc:422]   native: #04 pc 00343acf  /system/lib/libart.so (_ZN3art16ThreadPoolWorker8CallbackEPv+78)
06-19 10:11:06.328 12859 12859 F art     : art/runtime/runtime.cc:422]   native: #05 pc 000470c3  /system/lib/libc.so (_ZL15__pthread_startPv+22)
06-19 10:11:06.328 12859 12859 F art     : art/runtime/runtime.cc:422]   native: #06 pc 00019e3d  /system/lib/libc.so (__start_thread+6)
06-19 10:11:06.328 12859 12859 F art     : art/runtime/runtime.cc:422]   (no managed stack frames)
06-19 10:11:06.328 12859 12859 F art     : art/runtime/runtime.cc:422] 
06-19 10:11:06.328 12859 12859 F art     : art/runtime/runtime.cc:422] "Signal Catcher" prio=10 tid=3 WaitingInMainSignalCatcherLoop
06-19 10:11:06.328 12859 12859 F art     : art/runtime/runtime.cc:422]   | group="" sCount=1 dsCount=0 obj=0x12c17d30 self=0xe6d3ce00
06-19 10:11:06.328 12859 12859 F art     : art/runtime/runtime.cc:422]   | sysTid=12865 nice=0 cgrp=default sched=0/0 handle=0xf1aa5920
06-19 10:11:06.328 12859 12859 F art     : art/runtime/runtime.cc:422]   | state=S schedstat=( 871209 298958 2 ) utm=0 stm=0 core=3 HZ=100
06-19 10:11:06.328 12859 12859 F art     : art/runtime/runtime.cc:422]   | stack=0xf19a9000-0xf19ab000 stackSize=1014KB
06-19 10:11:06.328 12859 12859 F art     : art/runtime/runtime.cc:422]   | held mutexes=
06-19 10:11:06.328 12859 12859 F art     : art/runtime/runtime.cc:422]   kernel: __switch_to+0x9c/0xa8
06-19 10:11:06.328 12859 12859 F art     : art/runtime/runtime.cc:422]   kernel: do_sigtimedwait+0xe0/0x1c0
06-19 10:11:06.328 12859 12859 F art     : art/runtime/runtime.cc:422]   kernel: compat_SyS_rt_sigtimedwait+0xb0/0x104
06-19 10:11:06.328 12859 12859 F art     : art/runtime/runtime.cc:422]   kernel: el0_svc_naked+0x24/0x28
06-19 10:11:06.328 12859 12859 F art     : art/runtime/runtime.cc:422]   native: #00 pc 000488a4  /system/lib/libc.so (__rt_sigtimedwait+12)
06-19 10:11:06.328 12859 12859 F art     : art/runtime/runtime.cc:422]   native: #01 pc 0001e24b  /system/lib/libc.so (sigwait+34)
06-19 10:11:06.328 12859 12859 F art     : art/runtime/runtime.cc:422]   native: #02 pc 00327363  /system/lib/libart.so (_ZN3art9SignalSet4WaitEv+22)
06-19 10:11:06.328 12859 12859 F art     : art/runtime/runtime.cc:422]   native: #03 pc 00326f5d  /system/lib/libart.so (_ZN3art13SignalCatcher13WaitForSignalEPNS_6ThreadERNS_9SignalSetE+168)
06-19 10:11:06.328 12859 12859 F art     : art/runtime/runtime.cc:422]   native: #04 pc 00325cc1  /system/lib/libart.so (_ZN3art13SignalCatcher3RunEPv+276)
06-19 10:11:06.328 12859 12859 F art     : art/runtime/runtime.cc:422]   native: #05 pc 000470c3  /system/lib/libc.so (_ZL15__pthread_startPv+22)
06-19 10:11:06.328 12859 12859 F art     : art/runtime/runtime.cc:422]   native: #06 pc 00019e3d  /system/lib/libc.so (__start_thread+6)
06-19 10:11:06.328 12859 12859 F art     : art/runtime/runtime.cc:422]   (no managed stack frames)
06-19 10:11:06.328 12859 12859 F art     : art/runtime/runtime.cc:422] 
06-19 10:11:06.328 12859 12859 F art     : art/runtime/runtime.cc:422] "JDWP" prio=10 tid=4 WaitingInMainDebuggerLoop
06-19 10:11:06.328 12859 12859 F art     : art/runtime/runtime.cc:422]   | group="" sCount=1 dsCount=0 obj=0x12c17dc0 self=0xe958d400
06-19 10:11:06.328 12859 12859 F art     : art/runtime/runtime.cc:422]   | sysTid=12866 nice=0 cgrp=default sched=0/0 handle=0xf19a6920
06-19 10:11:06.328 12859 12859 F art     : art/runtime/runtime.cc:422]   | state=S schedstat=( 4624375 749290 24 ) utm=0 stm=0 core=1 HZ=100
06-19 10:11:06.328 12859 12859 F art     : art/runtime/runtime.cc:422]   | stack=0xf18aa000-0xf18ac000 stackSize=1014KB
06-19 10:11:06.328 12859 12859 F art     : art/runtime/runtime.cc:422]   | held mutexes=
06-19 10:11:06.328 12859 12859 F art     : art/runtime/runtime.cc:422]   kernel: __switch_to+0x9c/0xa8
06-19 10:11:06.328 12859 12859 F art     : art/runtime/runtime.cc:422]   kernel: poll_schedule_timeout+0x4c/0x7c
06-19 10:11:06.328 12859 12859 F art     : art/runtime/runtime.cc:422]   kernel: do_select+0x4ac/0x504
06-19 10:11:06.328 12859 12859 F art     : art/runtime/runtime.cc:422]   kernel: compat_core_sys_select+0x16c/0x224
06-19 10:11:06.328 12859 12859 F art     : art/runtime/runtime.cc:422]   kernel: compat_SyS_pselect6+0x1f8/0x2ac
06-19 10:11:06.328 12859 12859 F art     : art/runtime/runtime.cc:422]   kernel: el0_svc_naked+0x24/0x28
06-19 10:11:06.328 12859 12859 F art     : art/runtime/runtime.cc:422]   native: #00 pc 0004877c  /system/lib/libc.so (__pselect6+20)
06-19 10:11:06.328 12859 12859 F art     : art/runtime/runtime.cc:422]   native: #01 pc 0001d045  /system/lib/libc.so (select+88)
06-19 10:11:06.328 12859 12859 F art     : art/runtime/runtime.cc:422]   native: #02 pc 003fba77  /system/lib/libart.so (_ZN3art4JDWP12JdwpAdbState15ProcessIncomingEv+302)
06-19 10:11:06.328 12859 12859 F art     : art/runtime/runtime.cc:422]   native: #03 pc 002487a7  /system/lib/libart.so (_ZN3art4JDWP9JdwpState3RunEv+650)
06-19 10:11:06.328 12859 12859 F art     : art/runtime/runtime.cc:422]   native: #04 pc 00247f4b  /system/lib/libart.so (_ZN3art4JDWPL15StartJdwpThreadEPv+22)
06-19 10:11:06.328 12859 12859 F art     : art/runtime/runtime.cc:422]   native: #05 pc 000470c3  /system/lib/libc.so (_ZL15__pthread_startPv+22)
06-19 10:11:06.328 12859 12859 F art     : art/runtime/runtime.cc:422]   native: #06 pc 00019e3d  /system/lib/libc.so (__start_thread+6)
06-19 10:11:06.328 12859 12859 F art     : art/runtime/runtime.cc:422]   (no managed stack frames)
06-19 10:11:06.328 12859 12859 F art     : art/runtime/runtime.cc:422] 
06-19 10:11:06.328 12859 12859 F art     : art/runtime/runtime.cc:422] "ReferenceQueueDaemon" prio=10 tid=5 Waiting
06-19 10:11:06.328 12859 12859 F art     : art/runtime/runtime.cc:422]   | group="" sCount=1 dsCount=0 obj=0x12c17e50 self=0xe6d3e200
06-19 10:11:06.328 12859 12859 F art     : art/runtime/runtime.cc:422]   | sysTid=12867 nice=0 cgrp=default sched=0/0 handle=0xf18a7920
06-19 10:11:06.329 12859 12859 F art     : art/runtime/runtime.cc:422]   | state=S schedstat=( 586249 425250 6 ) utm=0 stm=0 core=1 HZ=100
06-19 10:11:06.329 12859 12859 F art     : art/runtime/runtime.cc:422]   | stack=0xf17a5000-0xf17a7000 stackSize=1038KB
06-19 10:11:06.329 12859 12859 F art     : art/runtime/runtime.cc:422]   | held mutexes=
06-19 10:11:06.329 12859 12859 F art     : art/runtime/runtime.cc:422]   kernel: __switch_to+0x9c/0xa8
06-19 10:11:06.329 12859 12859 F art     : art/runtime/runtime.cc:422]   kernel: futex_wait_queue_me+0xcc/0x130
06-19 10:11:06.329 12859 12859 F art     : art/runtime/runtime.cc:422]   kernel: futex_wait+0xe8/0x1ec
06-19 10:11:06.329 12859 12859 F art     : art/runtime/runtime.cc:422]   kernel: do_futex+0xdc/0x4e0
06-19 10:11:06.329 12859 12859 F art     : art/runtime/runtime.cc:422]   kernel: compat_SyS_futex+0xdc/0x168
06-19 10:11:06.329 12859 12859 F art     : art/runtime/runtime.cc:422]   kernel: el0_svc_naked+0x24/0x28
06-19 10:11:06.329 12859 12859 F art     : art/runtime/runtime.cc:422]   native: #00 pc 00017404  /system/lib/libc.so (syscall+28)
06-19 10:11:06.329 12859 12859 F art     : art/runtime/runtime.cc:422]   native: #01 pc 000b6e49  /system/lib/libart.so (_ZN3art17ConditionVariable16WaitHoldingLocksEPNS_6ThreadE+92)
06-19 10:11:06.329 12859 12859 F art     : art/runtime/runtime.cc:422]   native: #02 pc 0029f17b  /system/lib/libart.so (_ZN3art7Monitor4WaitEPNS_6ThreadExibNS_11ThreadStateE+514)
06-19 10:11:06.329 12859 12859 F art     : art/runtime/runtime.cc:422]   native: #03 pc 002a09ab  /system/lib/libart.so (_ZN3art7Monitor4WaitEPNS_6ThreadEPNS_6mirror6ObjectExibNS_11ThreadStateE+258)
06-19 10:11:06.329 12859 12859 F art     : art/runtime/runtime.cc:422]   native: #04 pc 002af1c7  /system/lib/libart.so (_ZN3artL11Object_waitEP7_JNIEnvP8_jobject+32)
06-19 10:11:06.329 12859 12859 F art     : art/runtime/runtime.cc:422]   native: #05 pc 00000557  /system/framework/arm/boot.oat (Java_java_lang_Object_wait__+74)
06-19 10:11:06.329 12859 12859 F art     : art/runtime/runtime.cc:422]   at java.lang.Object.wait!(Native method)
06-19 10:11:06.329 12859 12859 F art     : art/runtime/runtime.cc:422]   - waiting on <0x008c9d8c> (a java.lang.Class<java.lang.ref.ReferenceQueue>)
06-19 10:11:06.329 12859 12859 F art     : art/runtime/runtime.cc:422]   at java.lang.Daemons$ReferenceQueueDaemon.run(Daemons.java:150)
06-19 10:11:06.329 12859 12859 F art     : art/runtime/runtime.cc:422]   - locked <0x008c9d8c> (a java.lang.Class<java.lang.ref.ReferenceQueue>)
06-19 10:11:06.329 12859 12859 F art     : art/runtime/runtime.cc:422]   at java.lang.Thread.run(Thread.java:761)
06-19 10:11:06.329 12859 12859 F art     : art/runtime/runtime.cc:422] 
06-19 10:11:06.329 12859 12859 F art     : art/runtime/runtime.cc:422] "FinalizerWatchdogDaemon" prio=10 tid=6 Waiting
06-19 10:11:06.329 12859 12859 F art     : art/runtime/runtime.cc:422]   | group="" sCount=1 dsCount=0 obj=0x12c17f70 self=0xe6d3ec00
06-19 10:11:06.329 12859 12859 F art     : art/runtime/runtime.cc:422]   | sysTid=12869 nice=0 cgrp=default sched=0/0 handle=0xf169d920
06-19 10:11:06.329 12859 12859 F art     : art/runtime/runtime.cc:422]   | state=S schedstat=( 665583 717667 4 ) utm=0 stm=0 core=0 HZ=100
06-19 10:11:06.329 12859 12859 F art     : art/runtime/runtime.cc:422]   | stack=0xf159b000-0xf159d000 stackSize=1038KB
06-19 10:11:06.329 12859 12859 F art     : art/runtime/runtime.cc:422]   | held mutexes=
06-19 10:11:06.329 12859 12859 F art     : art/runtime/runtime.cc:422]   kernel: __switch_to+0x9c/0xa8
06-19 10:11:06.329 12859 12859 F art     : art/runtime/runtime.cc:422]   kernel: futex_wait_queue_me+0xcc/0x130
06-19 10:11:06.329 12859 12859 F art     : art/runtime/runtime.cc:422]   kernel: futex_wait+0xe8/0x1ec
06-19 10:11:06.329 12859 12859 F art     : art/runtime/runtime.cc:422]   kernel: do_futex+0xdc/0x4e0
06-19 10:11:06.329 12859 12859 F art     : art/runtime/runtime.cc:422]   kernel: compat_SyS_futex+0xdc/0x168
06-19 10:11:06.329 12859 12859 F art     : art/runtime/runtime.cc:422]   kernel: el0_svc_naked+0x24/0x28
06-19 10:11:06.329 12859 12859 F art     : art/runtime/runtime.cc:422]   native: #00 pc 00017404  /system/lib/libc.so (syscall+28)
06-19 10:11:06.329 12859 12859 F art     : art/runtime/runtime.cc:422]   native: #01 pc 000b6e49  /system/lib/libart.so (_ZN3art17ConditionVariable16WaitHoldingLocksEPNS_6ThreadE+92)
06-19 10:11:06.329 12859 12859 F art     : art/runtime/runtime.cc:422]   native: #02 pc 0029f17b  /system/lib/libart.so (_ZN3art7Monitor4WaitEPNS_6ThreadExibNS_11ThreadStateE+514)
06-19 10:11:06.329 12859 12859 F art     : art/runtime/runtime.cc:422]   native: #03 pc 002a09ab  /system/lib/libart.so (_ZN3art7Monitor4WaitEPNS_6ThreadEPNS_6mirror6ObjectExibNS_11ThreadStateE+258)
06-19 10:11:06.329 12859 12859 F art     : art/runtime/runtime.cc:422]   native: #04 pc 002af1c7  /system/lib/libart.so (_ZN3artL11Object_waitEP7_JNIEnvP8_jobject+32)
06-19 10:11:06.329 12859 12859 F art     : art/runtime/runtime.cc:422]   native: #05 pc 00000557  /system/framework/arm/boot.oat (Java_java_lang_Object_wait__+74)
06-19 10:11:06.329 12859 12859 F art     : art/runtime/runtime.cc:422]   at java.lang.Object.wait!(Native method)
06-19 10:11:06.329 12859 12859 F art     : art/runtime/runtime.cc:422]   - waiting on <0x0a27ecd5> (a java.lang.Daemons$FinalizerWatchdogDaemon)
06-19 10:11:06.329 12859 12859 F art     : art/runtime/runtime.cc:422]   at java.lang.Daemons$FinalizerWatchdogDaemon.sleepUntilNeeded(Daemons.java:269)
06-19 10:11:06.329 12859 12859 F art     : art/runtime/runtime.cc:422]   - locked <0x0a27ecd5> (a java.lang.Daemons$FinalizerWatchdogDaemon)
06-19 10:11:06.329 12859 12859 F art     : art/runtime/runtime.cc:422]   at java.lang.Daemons$FinalizerWatchdogDaemon.run(Daemons.java:249)
06-19 10:11:06.329 12859 12859 F art     : art/runtime/runtime.cc:422]   at java.lang.Thread.run(Thread.java:761)
06-19 10:11:06.329 12859 12859 F art     : art/runtime/runtime.cc:422] 
06-19 10:11:06.329 12859 12859 F art     : art/runtime/runtime.cc:422] "FinalizerDaemon" prio=10 tid=7 Waiting
06-19 10:11:06.329 12859 12859 F art     : art/runtime/runtime.cc:422]   | group="" sCount=1 dsCount=0 obj=0x12c17ee0 self=0xe6d3e700
06-19 10:11:06.329 12859 12859 F art     : art/runtime/runtime.cc:422]   | sysTid=12868 nice=0 cgrp=default sched=0/0 handle=0xf17a2920
06-19 10:11:06.329 12859 12859 F art     : art/runtime/runtime.cc:422]   | state=S schedstat=( 614959 5161374 11 ) utm=0 stm=0 core=2 HZ=100
06-19 10:11:06.329 12859 12859 F art     : art/runtime/runtime.cc:422]   | stack=0xf16a0000-0xf16a2000 stackSize=1038KB
06-19 10:11:06.330 12859 12859 F art     : art/runtime/runtime.cc:422]   | held mutexes=
06-19 10:11:06.330 12859 12859 F art     : art/runtime/runtime.cc:422]   kernel: __switch_to+0x9c/0xa8
06-19 10:11:06.330 12859 12859 F art     : art/runtime/runtime.cc:422]   kernel: futex_wait_queue_me+0xcc/0x130
06-19 10:11:06.330 12859 12859 F art     : art/runtime/runtime.cc:422]   kernel: futex_wait+0xe8/0x1ec
06-19 10:11:06.330 12859 12859 F art     : art/runtime/runtime.cc:422]   kernel: do_futex+0xdc/0x4e0
06-19 10:11:06.330 12859 12859 F art     : art/runtime/runtime.cc:422]   kernel: compat_SyS_futex+0xdc/0x168
06-19 10:11:06.330 12859 12859 F art     : art/runtime/runtime.cc:422]   kernel: el0_svc_naked+0x24/0x28
06-19 10:11:06.330 12859 12859 F art     : art/runtime/runtime.cc:422]   native: #00 pc 00017404  /system/lib/libc.so (syscall+28)
06-19 10:11:06.330 12859 12859 F art     : art/runtime/runtime.cc:422]   native: #01 pc 000b6e49  /system/lib/libart.so (_ZN3art17ConditionVariable16WaitHoldingLocksEPNS_6ThreadE+92)
06-19 10:11:06.330 12859 12859 F art     : art/runtime/runtime.cc:422]   native: #02 pc 0029f17b  /system/lib/libart.so (_ZN3art7Monitor4WaitEPNS_6ThreadExibNS_11ThreadStateE+514)
06-19 10:11:06.330 12859 12859 F art     : art/runtime/runtime.cc:422]   native: #03 pc 002a09ab  /system/lib/libart.so (_ZN3art7Monitor4WaitEPNS_6ThreadEPNS_6mirror6ObjectExibNS_11ThreadStateE+258)
06-19 10:11:06.330 12859 12859 F art     : art/runtime/runtime.cc:422]   native: #04 pc 002af1f3  /system/lib/libart.so (_ZN3artL13Object_waitJIEP7_JNIEnvP8_jobjectxi+36)
06-19 10:11:06.330 12859 12859 F art     : art/runtime/runtime.cc:422]   native: #05 pc 00000655  /system/framework/arm/boot.oat (Java_java_lang_Object_wait__JI+96)
06-19 10:11:06.330 12859 12859 F art     : art/runtime/runtime.cc:422]   at java.lang.Object.wait!(Native method)
06-19 10:11:06.330 12859 12859 F art     : art/runtime/runtime.cc:422]   - waiting on <0x0ee6ecea> (a java.lang.Object)
06-19 10:11:06.330 12859 12859 F art     : art/runtime/runtime.cc:422]   at java.lang.Object.wait(Object.java:407)
06-19 10:11:06.330 12859 12859 F art     : art/runtime/runtime.cc:422]   at java.lang.ref.ReferenceQueue.remove(ReferenceQueue.java:188)
06-19 10:11:06.330 12859 12859 F art     : art/runtime/runtime.cc:422]   - locked <0x0ee6ecea> (a java.lang.Object)
06-19 10:11:06.330 12859 12859 F art     : art/runtime/runtime.cc:422]   at java.lang.ref.ReferenceQueue.remove(ReferenceQueue.java:209)
06-19 10:11:06.330 12859 12859 F art     : art/runtime/runtime.cc:422]   at java.lang.Daemons$FinalizerDaemon.run(Daemons.java:204)
06-19 10:11:06.330 12859 12859 F art     : art/runtime/runtime.cc:422]   at java.lang.Thread.run(Thread.java:761)
06-19 10:11:06.330 12859 12859 F art     : art/runtime/runtime.cc:422] 
06-19 10:11:06.330 12859 12859 F art     : art/runtime/runtime.cc:422] "HeapTaskDaemon" prio=10 tid=8 Blocked
06-19 10:11:06.330 12859 12859 F art     : art/runtime/runtime.cc:422]   | group="" sCount=1 dsCount=0 obj=0x12c1f0d0 self=0xe6d3f100
06-19 10:11:06.330 12859 12859 F art     : art/runtime/runtime.cc:422]   | sysTid=12870 nice=0 cgrp=default sched=0/0 handle=0xf1598920
06-19 10:11:06.330 12859 12859 F art     : art/runtime/runtime.cc:422]   | state=S schedstat=( 567167 4224083 4 ) utm=0 stm=0 core=3 HZ=100
06-19 10:11:06.330 12859 12859 F art     : art/runtime/runtime.cc:422]   | stack=0xf1496000-0xf1498000 stackSize=1038KB
06-19 10:11:06.330 12859 12859 F art     : art/runtime/runtime.cc:422]   | held mutexes=
06-19 10:11:06.330 12859 12859 F art     : art/runtime/runtime.cc:422]   kernel: __switch_to+0x9c/0xa8
06-19 10:11:06.330 12859 12859 F art     : art/runtime/runtime.cc:422]   kernel: futex_wait_queue_me+0xcc/0x130
06-19 10:11:06.330 12859 12859 F art     : art/runtime/runtime.cc:422]   kernel: futex_wait+0xe8/0x1ec
06-19 10:11:06.330 12859 12859 F art     : art/runtime/runtime.cc:422]   kernel: do_futex+0xdc/0x4e0
06-19 10:11:06.330 12859 12859 F art     : art/runtime/runtime.cc:422]   kernel: compat_SyS_futex+0xdc/0x168
06-19 10:11:06.330 12859 12859 F art     : art/runtime/runtime.cc:422]   kernel: el0_svc_naked+0x24/0x28
06-19 10:11:06.330 12859 12859 F art     : art/runtime/runtime.cc:422]   native: #00 pc 00017404  /system/lib/libc.so (syscall+28)
06-19 10:11:06.330 12859 12859 F art     : art/runtime/runtime.cc:422]   native: #01 pc 000b6e49  /system/lib/libart.so (_ZN3art17ConditionVariable16WaitHoldingLocksEPNS_6ThreadE+92)
06-19 10:11:06.330 12859 12859 F art     : art/runtime/runtime.cc:422]   native: #02 pc 001b4de5  /system/lib/libart.so (_ZN3art2gc13TaskProcessor7GetTaskEPNS_6ThreadE+288)
06-19 10:11:06.330 12859 12859 F art     : art/runtime/runtime.cc:422]   native: #03 pc 001b545d  /system/lib/libart.so (_ZN3art2gc13TaskProcessor11RunAllTasksEPNS_6ThreadE+44)
06-19 10:11:06.330 12859 12859 F art     : art/runtime/runtime.cc:422]   native: #04 pc 001615cf  /system/framework/arm/boot-core-libart.oat (Java_dalvik_system_VMRuntime_runHeapTasks__+74)
06-19 10:11:06.330 12859 12859 F art     : art/runtime/runtime.cc:422]   at dalvik.system.VMRuntime.runHeapTasks(Native method)
06-19 10:11:06.330 12859 12859 F art     : art/runtime/runtime.cc:422]   - waiting to lock an unknown object
06-19 10:11:06.330 12859 12859 F art     : art/runtime/runtime.cc:422]   at java.lang.Daemons$HeapTaskDaemon.run(Daemons.java:433)
06-19 10:11:06.330 12859 12859 F art     : art/runtime/runtime.cc:422]   at java.lang.Thread.run(Thread.java:761)
06-19 10:11:06.330 12859 12859 F art     : art/runtime/runtime.cc:422] 
06-19 10:11:06.330 12859 12859 F art     : art/runtime/runtime.cc:422] "Binder:12859_1" prio=10 tid=9 Native
06-19 10:11:06.330 12859 12859 F art     : art/runtime/runtime.cc:422]   | group="" sCount=1 dsCount=0 obj=0x12c1f280 self=0xe6d3f600
06-19 10:11:06.330 12859 12859 F art     : art/runtime/runtime.cc:422]   | sysTid=12871 nice=0 cgrp=default sched=0/0 handle=0xf1395920
06-19 10:11:06.330 12859 12859 F art     : art/runtime/runtime.cc:422]   | state=S schedstat=( 3703293 1090831 18 ) utm=0 stm=0 core=1 HZ=100
06-19 10:11:06.330 12859 12859 F art     : art/runtime/runtime.cc:422]   | stack=0xf1299000-0xf129b000 stackSize=1014KB
06-19 10:11:06.330 12859 12859 F art     : art/runtime/runtime.cc:422]   | held mutexes=
06-19 10:11:06.330 12859 12859 F art     : art/runtime/runtime.cc:422]   kernel: __switch_to+0x9c/0xa8
06-19 10:11:06.330 12859 12859 F art     : art/runtime/runtime.cc:422]   kernel: binder_thread_read+0x350/0x1080
06-19 10:11:06.330 12859 12859 F art     : art/runtime/runtime.cc:422]   kernel: binder_ioctl_write_read+0x1b4/0x314
06-19 10:11:06.330 12859 12859 F art     : art/runtime/runtime.cc:422]   kernel: binder_ioctl+0x1d0/0x668
06-19 10:11:06.330 12859 12859 F art     : art/runtime/runtime.cc:422]   kernel: compat_SyS_ioctl+0x120/0x1130
06-19 10:11:06.330 12859 12859 F art     : art/runtime/runtime.cc:422]   kernel: el0_svc_naked+0x24/0x28
06-19 10:11:06.330 12859 12859 F art     : art/runtime/runtime.cc:422]   native: #00 pc 00048678  /system/lib/libc.so (__ioctl+8)
06-19 10:11:06.330 12859 12859 F art     : art/runtime/runtime.cc:422]   native: #01 pc 0001ae3f  /system/lib/libc.so (ioctl+38)
06-19 10:11:06.330 12859 12859 F art     : art/runtime/runtime.cc:422]   native: #02 pc 0003ccb7  /system/lib/libbinder.so (_ZN7android14IPCThreadState14talkWithDriverEb+202)
06-19 10:11:06.330 12859 12859 F art     : art/runtime/runtime.cc:422]   native: #03 pc 0003cdcd  /system/lib/libbinder.so (_ZN7android14IPCThreadState20getAndExecuteCommandEv+8)
06-19 10:11:06.330 12859 12859 F art     : art/runtime/runtime.cc:422]   native: #04 pc 0003d34b  /system/lib/libbinder.so (_ZN7android14IPCThreadState14joinThreadPoolEb+46)
06-19 10:11:06.330 12859 12859 F art     : art/runtime/runtime.cc:422]   native: #05 pc 0004f8f5  /system/lib/libbinder.so (???)
06-19 10:11:06.330 12859 12859 F art     : art/runtime/runtime.cc:422]   native: #06 pc 0000e345  /system/lib/libutils.so (_ZN7android6Thread11_threadLoopEPv+140)
06-19 10:11:06.330 12859 12859 F art     : art/runtime/runtime.cc:422]   native: #07 pc 000667e5  /system/lib/libandroid_runtime.so (_ZN7android14AndroidRuntime15javaThreadShellEPv+80)
06-19 10:11:06.330 12859 12859 F art     : art/runtime/runtime.cc:422]   native: #08 pc 000470c3  /system/lib/libc.so (_ZL15__pthread_startPv+22)
06-19 10:11:06.330 12859 12859 F art     : art/runtime/runtime.cc:422]   native: #09 pc 00019e3d  /system/lib/libc.so (__start_thread+6)
06-19 10:11:06.330 12859 12859 F art     : art/runtime/runtime.cc:422]   (no managed stack frames)
06-19 10:11:06.330 12859 12859 F art     : art/runtime/runtime.cc:422] 
06-19 10:11:06.330 12859 12859 F art     : art/runtime/runtime.cc:422] "Binder:12859_2" prio=10 tid=10 Native
06-19 10:11:06.330 12859 12859 F art     : art/runtime/runtime.cc:422]   | group="" sCount=1 dsCount=0 obj=0x12c1f310 self=0xe958e800
06-19 10:11:06.330 12859 12859 F art     : art/runtime/runtime.cc:422]   | sysTid=12872 nice=0 cgrp=default sched=0/0 handle=0xf1296920
06-19 10:11:06.330 12859 12859 F art     : art/runtime/runtime.cc:422]   | state=S schedstat=( 11523459 4781874 23 ) utm=0 stm=0 core=1 HZ=100
06-19 10:11:06.330 12859 12859 F art     : art/runtime/runtime.cc:422]   | stack=0xf119a000-0xf119c000 stackSize=1014KB
06-19 10:11:06.331 12859 12859 F art     : art/runtime/runtime.cc:422]   | held mutexes=
06-19 10:11:06.331 12859 12859 F art     : art/runtime/runtime.cc:422]   kernel: __switch_to+0x9c/0xa8
06-19 10:11:06.331 12859 12859 F art     : art/runtime/runtime.cc:422]   kernel: binder_thread_read+0x350/0x1080
06-19 10:11:06.331 12859 12859 F art     : art/runtime/runtime.cc:422]   kernel: binder_ioctl_write_read+0x1b4/0x314
06-19 10:11:06.331 12859 12859 F art     : art/runtime/runtime.cc:422]   kernel: binder_ioctl+0x1d0/0x668
06-19 10:11:06.331 12859 12859 F art     : art/runtime/runtime.cc:422]   kernel: compat_SyS_ioctl+0x120/0x1130
06-19 10:11:06.331 12859 12859 F art     : art/runtime/runtime.cc:422]   kernel: el0_svc_naked+0x24/0x28
06-19 10:11:06.331 12859 12859 F art     : art/runtime/runtime.cc:422]   native: #00 pc 00048678  /system/lib/libc.so (__ioctl+8)
06-19 10:11:06.331 12859 12859 F art     : art/runtime/runtime.cc:422]   native: #01 pc 0001ae3f  /system/lib/libc.so (ioctl+38)
06-19 10:11:06.331 12859 12859 F art     : art/runtime/runtime.cc:422]   native: #02 pc 0003ccb7  /system/lib/libbinder.so (_ZN7android14IPCThreadState14talkWithDriverEb+202)
06-19 10:11:06.331 12859 12859 F art     : art/runtime/runtime.cc:422]   native: #03 pc 0003cdcd  /system/lib/libbinder.so (_ZN7android14IPCThreadState20getAndExecuteCommandEv+8)
06-19 10:11:06.331 12859 12859 F art     : art/runtime/runtime.cc:422]   native: #04 pc 0003d34b  /system/lib/libbinder.so (_ZN7android14IPCThreadState14joinThreadPoolEb+46)
06-19 10:11:06.331 12859 12859 F art     : art/runtime/runtime.cc:422]   native: #05 pc 0004f8f5  /system/lib/libbinder.so (???)
06-19 10:11:06.331 12859 12859 F art     : art/runtime/runtime.cc:422]   native: #06 pc 0000e345  /system/lib/libutils.so (_ZN7android6Thread11_threadLoopEPv+140)
06-19 10:11:06.331 12859 12859 F art     : art/runtime/runtime.cc:422]   native: #07 pc 000667e5  /system/lib/libandroid_runtime.so (_ZN7android14AndroidRuntime15javaThreadShellEPv+80)
